 ConEmu

 Timestamp is 56b3a3f7 (Thu Feb 04 22:18:15 2016)

 Preferred load address is 10000000

 Start         Length     Name                   Class
 0001:00000000 0003a4ceH .text                   CODE
 0002:00000000 000003e4H .idata$5                DATA
 0002:000003e4 00000004H .CRT$XCA                DATA
 0002:000003e8 00000004H .CRT$XCZ                DATA
 0002:000003ec 00000004H .CRT$XIA                DATA
 0002:000003f0 0000000cH .CRT$XIC                DATA
 0002:000003fc 00000004H .CRT$XIZ                DATA
 0002:00000400 00000004H .CRT$XPA                DATA
 0002:00000404 00000004H .CRT$XPZ                DATA
 0002:00000408 00000004H .CRT$XTA                DATA
 0002:0000040c 00000004H .CRT$XTZ                DATA
 0002:00000410 00005eebH .rdata                  DATA
 0002:000062fc 0000006fH .rdata$debug            DATA
 0002:0000636c 00000004H .rtc$IAA                DATA
 0002:00006370 00000004H .rtc$IZZ                DATA
 0002:00006374 00000004H .rtc$TAA                DATA
 0002:00006378 00000004H .rtc$TZZ                DATA
 0002:00006380 00000484H .xdata$x                DATA
 0002:00006804 00000078H .idata$2                DATA
 0002:0000687c 00000014H .idata$3                DATA
 0002:00006890 000003e4H .idata$4                DATA
 0002:00006c74 000011e6H .idata$6                DATA
 0002:00007e60 000002ddH .edata                  DATA
 0003:00000000 00000e50H .data                   DATA
 0003:00000e60 0000a084H .bss                    DATA
 0004:00000000 00000058H .rsrc$01                DATA
 0004:00000060 000002d8H .rsrc$02                DATA

  Address         Publics by Value              Rva+Base       Lib:Object

 0000:00000000       ___safe_se_handler_table   00000000     <absolute>
 0000:00000000       ___safe_se_handler_count   00000000     <absolute>
 0000:00000000       __except_list              00000000     <absolute>
 0000:00000000       ___ImageBase               10000000     <linker-defined>
 0001:00000000       ??0CEStr@@QAE@XZ           10001000 f   CEStr.obj
 0001:00000040       ??0CEStr@@QAE@PA_W@Z       10001040 f   CEStr.obj
 0001:00000090       ??4CEStr@@QAEAAU0@PA_W@Z   10001090 f   CEStr.obj
 0001:000000b0       ??4CEStr@@QAEAAU0@PB_W@Z   100010b0 f   CEStr.obj
 0001:000000d0       ??1CEStr@@QAE@XZ           100010d0 f   CEStr.obj
 0001:00000140       ?GetBuffer@CEStr@@QAEPA_WH@Z 10001140 f   CEStr.obj
 0001:00000240       ?Detach@CEStr@@QAEPA_WXZ   10001240 f   CEStr.obj
 0001:00000270       ?Attach@CEStr@@QAEPB_WPA_W@Z 10001270 f   CEStr.obj
 0001:00000290       ?AttachInt@CEStr@@AAEPB_WAAPA_W@Z 10001290 f   CEStr.obj
 0001:00000310       ?Empty@CEStr@@QAEXXZ       10001310 f   CEStr.obj
 0001:00000360       ?IsEmpty@CEStr@@QAE_NXZ    10001360 f   CEStr.obj
 0001:000003a0       ?Set@CEStr@@QAEPB_WPB_WH@Z 100013a0 f   CEStr.obj
 0001:00000430       ?StringCchCopyNW@@YGJPA_WIPB_WI@Z 10001430 f i CEStr.obj
 0001:00000570       ?SavePathVar@CEStr@@QAEXPB_W@Z 10001570 f   CEStr.obj
 0001:000005b0       ?SaveEnvVar@CEStr@@QAEXPB_W0@Z 100015b0 f   CEStr.obj
 0001:00000630       ?SetAt@CEStr@@QAEXH_W@Z    10001630 f   CEStr.obj
 0001:00000660       ?GetPosFrom@CEStr@@QAEXABU1@@Z 10001660 f   CEStr.obj
 0001:000006a0       ?IsNeedDequote@@YI_NPB_W_NPAPB_W@Z 100016a0 f   CmdLine.obj
 0001:00000870       ??BCEStr@@QBEPB_WXZ        10001870 f i CmdLine.obj
 0001:00000880       ?NextArg@@YIHPAPB_WAAUCEStr@@0@Z 10001880 f   CmdLine.obj
 0001:00000cd0       ?NextLine@@YIHPAPB_WAAUCEStr@@K@Z 10001cd0 f   CmdLine.obj
 0001:00000e40       ?AddEndSlash@@YIHPA_WH@Z   10001e40 f   CmdLine.obj
 0001:00000ec0       ?SkipNonPrintable@@YIPB_WPB_W@Z 10001ec0 f   CmdLine.obj
 0001:00000f20       ?CompareFileMask@@YI_NPB_W0@Z 10001f20 f   CmdLine.obj
 0001:000010f0       ?wcschr@@YAPA_WPA_W_W@Z    100020f0 f i CmdLine.obj
 0001:00001110       ?GetDrive@@YIPB_WPB_WPA_WH@Z 10002110 f   CmdLine.obj
 0001:00001310       ?GetDirectory@@YIHAAUCEStr@@@Z 10002310 f   CmdLine.obj
 0001:000013a0       ?IsNeedCmd@@YI_NHPB_WAAUCEStr@@PAPB_WPAH333@Z 100023a0 f   CmdLine.obj
 0001:00001ac0       ?Disable@MWow64Disable@@QAEXXZ 10002ac0 f i CmdLine.obj
 0001:00001af0       ??0MWow64Disable@@QAE@XZ   10002af0 f i CmdLine.obj
 0001:00001b70       ??1MWow64Disable@@QAE@XZ   10002b70 f i CmdLine.obj
 0001:00001b90       ?Restore@MWow64Disable@@QAEXXZ 10002b90 f i CmdLine.obj
 0001:00001bd0       ?IsExecutable@@YI_NPB_WPAPA_W@Z 10002bd0 f   CmdLine.obj
 0001:00001cc0       ?CompareProcessNames@@YI_NPB_W0@Z 10002cc0 f   CmdLine.obj
 0001:00001e40       ?CheckProcessName@@YI_NPB_WPAPB_W1@Z 10002e40 f   CmdLine.obj
 0001:00001f10       ?IsConsoleService@@YI_NPB_W@Z 10002f10 f   CmdLine.obj
 0001:00001f60       ?IsConsoleServer@@YI_NPB_W@Z 10002f60 f   CmdLine.obj
 0001:00001fb0       ?IsGitBashHelper@@YI_NPB_W@Z 10002fb0 f   CmdLine.obj
 0001:00002000       ?IsFarExe@@YI_NPB_W@Z      10003000 f   CmdLine.obj
 0001:00002050       ?IsCmdProcessor@@YI_NPB_W@Z 10003050 f   CmdLine.obj
 0001:000020a0       ?IsQuotationNeeded@@YI_NPB_W@Z 100030a0 f   CmdLine.obj
 0001:000020e0       ?MergeCmdLine@@YIPA_WPB_W0@Z 100030e0 f   CmdLine.obj
 0001:00002170       ?JoinPath@@YIPA_WPB_W00@Z  10003170 f   CmdLine.obj
 0001:000022d0       ?IsFilePath@@YI_NPB_W_N@Z  100032d0 f   CmdLine.obj
 0001:00002490       ?PointToName@@YIPB_WPB_W@Z 10003490 f   CmdLine.obj
 0001:00002520       ?PointToName@@YIPBDPBD@Z   10003520 f   CmdLine.obj
 0001:000025a0       ?PointToExt@@YIPB_WPB_W@Z  100035a0 f   CmdLine.obj
 0001:000025e0       ?Unquote@@YIPB_WPA_W_N@Z   100035e0 f   CmdLine.obj
 0001:00002670       ?wcsrchr@@YAPA_WPA_W_W@Z   10003670 f i CmdLine.obj
 0001:00002690       ?IsNewConsoleArg@@YI_NPB_W0@Z 10003690 f   CmdLine.obj
 0001:00002770       ?PackInputRecord@@YIHPBU_INPUT_RECORD@@PAUMsgStr@MSG64@@@Z 10003770 f   Common.obj
 0001:00002980       ?UnpackInputRecord@@YIHPBUMsgStr@MSG64@@PAU_INPUT_RECORD@@@Z 10003980 f   Common.obj
 0001:00002be0       ?TranslateKeyPress@@YIXGK_WHPAU_INPUT_RECORD@@1@Z 10003be0 f   Common.obj
 0001:00002dd0       ?GetCommand@CESERVER_REQ_NEWCMD@@QAEPA_WXZ 10003dd0 f   Common.obj
 0001:00002e10       ?GetEnvStrings@CESERVER_REQ_NEWCMD@@QAEPA_WXZ 10003e10 f   Common.obj
 0001:00002e60       ?SetCommand@CESERVER_REQ_NEWCMD@@QAEXPB_W@Z 10003e60 f   Common.obj
 0001:00002ee0       ?SetEnvStrings@CESERVER_REQ_NEWCMD@@QAEXPB_WK@Z 10003ee0 f   Common.obj
 0001:00003000       ?IsEnvBlockVariableValid@@YI_NPB_WAAPB_W@Z 10004000 f   Common.obj
 0001:00003060       ?IsEnvBlockVariableValid@@YI_NPB_W@Z 10004060 f   Common.obj
 0001:000030a0       ?CommonShutdown@@YIXXZ     100040a0 f   Common.obj
 0001:000030d0       ?ModuleName@@YIPB_WPB_W@Z  100040d0 f   ConEmuCheck.obj
 0001:000031b0       ?ExecuteOpenPipe@@YIPAXPB_WAAY0CAI@_W0KKHPAXH@Z 100041b0 f   ConEmuCheck.obj
 0001:000033d0       ?ExecutePrepareCmd@@YIXPAUCESERVER_REQ@@KI@Z 100043d0 f   ConEmuCheck.obj
 0001:00003420       ?ExecutePrepareCmd@@YIXPAUCESERVER_REQ_HDR@@KI@Z 10004420 f   ConEmuCheck.obj
 0001:000034c0       ?ExecuteNewCmd@@YIPAUCESERVER_REQ@@KI@Z 100044c0 f   ConEmuCheck.obj
 0001:00003520       ?ExecuteNewCmd@@YI_NAAPAUCESERVER_REQ@@AAKKI@Z 10004520 f   ConEmuCheck.obj
 0001:000035a0       ?LoadSrvMapping@@YIHPAUHWND__@@AAUCESERVER_CONSOLE_MAPPING_HDR@@@Z 100045a0 f   ConEmuCheck.obj
 0001:000036d0       ?LoadGuiMapping@@YIHKAAUConEmuGuiMapping@@@Z 100046d0 f   ConEmuCheck.obj
 0001:000037f0       ?ExecuteNewCmdOnCreate@@YIPAUCESERVER_REQ@@PAUCESERVER_CONSOLE_MAPPING_HDR@@PAUHWND__@@W4CmdOnCreateType@@PB_W33PAK444HHPAX55@Z 100047f0 f   ConEmuCheck.obj
 0001:00003b80       ?StringCchCopyW@@YGJPA_WIPB_W@Z 10004b80 f i ConEmuCheck.obj
 0001:00003cb0       ?ExecuteGuiCmd@@YIPAUCESERVER_REQ@@PAUHWND__@@PAU1@0H@Z 10004cb0 f   ConEmuCheck.obj
 0001:00003d40       ?ExecuteSrvCmd@@YIPAUCESERVER_REQ@@KPAU1@PAUHWND__@@HKH@Z 10004d40 f   ConEmuCheck.obj
 0001:00003de0       ?ExecuteHkCmd@@YIPAUCESERVER_REQ@@KPAU1@PAUHWND__@@HH@Z 10004de0 f   ConEmuCheck.obj
 0001:00003e80       ?ExecuteCmd@@YIPAUCESERVER_REQ@@PB_WPAU1@KPAUHWND__@@HKH@Z 10004e80 f   ConEmuCheck.obj
 0001:000041b0       ?ExecuteFreeResult@@YIXAAPAUCESERVER_REQ@@@Z 100051b0 f   ConEmuCheck.obj
 0001:000041f0       ?AllocateSendCurrentDirectory@@YI_NAAPAUCESERVER_REQ@@AAKPB_W2@Z 100051f0 f   ConEmuCheck.obj
 0001:00004300       ?SendCurrentDirectory@@YIXPAUHWND__@@PB_W1@Z 10005300 f   ConEmuCheck.obj
 0001:00004360       ?isConsoleClass@@YI_NPB_W@Z 10005360 f   ConEmuCheck.obj
 0001:000043b0       ?isConsoleWindow@@YI_NPAUHWND__@@@Z 100053b0 f   ConEmuCheck.obj
 0001:000044b0       ?myGetConsoleWindow@@YIPAUHWND__@@XZ 100054b0 f   ConEmuCheck.obj
 0001:000045b0       ?GetConEmuHWND@@YIPAUHWND__@@H@Z 100055b0 f   ConEmuCheck.obj
 0001:00004760       ??BHWND2@@QBEPAUHWND__@@XZ 10005760 f i ConEmuCheck.obj
 0001:00004770       ??BHWND2@@QBEKXZ           10005770 f i ConEmuCheck.obj
 0001:00004780       ?ConEmuCheck@@YIHPAPAUHWND__@@@Z 10005780 f   ConEmuCheck.obj
 0001:000047c0       ?GuiMessageBox@@YIHPAUHWND__@@PB_W1H@Z 100057c0 f   ConEmuCheck.obj
 0001:00004980       ?InitName@?$MFileMapping@UCESERVER_CONSOLE_MAPPING_HDR@@@@QAEPB_WPB_WKK@Z 10005980 f i ConEmuCheck.obj
 0001:000049d0       ?CloseMap@?$MFileMapping@UCESERVER_CONSOLE_MAPPING_HDR@@@@QAEXXZ 100059d0 f i ConEmuCheck.obj
 0001:00004a40       ?Open@?$MFileMapping@UCESERVER_CONSOLE_MAPPING_HDR@@@@QAEPAUCESERVER_CONSOLE_MAPPING_HDR@@HH@Z 10005a40 f i ConEmuCheck.obj
 0001:00004a60       ??0?$MFileMapping@UCESERVER_CONSOLE_MAPPING_HDR@@@@QAE@XZ 10005a60 f i ConEmuCheck.obj
 0001:00004ac0       ??1?$MFileMapping@UCESERVER_CONSOLE_MAPPING_HDR@@@@QAE@XZ 10005ac0 f i ConEmuCheck.obj
 0001:00004ae0       ?InitName@?$MFileMapping@UConEmuGuiMapping@@@@QAEPB_WPB_WKK@Z 10005ae0 f i ConEmuCheck.obj
 0001:00004b30       ?CloseMap@?$MFileMapping@UConEmuGuiMapping@@@@QAEXXZ 10005b30 f i ConEmuCheck.obj
 0001:00004ba0       ?Open@?$MFileMapping@UConEmuGuiMapping@@@@QAEPAUConEmuGuiMapping@@HH@Z 10005ba0 f i ConEmuCheck.obj
 0001:00004bc0       ??0?$MFileMapping@UConEmuGuiMapping@@@@QAE@XZ 10005bc0 f i ConEmuCheck.obj
 0001:00004c20       ??1?$MFileMapping@UConEmuGuiMapping@@@@QAE@XZ 10005c20 f i ConEmuCheck.obj
 0001:00004c40       ?ClosePtr@?$MFileMapping@UCESERVER_CONSOLE_MAPPING_HDR@@@@QAEXXZ 10005c40 f i ConEmuCheck.obj
 0001:00004c70       ?InternalOpenCreate@?$MFileMapping@UCESERVER_CONSOLE_MAPPING_HDR@@@@IAEPAUCESERVER_CONSOLE_MAPPING_HDR@@HHH@Z 10005c70 f i ConEmuCheck.obj
 0001:00004e50       ?ClosePtr@?$MFileMapping@UConEmuGuiMapping@@@@QAEXXZ 10005e50 f i ConEmuCheck.obj
 0001:00004e90       ?InternalOpenCreate@?$MFileMapping@UConEmuGuiMapping@@@@IAEPAUConEmuGuiMapping@@HHH@Z 10005e90 f i ConEmuCheck.obj
 0001:00005070       ??$wcscpy_c@$0CA@@@YIHAAY0CA@_WPB_W@Z 10006070 f i ConEmuCheck.obj
 0001:000050a0       ??$wcscpy_c@$0CAI@@@YIHAAY0CAI@_WPB_W@Z 100060a0 f i ConEmuCheck.obj
 0001:000050d0       ?LoadGuiMapping@@YIHPAUHWND__@@AAUConEmuGuiMapping@@@Z 100060d0 f   ConEmuCheckEx.obj
 0001:00005110       ?IsConEmuExeExist@@YIHPB_WAAY0BAF@_W@Z 10006110 f   ConEmuCheckEx.obj
 0001:000051c0       ?FindConEmuBaseDir@@YIHAAY0BAF@_W0PAUHINSTANCE__@@@Z 100061c0 f   ConEmuCheckEx.obj
 0001:00005760       ??$wcscpy_c@$0BAF@@@YIHAAY0BAF@_WPB_W@Z 10006760 f i ConEmuCheckEx.obj
 0001:00005870       ??$wcscpy_add@$0BAF@@@YIHPA_WAAY0BAF@_WPB_W@Z 10006870 f i ConEmuCheckEx.obj
 0001:000058c0       ??$wcscat_c@$0BAF@@@YIHAAY0BAF@_WPB_W@Z 100068c0 f i ConEmuCheckEx.obj
 0001:000058f0       ?StringCchCatW@@YGJPA_WIPB_W@Z 100068f0 f i ConEmuCheckEx.obj
 0001:00005a10       ?StartupHooks@@YI_NPAUHINSTANCE__@@@Z 10006a10 f   ConEmuInjects.obj
 0001:00005de0       ?ShutdownHooks@@YIXXZ      10006de0 f   ConEmuInjects.obj
 0001:00005f90       ??$wcscpy_c@$0EA@@@YIHAAY0EA@_WPB_W@Z 10006f90 f i ConEmuInjects.obj
 0001:000060a0       _DllMain@12                100070a0 f   ConEmuPlugin.obj
 0001:000060e0       ?GetPluginInfo@@YGXPAX@Z   100070e0 f   ConEmuPlugin.obj
 0001:00006150       ?GetPluginInfoW@@YGXPAX@Z  10007150 f   ConEmuPlugin.obj
 0001:00006180       ?IsConsoleActive@@YGHXZ    10007180 f   ConEmuPlugin.obj
 0001:000061e0       ?GetFarHWND2@@YGPAUHWND__@@H@Z 100071e0 f   ConEmuPlugin.obj
 0001:00006250       ?GetFarHWND@@YGPAUHWND__@@XZ 10007250 f   ConEmuPlugin.obj
 0001:00006260       ?IsTerminalMode@@YGHXZ     10007260 f   ConEmuPlugin.obj
 0001:00006270       ?GetFarVersion@@YGXPAUFarVersion@@@Z 10007270 f   ConEmuPlugin.obj
 0001:000062a0       ?RegisterPanelView@@YGHPAUPanelViewInit@@@Z 100072a0 f   ConEmuPlugin.obj
 0001:00006490       ?RegisterBackground@@YGHPAURegisterBackgroundArg@@@Z 10007490 f   ConEmuPlugin.obj
 0001:00006520       ?SyncExecute@@YGHPAUHINSTANCE__@@P6GXJ@ZJ@Z 10007520 f   ConEmuPlugin.obj
 0001:00006570       ?ActivateConsole@@YGHXZ    10007570 f   ConEmuPlugin.obj
 0001:00006600       ??4HWND2@@QAEAAU0@PAUHWND__@@@Z 10007600 f i ConEmuPlugin.obj
 0001:00006620       ?SetStartupInfo@@YGXPAX@Z  10007620 f   ConEmuPlugin.obj
 0001:00006690       _SetStartupInfoW@4         10007690 f   ConEmuPlugin.obj
 0001:000066c0       ?GetMinFarVersion@@YGHXZ   100076c0 f   ConEmuPlugin.obj
 0001:00006710       _GetMinFarVersionW@0       10007710 f   ConEmuPlugin.obj
 0001:00006720       _ProcessSynchroEventW@8    10007720 f   ConEmuPlugin.obj
 0001:00006740       ?ProcessSynchroEventW3@@YGHPAX@Z 10007740 f   ConEmuPlugin.obj
 0001:00006770       ?ProcessEditorEvent@@YGHHPAX@Z 10007770 f   ConEmuPlugin.obj
 0001:00006790       _ProcessEditorEventW@8     10007790 f   ConEmuPlugin.obj
 0001:000067b0       ?ProcessEditorEventW3@@YGHPAX@Z 100077b0 f   ConEmuPlugin.obj
 0001:000067e0       ?ProcessViewerEvent@@YGHHPAX@Z 100077e0 f   ConEmuPlugin.obj
 0001:00006800       _ProcessViewerEventW@8     10007800 f   ConEmuPlugin.obj
 0001:00006820       ?ProcessViewerEventW3@@YGHPAX@Z 10007820 f   ConEmuPlugin.obj
 0001:00006850       ?ProcessEditorInput@@YGHPBU_INPUT_RECORD@@@Z 10007850 f   ConEmuPlugin.obj
 0001:00006870       _ProcessEditorInputW@4     10007870 f   ConEmuPlugin.obj
 0001:000068a0       ?OpenPlugin@@YGPAXHH@Z     100078a0 f   ConEmuPlugin.obj
 0001:000068c0       _OpenPluginW@8             100078c0 f   ConEmuPlugin.obj
 0001:00006900       ?OpenW@@YGPAXPBX@Z         10007900 f   ConEmuPlugin.obj
 0001:00006930       ?ExitFAR@@YGXXZ            10007930 f   ConEmuPlugin.obj
 0001:00006980       _ExitFARW@0                10007980 f   ConEmuPlugin.obj
 0001:000069d0       ?ExitFARW3@@YGXPAX@Z       100079d0 f   ConEmuPlugin.obj
 0001:00006a30       ?SetupExportsFar3@@YIXXZ   10007a30 f   ConEmuPlugin.obj
 0001:00006c50       ?_calloc@@YIPAXII@Z        10007c50 f   ConEmuPlugin.obj
 0001:00006c70       ?_malloc@@YIPAXI@Z         10007c70 f   ConEmuPlugin.obj
 0001:00006c90       ?_free@@YIXPAX@Z           10007c90 f   ConEmuPlugin.obj
 0001:00006cb0       ??0CPluginW1900@@QAE@XZ    10007cb0 f   ConEmuPlugin1900.obj
 0001:00006f40       ??_GCPluginW1900@@UAEPAXI@Z 10007f40 f i ConEmuPlugin1900.obj
 0001:00006f40       ??_ECPluginW1900@@UAEPAXI@Z 10007f40 f i ConEmuPlugin1900.obj
 0001:00006f70       ??1CPluginW1900@@UAE@XZ    10007f70 f i ConEmuPlugin1900.obj
 0001:00006f90       ?ProcessEditorEventPtr@CPluginW1900@@UAEHPAX@Z 10007f90 f   ConEmuPlugin1900.obj
 0001:00006fc0       ?ProcessViewerEventPtr@CPluginW1900@@UAEHPAX@Z 10007fc0 f   ConEmuPlugin1900.obj
 0001:00006ff0       ?ProcessSynchroEventPtr@CPluginW1900@@UAEHPAX@Z 10007ff0 f   ConEmuPlugin1900.obj
 0001:00007020       ?GetPanelDir@CPluginW1900@@UAEPA_WKPA_WH@Z 10008020 f   ConEmuPlugin1900.obj
 0001:000071b0       ?GetPanelInfo@CPluginW1900@@UAE_NKPAUCEPanelInfo@@@Z 100081b0 f   ConEmuPlugin1900.obj
 0001:00007630       ?GetPanelItemInfo@CPluginW1900@@UAE_NABUCEPanelInfo@@_NHAAU_WIN32_FIND_DATAW@@PAPA_W@Z 10008630 f   ConEmuPlugin1900.obj
 0001:00007860       ?PanelControlApi@CPluginW1900@@UAEHPAXHH0@Z 10008860 f   ConEmuPlugin1900.obj
 0001:000078b0       ?GetPluginInfoPtr@CPluginW1900@@UAEXPAX@Z 100088b0 f   ConEmuPlugin1900.obj
 0001:00007930       ?SetStartupInfoPtr@CPluginW1900@@UAEXPAX@Z 10008930 f   ConEmuPlugin1900.obj
 0001:00007aa0       ?GetEditorModifiedState@CPluginW1900@@UAEKXZ 10008aa0 f   ConEmuPlugin1900.obj
 0001:00007ae0       ?ProcessEditorInputPtr@CPluginW1900@@UAEHPBX@Z 10008ae0 f   ConEmuPlugin1900.obj
 0001:00007b20       ?GetWindowCount@CPluginW1900@@UAEHXZ 10008b20 f   ConEmuPlugin1900.obj
 0001:00007b70       ?UpdateConEmuTabsApi@CPluginW1900@@UAE_NH@Z 10008b70 f   ConEmuPlugin1900.obj
 0001:00008150       ?ExitFar@CPluginW1900@@UAEXXZ 10009150 f   ConEmuPlugin1900.obj
 0001:000081e0       ?ShowMessage@CPluginW1900@@UAEHPB_WH_N@Z 100091e0 f   ConEmuPlugin1900.obj
 0001:00008290       ?GetMsg@CPluginW1900@@UAEPB_WHPA_WI@Z 10009290 f   ConEmuPlugin1900.obj
 0001:00008310       ?SetWindow@CPluginW1900@@UAEXH@Z 10009310 f   ConEmuPlugin1900.obj
 0001:00008370       ?PostMacroApi@CPluginW1900@@UAEXPB_WPAU_INPUT_RECORD@@_N@Z 10009370 f   ConEmuPlugin1900.obj
 0001:00008ac0       ?wcsstr@@YAPA_WPA_WPB_W@Z  10009ac0 f i ConEmuPlugin1900.obj
 0001:00008ae0       ?ShowPluginMenu@CPluginW1900@@UAEHPAUConEmuPluginMenuItem@@HH@Z 10009ae0 f   ConEmuPlugin1900.obj
 0001:00008cd0       ?OpenEditor@CPluginW1900@@UAE_NPB_W_N11HH@Z 10009cd0 f   ConEmuPlugin1900.obj
 0001:00008e20       ?ExecuteSynchroApi@CPluginW1900@@UAE_NXZ 10009e20 f   ConEmuPlugin1900.obj
 0001:00008e60       ?WaitEndSynchro@CPluginW1900@@UAEXXZ 10009e60 f   ConEmuPlugin1900.obj
 0001:00008e70       ?StopWaitEndSynchro@CPluginW1900@@UAEXXZ 10009e70 f   ConEmuPlugin1900.obj
 0001:00008e80       ?IsMacroActive@CPluginW1900@@UAE_NXZ 10009e80 f   ConEmuPlugin1900.obj
 0001:00008ed0       ?GetMacroArea@CPluginW1900@@UAEHXZ 10009ed0 f   ConEmuPlugin1900.obj
 0001:00008f00       ?RedrawAll@CPluginW1900@@UAEXXZ 10009f00 f   ConEmuPlugin1900.obj
 0001:00008f40       ?InputBox@CPluginW1900@@UAE_NPB_W000AAPA_W@Z 10009f40 f   ConEmuPlugin1900.obj
 0001:00008fc0       ?ShowUserScreen@CPluginW1900@@UAEX_N@Z 10009fc0 f   ConEmuPlugin1900.obj
 0001:00009010       ?LoadFarColors@CPluginW1900@@UAEXAAY0BAA@E@Z 1000a010 f   ConEmuPlugin1900.obj
 0001:000091d0       ?FarColor_3_2@@YIEABUFarColor@@@Z 1000a1d0 f i ConEmuPlugin1900.obj
 0001:000092e0       ?Color2FgIndex@Far3Color@@SIXKAAGPBK@Z 1000a2e0 f i ConEmuPlugin1900.obj
 0001:00009420       ?Max@Far3Color@@SIHHH@Z    1000a420 f i ConEmuPlugin1900.obj
 0001:00009450       ?GetStdIndex@Far3Color@@SIHKPBK@Z 1000a450 f i ConEmuPlugin1900.obj
 0001:000094b0       ?GetStdPalette@Far3Color@@SIPBKXZ 1000a4b0 f i ConEmuPlugin1900.obj
 0001:000094c0       ?Color2BgIndex@Far3Color@@SIXKHAAGPBK@Z 1000a4c0 f i ConEmuPlugin1900.obj
 0001:00009630       ?LoadFarSettings@CPluginW1900@@UAEXPAUCEFarInterfaceSettings@@PAUCEFarPanelSettings@@@Z 1000a630 f   ConEmuPlugin1900.obj
 0001:00009840       ?GetFarRect@CPluginW1900@@UAE_NAAU_SMALL_RECT@@@Z 1000a840 f   ConEmuPlugin1900.obj
 0001:000098b0       ?CheckPanelExist@CPluginW1900@@UAE_NXZ 1000a8b0 f   ConEmuPlugin1900.obj
 0001:00009900       ?GetActiveWindowType@CPluginW1900@@UAEHXZ 1000a900 f   ConEmuPlugin1900.obj
 0001:000099c0       ?GetWindowTypeName@CPluginW1900@@UAEPB_WH@Z 1000a9c0 f   ConEmuPlugin1900.obj
 0001:00009a50       ?GuiMacroDlg@CPluginW1900@@UAEXXZ 1000aa50 f   ConEmuPlugin1900.obj
 0001:0000a030       ?Open@CPluginW1900@@UAEPAXPBX@Z 1000b030 f   ConEmuPlugin1900.obj
 0001:0000a1d0       _GetGlobalInfoW@4          1000b1d0 f   ConEmuPlugin2800.obj
 0001:0000a3b0       ??0CPluginW2800@@QAE@XZ    1000b3b0 f   ConEmuPlugin2800.obj
 0001:0000a640       ??_GCPluginW2800@@UAEPAXI@Z 1000b640 f i ConEmuPlugin2800.obj
 0001:0000a640       ??_ECPluginW2800@@UAEPAXI@Z 1000b640 f i ConEmuPlugin2800.obj
 0001:0000a670       ??1CPluginW2800@@UAE@XZ    1000b670 f i ConEmuPlugin2800.obj
 0001:0000a690       ?GetPanelDir@CPluginW2800@@UAEPA_WKPA_WH@Z 1000b690 f   ConEmuPlugin2800.obj
 0001:0000a820       ?GetPanelInfo@CPluginW2800@@UAE_NKPAUCEPanelInfo@@@Z 1000b820 f   ConEmuPlugin2800.obj
 0001:0000aca0       ?GetPanelItemInfo@CPluginW2800@@UAE_NABUCEPanelInfo@@_NHAAU_WIN32_FIND_DATAW@@PAPA_W@Z 1000bca0 f   ConEmuPlugin2800.obj
 0001:0000aed0       ?PanelControlApi@CPluginW2800@@UAEHPAXHH0@Z 1000bed0 f   ConEmuPlugin2800.obj
 0001:0000af20       ?GetPluginInfoPtr@CPluginW2800@@UAEXPAX@Z 1000bf20 f   ConEmuPlugin2800.obj
 0001:0000afa0       ?SetStartupInfoPtr@CPluginW2800@@UAEXPAX@Z 1000bfa0 f   ConEmuPlugin2800.obj
 0001:0000b110       ?GetEditorModifiedState@CPluginW2800@@UAEKXZ 1000c110 f   ConEmuPlugin2800.obj
 0001:0000b150       ?ProcessEditorEventPtr@CPluginW2800@@UAEHPAX@Z 1000c150 f   ConEmuPlugin2800.obj
 0001:0000b180       ?ProcessViewerEventPtr@CPluginW2800@@UAEHPAX@Z 1000c180 f   ConEmuPlugin2800.obj
 0001:0000b1b0       ?ProcessSynchroEventPtr@CPluginW2800@@UAEHPAX@Z 1000c1b0 f   ConEmuPlugin2800.obj
 0001:0000b1e0       ?ProcessEditorInputPtr@CPluginW2800@@UAEHPBX@Z 1000c1e0 f   ConEmuPlugin2800.obj
 0001:0000b220       ?GetWindowCount@CPluginW2800@@UAEHXZ 1000c220 f   ConEmuPlugin2800.obj
 0001:0000b270       ?UpdateConEmuTabsApi@CPluginW2800@@UAE_NH@Z 1000c270 f   ConEmuPlugin2800.obj
 0001:0000baf0       ?ExitFar@CPluginW2800@@UAEXXZ 1000caf0 f   ConEmuPlugin2800.obj
 0001:0000bb80       ?ShowMessage@CPluginW2800@@UAEHPB_WH_N@Z 1000cb80 f   ConEmuPlugin2800.obj
 0001:0000bc30       ?GetMsg@CPluginW2800@@UAEPB_WHPA_WI@Z 1000cc30 f   ConEmuPlugin2800.obj
 0001:0000bcb0       ?SetWindow@CPluginW2800@@UAEXH@Z 1000ccb0 f   ConEmuPlugin2800.obj
 0001:0000bda0       ?PostMacroApi@CPluginW2800@@UAEXPB_WPAU_INPUT_RECORD@@_N@Z 1000cda0 f   ConEmuPlugin2800.obj
 0001:0000c140       ?ShowPluginMenu@CPluginW2800@@UAEHPAUConEmuPluginMenuItem@@HH@Z 1000d140 f   ConEmuPlugin2800.obj
 0001:0000c330       ?OpenEditor@CPluginW2800@@UAE_NPB_W_N11HH@Z 1000d330 f   ConEmuPlugin2800.obj
 0001:0000c480       ?ExecuteSynchroApi@CPluginW2800@@UAE_NXZ 1000d480 f   ConEmuPlugin2800.obj
 0001:0000c4c0       ?WaitEndSynchro@CPluginW2800@@UAEXXZ 1000d4c0 f   ConEmuPlugin2800.obj
 0001:0000c4d0       ?StopWaitEndSynchro@CPluginW2800@@UAEXXZ 1000d4d0 f   ConEmuPlugin2800.obj
 0001:0000c4e0       ?IsMacroActive@CPluginW2800@@UAE_NXZ 1000d4e0 f   ConEmuPlugin2800.obj
 0001:0000c530       ?GetMacroArea@CPluginW2800@@UAEHXZ 1000d530 f   ConEmuPlugin2800.obj
 0001:0000c560       ?RedrawAll@CPluginW2800@@UAEXXZ 1000d560 f   ConEmuPlugin2800.obj
 0001:0000c5a0       ?InputBox@CPluginW2800@@UAE_NPB_W000AAPA_W@Z 1000d5a0 f   ConEmuPlugin2800.obj
 0001:0000c620       ?ShowUserScreen@CPluginW2800@@UAEX_N@Z 1000d620 f   ConEmuPlugin2800.obj
 0001:0000c670       ?LoadFarColors@CPluginW2800@@UAEXAAY0BAA@E@Z 1000d670 f   ConEmuPlugin2800.obj
 0001:0000c830       ?LoadFarSettings@CPluginW2800@@UAEXPAUCEFarInterfaceSettings@@PAUCEFarPanelSettings@@@Z 1000d830 f   ConEmuPlugin2800.obj
 0001:0000ca40       ?GetFarRect@CPluginW2800@@UAE_NAAU_SMALL_RECT@@@Z 1000da40 f   ConEmuPlugin2800.obj
 0001:0000cab0       ?CheckPanelExist@CPluginW2800@@UAE_NXZ 1000dab0 f   ConEmuPlugin2800.obj
 0001:0000cb00       ?GetActiveWindowType@CPluginW2800@@UAEHXZ 1000db00 f   ConEmuPlugin2800.obj
 0001:0000cbd0       ?GetWindowTypeName@CPluginW2800@@UAEPB_WH@Z 1000dbd0 f   ConEmuPlugin2800.obj
 0001:0000cc60       ?GuiMacroDlg@CPluginW2800@@UAEXXZ 1000dc60 f   ConEmuPlugin2800.obj
 0001:0000d1d0       ?Open@CPluginW2800@@UAEPAXPBX@Z 1000e1d0 f   ConEmuPlugin2800.obj
 0001:0000d400       ??0FarMacroValue@@QAE@XZ   1000e400 f i ConEmuPlugin2800.obj
 0001:0000d440       ??0?$MArray@UWindowInfo@@@@QAE@XZ 1000e440 f i ConEmuPlugin2800.obj
 0001:0000d480       ??1?$MArray@UWindowInfo@@@@QAE@XZ 1000e480 f i ConEmuPlugin2800.obj
 0001:0000d4a0       ??A?$MArray@UWindowInfo@@@@QBEABUWindowInfo@@H@Z 1000e4a0 f i ConEmuPlugin2800.obj
 0001:0000d4c0       ??A?$MArray@UWindowInfo@@@@QAEAAUWindowInfo@@H@Z 1000e4c0 f i ConEmuPlugin2800.obj
 0001:0000d4e0       ?push_back@?$MArray@UWindowInfo@@@@QAEHABUWindowInfo@@@Z 1000e4e0 f i ConEmuPlugin2800.obj
 0001:0000d570       ?insert@?$MArray@UWindowInfo@@@@QAEXHABUWindowInfo@@@Z 1000e570 f i ConEmuPlugin2800.obj
 0001:0000d630       ?clear@?$MArray@UWindowInfo@@@@QAEXXZ 1000e630 f i ConEmuPlugin2800.obj
 0001:0000d680       ?erase@?$MArray@UWindowInfo@@@@QAEXH@Z 1000e680 f i ConEmuPlugin2800.obj
 0001:0000d710       ?size@?$MArray@UWindowInfo@@@@QBEHXZ 1000e710 f i ConEmuPlugin2800.obj
 0001:0000d730       ?addsize@?$MArray@UWindowInfo@@@@QAEXH@Z 1000e730 f i ConEmuPlugin2800.obj
 0001:0000d820       ??0CPluginW995@@QAE@XZ     1000e820 f   ConEmuPlugin995.obj
 0001:0000dab0       ?Open@CPluginW995@@UAEPAXPBX@Z 1000eab0 f i ConEmuPlugin995.obj
 0001:0000dad0       ?ProcessEditorEventPtr@CPluginW995@@UAEHPAX@Z 1000ead0 f i ConEmuPlugin995.obj
 0001:0000dae0       ?ProcessSynchroEventPtr@CPluginW995@@UAEHPAX@Z 1000eae0 f i ConEmuPlugin995.obj
 0001:0000daf0       ?ProcessViewerEventPtr@CPluginW995@@UAEHPAX@Z 1000eaf0 f i ConEmuPlugin995.obj
 0001:0000db00       ??_GCPluginW995@@UAEPAXI@Z 1000eb00 f i ConEmuPlugin995.obj
 0001:0000db00       ??_ECPluginW995@@UAEPAXI@Z 1000eb00 f i ConEmuPlugin995.obj
 0001:0000db30       ??1CPluginW995@@UAE@XZ     1000eb30 f i ConEmuPlugin995.obj
 0001:0000db50       ?GetPanelDir@CPluginW995@@UAEPA_WKPA_WH@Z 1000eb50 f   ConEmuPlugin995.obj
 0001:0000dc80       ?GetPanelInfo@CPluginW995@@UAE_NKPAUCEPanelInfo@@@Z 1000ec80 f   ConEmuPlugin995.obj
 0001:0000df60       ?GetPanelItemInfo@CPluginW995@@UAE_NABUCEPanelInfo@@_NHAAU_WIN32_FIND_DATAW@@PAPA_W@Z 1000ef60 f   ConEmuPlugin995.obj
 0001:0000e170       ?PanelControlApi@CPluginW995@@UAEHPAXHH0@Z 1000f170 f   ConEmuPlugin995.obj
 0001:0000e1c0       ?GetPluginInfoPtr@CPluginW995@@UAEXPAX@Z 1000f1c0 f   ConEmuPlugin995.obj
 0001:0000e260       ?SetStartupInfoPtr@CPluginW995@@UAEXPAX@Z 1000f260 f   ConEmuPlugin995.obj
 0001:0000e410       ?GetEditorModifiedState@CPluginW995@@UAEKXZ 1000f410 f   ConEmuPlugin995.obj
 0001:0000e450       ?ProcessEditorInputPtr@CPluginW995@@UAEHPBX@Z 1000f450 f   ConEmuPlugin995.obj
 0001:0000e480       ?GetWindowCount@CPluginW995@@UAEHXZ 1000f480 f   ConEmuPlugin995.obj
 0001:0000e4d0       ?UpdateConEmuTabsApi@CPluginW995@@UAE_NH@Z 1000f4d0 f   ConEmuPlugin995.obj
 0001:0000e7b0       ?ExitFar@CPluginW995@@UAEXXZ 1000f7b0 f   ConEmuPlugin995.obj
 0001:0000e840       ?ShowMessage@CPluginW995@@UAEHPB_WH_N@Z 1000f840 f   ConEmuPlugin995.obj
 0001:0000e8c0       ?GetMsg@CPluginW995@@UAEPB_WHPA_WI@Z 1000f8c0 f   ConEmuPlugin995.obj
 0001:0000e940       ?SetWindow@CPluginW995@@UAEXH@Z 1000f940 f   ConEmuPlugin995.obj
 0001:0000e9a0       ?PostMacroApi@CPluginW995@@UAEXPB_WPAU_INPUT_RECORD@@_N@Z 1000f9a0 f   ConEmuPlugin995.obj
 0001:0000ea70       ?ShowPluginMenu@CPluginW995@@UAEHPAUConEmuPluginMenuItem@@HH@Z 1000fa70 f   ConEmuPlugin995.obj
 0001:0000ec00       ?OpenEditor@CPluginW995@@UAE_NPB_W_N11HH@Z 1000fc00 f   ConEmuPlugin995.obj
 0001:0000ed20       ?ExecuteSynchroApi@CPluginW995@@UAE_NXZ 1000fd20 f   ConEmuPlugin995.obj
 0001:0000ed60       ?WaitEndSynchro@CPluginW995@@UAEXXZ 1000fd60 f   ConEmuPlugin995.obj
 0001:0000ef10       ?StopWaitEndSynchro@CPluginW995@@UAEXXZ 1000ff10 f   ConEmuPlugin995.obj
 0001:0000ef40       ?IsMacroActive@CPluginW995@@UAE_NXZ 1000ff40 f   ConEmuPlugin995.obj
 0001:0000efa0       ?GetMacroArea@CPluginW995@@UAEHXZ 1000ffa0 f   ConEmuPlugin995.obj
 0001:0000efe0       ?RedrawAll@CPluginW995@@UAEXXZ 1000ffe0 f   ConEmuPlugin995.obj
 0001:0000f020       ?InputBox@CPluginW995@@UAE_NPB_W000AAPA_W@Z 10010020 f   ConEmuPlugin995.obj
 0001:0000f090       ?ShowUserScreen@CPluginW995@@UAEX_N@Z 10010090 f   ConEmuPlugin995.obj
 0001:0000f0e0       ?LoadFarColors@CPluginW995@@UAEXAAY0BAA@E@Z 100100e0 f   ConEmuPlugin995.obj
 0001:0000f1c0       ?LoadFarSettings@CPluginW995@@UAEXPAUCEFarInterfaceSettings@@PAUCEFarPanelSettings@@@Z 100101c0 f   ConEmuPlugin995.obj
 0001:0000f230       ?GetFarRect@CPluginW995@@UAE_NAAU_SMALL_RECT@@@Z 10010230 f   ConEmuPlugin995.obj
 0001:0000f2a0       ?CheckPanelExist@CPluginW995@@UAE_NXZ 100102a0 f   ConEmuPlugin995.obj
 0001:0000f2f0       ?GetActiveWindowType@CPluginW995@@UAEHXZ 100102f0 f   ConEmuPlugin995.obj
 0001:0000f3c0       ?GetWindowTypeName@CPluginW995@@UAEPB_WH@Z 100103c0 f   ConEmuPlugin995.obj
 0001:0000f450       ?GuiMacroDlg@CPluginW995@@UAEXXZ 10010450 f   ConEmuPlugin995.obj
 0001:0000f9a0       ??0CPluginAnsi@@QAE@XZ     100109a0 f   ConEmuPluginA.obj
 0001:0000fc00       ?ExecuteSynchroApi@CPluginAnsi@@UAE_NXZ 10010c00 f i ConEmuPluginA.obj
 0001:0000fc10       ?GetFarRect@CPluginAnsi@@UAE_NAAU_SMALL_RECT@@@Z 10010c10 f i ConEmuPluginA.obj
 0001:0000fc20       ?Open@CPluginAnsi@@UAEPAXPBX@Z 10010c20 f i ConEmuPluginA.obj
 0001:0000fc40       ?ProcessEditorEventPtr@CPluginAnsi@@UAEHPAX@Z 10010c40 f i ConEmuPluginA.obj
 0001:0000fc50       ?ProcessEditorInputPtr@CPluginAnsi@@UAEHPBX@Z 10010c50 f i ConEmuPluginA.obj
 0001:0000fc60       ?ProcessSynchroEventPtr@CPluginAnsi@@UAEHPAX@Z 10010c60 f i ConEmuPluginA.obj
 0001:0000fc70       ?ProcessViewerEventPtr@CPluginAnsi@@UAEHPAX@Z 10010c70 f i ConEmuPluginA.obj
 0001:0000fc80       ?StopWaitEndSynchro@CPluginAnsi@@UAEXXZ 10010c80 f i ConEmuPluginA.obj
 0001:0000fc90       ?WaitEndSynchro@CPluginAnsi@@UAEXXZ 10010c90 f i ConEmuPluginA.obj
 0001:0000fca0       ??_GCPluginAnsi@@UAEPAXI@Z 10010ca0 f i ConEmuPluginA.obj
 0001:0000fca0       ??_ECPluginAnsi@@UAEPAXI@Z 10010ca0 f i ConEmuPluginA.obj
 0001:0000fcd0       ??1CPluginAnsi@@UAE@XZ     10010cd0 f i ConEmuPluginA.obj
 0001:0000fcf0       ?GetPanelDir@CPluginAnsi@@UAEPA_WKPA_WH@Z 10010cf0 f   ConEmuPluginA.obj
 0001:0000fdf0       ?GetPanelInfo@CPluginAnsi@@UAE_NKPAUCEPanelInfo@@@Z 10010df0 f   ConEmuPluginA.obj
 0001:000100d0       ?GetPanelItemInfo@CPluginAnsi@@UAE_NABUCEPanelInfo@@_NHAAU_WIN32_FIND_DATAW@@PAPA_W@Z 100110d0 f   ConEmuPluginA.obj
 0001:00010250       ?PanelControlApi@CPluginAnsi@@UAEHPAXHH0@Z 10011250 f   ConEmuPluginA.obj
 0001:000102a0       ?SetStartupInfoPtr@CPluginAnsi@@UAEXPAX@Z 100112a0 f   ConEmuPluginA.obj
 0001:00010460       ?GetPluginInfoPtr@CPluginAnsi@@UAEXPAX@Z 10011460 f   ConEmuPluginA.obj
 0001:00010510       ?GetEditorModifiedState@CPluginAnsi@@UAEKXZ 10011510 f   ConEmuPluginA.obj
 0001:00010550       ?GetWindowCount@CPluginAnsi@@UAEHXZ 10011550 f   ConEmuPluginA.obj
 0001:000105a0       ?UpdateConEmuTabsApi@CPluginAnsi@@UAE_NH@Z 100115a0 f   ConEmuPluginA.obj
 0001:00010860       ?ExitFar@CPluginAnsi@@UAEXXZ 10011860 f   ConEmuPluginA.obj
 0001:000108c0       ?SetWindow@CPluginAnsi@@UAEXH@Z 100118c0 f   ConEmuPluginA.obj
 0001:00010930       ?PostMacroApi@CPluginAnsi@@UAEXPB_WPAU_INPUT_RECORD@@_N@Z 10011930 f   ConEmuPluginA.obj
 0001:00010a20       ?ShowPluginMenu@CPluginAnsi@@UAEHPAUConEmuPluginMenuItem@@HH@Z 10011a20 f   ConEmuPluginA.obj
 0001:00010c10       ?OpenEditor@CPluginAnsi@@UAE_NPB_W_N11HH@Z 10011c10 f   ConEmuPluginA.obj
 0001:00010d70       ?ShowMessage@CPluginAnsi@@UAEHPB_WH_N@Z 10011d70 f   ConEmuPluginA.obj
 0001:00010e40       ?GetMsg@CPluginAnsi@@UAEPB_WHPA_WI@Z 10011e40 f   ConEmuPluginA.obj
 0001:00010f00       ?IsMacroActive@CPluginAnsi@@UAE_NXZ 10011f00 f   ConEmuPluginA.obj
 0001:00010f70       ?GetMacroArea@CPluginAnsi@@UAEHXZ 10011f70 f   ConEmuPluginA.obj
 0001:00010f80       ?RedrawAll@CPluginAnsi@@UAEXXZ 10011f80 f   ConEmuPluginA.obj
 0001:00010fc0       ?InputBox@CPluginAnsi@@UAE_NPB_W000AAPA_W@Z 10011fc0 f   ConEmuPluginA.obj
 0001:000110f0       ?ShowUserScreen@CPluginAnsi@@UAEX_N@Z 100120f0 f   ConEmuPluginA.obj
 0001:00011140       ?LoadFarColors@CPluginAnsi@@UAEXAAY0BAA@E@Z 10012140 f   ConEmuPluginA.obj
 0001:00011230       ?LoadFarSettings@CPluginAnsi@@UAEXPAUCEFarInterfaceSettings@@PAUCEFarPanelSettings@@@Z 10012230 f   ConEmuPluginA.obj
 0001:000112a0       ?CheckPanelExist@CPluginAnsi@@UAE_NXZ 100122a0 f   ConEmuPluginA.obj
 0001:000112f0       ?GetActiveWindowType@CPluginAnsi@@UAEHXZ 100122f0 f   ConEmuPluginA.obj
 0001:00011370       ?GetWindowTypeName@CPluginAnsi@@UAEPB_WH@Z 10012370 f   ConEmuPluginA.obj
 0001:00011400       ?GuiMacroDlg@CPluginAnsi@@UAEXXZ 10012400 f   ConEmuPluginA.obj
 0001:00011a50       ?Plugin@@YIPAVCPluginBase@@XZ 10012a50 f   ConEmuPluginBase.obj
 0001:00011b80       ??0CPluginBase@@QAE@XZ     10012b80 f   ConEmuPluginBase.obj
 0001:00011e30       ??_ECPluginBase@@UAEPAXI@Z 10012e30 f i ConEmuPluginBase.obj
 0001:00011e30       ??_GCPluginBase@@UAEPAXI@Z 10012e30 f i ConEmuPluginBase.obj
 0001:00011e60       ??1CPluginBase@@UAE@XZ     10012e60 f   ConEmuPluginBase.obj
 0001:00011e80       ?DllMain_ProcessAttach@CPluginBase@@KIXPAUHINSTANCE__@@@Z 10012e80 f   ConEmuPluginBase.obj
 0001:00011f80       ?DllMain_ProcessDetach@CPluginBase@@KIXXZ 10012f80 f   ConEmuPluginBase.obj
 0001:000120f0       ??_GMSection@@QAEPAXI@Z    100130f0 f i ConEmuPluginBase.obj
 0001:00012120       ??_GCPluginBackground@@QAEPAXI@Z 10013120 f i ConEmuPluginBase.obj
 0001:00012150       ?DllCheckUnique@CPluginBase@@KI_N_N@Z 10013150 f   ConEmuPluginBase.obj
 0001:00012390       ?LoadFarVersion@CPluginBase@@SI_NXZ 10013390 f   ConEmuPluginBase.obj
 0001:000127c0       ?ShowMessageBox@CPluginBase@@KIHPB_WI@Z 100137c0 f   ConEmuPluginBase.obj
 0001:00012880       ?ShowMessageGui@CPluginBase@@QAEHHH@Z 10013880 f   ConEmuPluginBase.obj
 0001:00012910       ?BackgroundMacroError@CPluginBase@@SGKPAX@Z 10013910 f   ConEmuPluginBase.obj
 0001:00012950       ?PostMacro@CPluginBase@@QAEXPB_WPAU_INPUT_RECORD@@_N@Z 10013950 f   ConEmuPluginBase.obj
 0001:00012a10       ?isMacroActive@CPluginBase@@QAE_NAAH@Z 10013a10 f   ConEmuPluginBase.obj
 0001:00012a60       ?CheckBufferEnabled@CPluginBase@@QAE_NXZ 10013a60 f   ConEmuPluginBase.obj
 0001:00012af0       ?PanelControl@CPluginBase@@QAEHPAXHH0@Z 10013af0 f   ConEmuPluginBase.obj
 0001:00012ba0       ?GetPanelInfo@CPluginBase@@QAE_NKPAUBkPanelInfo@@@Z 10013ba0 f   ConEmuPluginBase.obj
 0001:00012c40       ?FillUpdateBackground@CPluginBase@@QAEXPAUPaintBackgroundArg@@@Z 10013c40 f   ConEmuPluginBase.obj
 0001:00012e10       ?StorePanelDirs@CPluginBase@@QAE_NPB_W0@Z 10013e10 f   ConEmuPluginBase.obj
 0001:00012fc0       _wmemmove                  10013fc0 f i ConEmuPluginBase.obj
 0001:00012ff0       ?UpdatePanelDirs@CPluginBase@@QAEXXZ 10013ff0 f   ConEmuPluginBase.obj
 0001:000131f0       ?IsFarLua@FarVersion@@QBE_NXZ 100141f0 f i ConEmuPluginBase.obj
 0001:00013240       ?RunExternalProgram@CPluginBase@@QAE_NPA_W@Z 10014240 f   ConEmuPluginBase.obj
 0001:00013430       ?ProcessCommandLine@CPluginBase@@QAE_NPA_W@Z 10014430 f   ConEmuPluginBase.obj
 0001:00013470       ?ShowPluginMenu@CPluginBase@@QAEXW4PluginCallCommands@@@Z 10014470 f   ConEmuPluginBase.obj
 0001:00013720       ?ShowTabsList@CPluginBase@@QAEXXZ 10014720 f   ConEmuPluginBase.obj
 0001:00013af0       ?ShowPanelsList@CPluginBase@@QAEXXZ 10014af0 f   ConEmuPluginBase.obj
 0001:00013c70       ?DataSize@CESERVER_REQ@@QAEKXZ 10014c70 f i ConEmuPluginBase.obj
 0001:00013cb0       ?EditViewConsoleOutput@CPluginBase@@QAEX_N@Z 10014cb0 f   ConEmuPluginBase.obj
 0001:00013d70       ?SwitchTabCommand@CPluginBase@@QAEXW4PluginMenuCommands@@@Z 10014d70 f   ConEmuPluginBase.obj
 0001:00013e30       ?ProcessSynchroEvent@CPluginBase@@QAEHHPAX@Z 10014e30 f   ConEmuPluginBase.obj
 0001:00013ee0       ?ProcessEditorInputInternal@CPluginBase@@QAEXABU_INPUT_RECORD@@@Z 10014ee0 f   ConEmuPluginBase.obj
 0001:00013f40       ?ProcessEditorViewerEvent@CPluginBase@@QAEHHH@Z 10014f40 f   ConEmuPluginBase.obj
 0001:00014050       ?isEditorViewer@CPluginBase@@QAE_NXZ 10015050 f   ConEmuPluginBase.obj
 0001:000140a0       ?isModalEditorViewer@CPluginBase@@QAE_NXZ 100150a0 f   ConEmuPluginBase.obj
 0001:000140f0       ?GetMainThreadId@CPluginBase@@SIKXZ 100150f0 f   ConEmuPluginBase.obj
 0001:00014190       ?ShowConsoleInfo@CPluginBase@@QAEXXZ 10015190 f   ConEmuPluginBase.obj
 0001:00014310       ?RunExternalProgramW@CPluginBase@@SI_NPA_W0_N@Z 10015310 f   ConEmuPluginBase.obj
 0001:00014580       ?StartDebugger@CPluginBase@@QAE_NXZ 10015580 f   ConEmuPluginBase.obj
 0001:000148b0       ?Attach2Gui@CPluginBase@@QAE_NXZ 100158b0 f   ConEmuPluginBase.obj
 0001:00014d70       ?FindServerCmd@CPluginBase@@QAE_NKAAK_N@Z 10015d70 f   ConEmuPluginBase.obj
 0001:00014e60       ?ShowMessage@CPluginBase@@QAEHHH@Z 10015e60 f   ConEmuPluginBase.obj
 0001:00014ee0       ?OutDataAlloc@CPluginBase@@SI_NK@Z 10015ee0 f   ConEmuPluginBase.obj
 0001:00014f50       ?OutDataRealloc@CPluginBase@@SI_NK@Z 10015f50 f   ConEmuPluginBase.obj
 0001:00015030       ?OutDataWrite@CPluginBase@@SI_NPAXK@Z 10016030 f   ConEmuPluginBase.obj
 0001:00015100       ?CreateTabs@CPluginBase@@SI_NH@Z 10016100 f   ConEmuPluginBase.obj
 0001:000151d0       ?AddTab@CPluginBase@@QAE_NAAHH_N1HPB_W2HHHH@Z 100161d0 f   ConEmuPluginBase.obj
 0001:000155e0       _wmemcmp                   100165e0 f i ConEmuPluginBase.obj
 0001:00015640       ?SendTabs@CPluginBase@@SIXH_N@Z 10016640 f   ConEmuPluginBase.obj
 0001:00015830       ?CloseTabs@CPluginBase@@SIXXZ 10016830 f   ConEmuPluginBase.obj
 0001:000158c0       ?UpdateConEmuTabs@CPluginBase@@QAE_N_N@Z 100168c0 f   ConEmuPluginBase.obj
 0001:00015bc0       ?ShowProtocolWarning@CPluginBase@@KIXXZ 10016bc0 f   ConEmuPluginBase.obj
 0001:00015d20       ?CheckResources@CPluginBase@@QAEX_N@Z 10016d20 f   ConEmuPluginBase.obj
 0001:00015ed0       ?InitResources@CPluginBase@@QAEXXZ 10016ed0 f   ConEmuPluginBase.obj
 0001:00016130       ?CloseMapHeader@CPluginBase@@SIXXZ 10017130 f   ConEmuPluginBase.obj
 0001:00016160       ?OpenMapHeader@CPluginBase@@SIHXZ 10017160 f   ConEmuPluginBase.obj
 0001:00016280       ?InitRootRegKey@CPluginBase@@IAEXXZ 10017280 f   ConEmuPluginBase.obj
 0001:000163a0       ?SetRootRegKey@CPluginBase@@IAEXPA_W@Z 100173a0 f   ConEmuPluginBase.obj
 0001:000164a0       ?LoadPanelTabsFromRegistry@CPluginBase@@IAEXXZ 100174a0 f   ConEmuPluginBase.obj
 0001:000165a0       ?InitHWND@CPluginBase@@SIXXZ 100175a0 f   ConEmuPluginBase.obj
 0001:00016840       ?CheckConEmuDetached@CPluginBase@@SIXXZ 10017840 f   ConEmuPluginBase.obj
 0001:000168e0       ?EmergencyShow@CPluginBase@@KIXXZ 100178e0 f   ConEmuPluginBase.obj
 0001:00016940       ?MonitorThreadProcW@CPluginBase@@SGKPAX@Z 10017940 f   ConEmuPluginBase.obj
 0001:00016df0       ?OpenPluginCommon@CPluginBase@@QAEPAXHH_N@Z 10017df0 f   ConEmuPluginBase.obj
 0001:00017170       ?ExitFarCommon@CPluginBase@@QAEX_N@Z 10018170 f   ConEmuPluginBase.obj
 0001:000171c0       ?OnMainThreadActivated@CPluginBase@@QAEXXZ 100181c0 f   ConEmuPluginBase.obj
 0001:00017390       ?ProcessSetWindowCommand@CPluginBase@@QAEXXZ 10018390 f   ConEmuPluginBase.obj
 0001:000174d0       ?CommonPluginStartup@CPluginBase@@QAEXXZ 100184d0 f   ConEmuPluginBase.obj
 0001:000175f0       ?StopThread@CPluginBase@@QAEX_N@Z 100185f0 f   ConEmuPluginBase.obj
 0001:00017960       ??_G?$MFileMapping@UCESERVER_CONSOLE_MAPPING_HDR@@@@QAEPAXI@Z 10018960 f i ConEmuPluginBase.obj
 0001:00017990       ?ShutdownPluginStep@CPluginBase@@SIXPB_WHHHH@Z 10018990 f   ConEmuPluginBase.obj
 0001:000179b0       ?ExecuteSynchro@CPluginBase@@QAEXXZ 100189b0 f   ConEmuPluginBase.obj
 0001:00017a70       ?WaitPluginActivation@CPluginBase@@SIKKPAPAXHK@Z 10018a70 f   ConEmuPluginBase.obj
 0001:00017bd0       ?ActivatePlugin@CPluginBase@@QAE_NKPAXK@Z 10018bd0 f   ConEmuPluginBase.obj
 0001:00017e60       ?cmd_OpenEditorLine@CPluginBase@@QAE_NPAUCESERVER_REQ_FAREDITOR@@@Z 10018e60 f   ConEmuPluginBase.obj
 0001:00017f50       ?cmd_RedrawFarCall@CPluginBase@@QAE_NAAPAUCESERVER_REQ@@PAPAU2@@Z 10018f50 f   ConEmuPluginBase.obj
 0001:00018000       ?cmd_SetWindow@CPluginBase@@QAE_NPAX_N@Z 10019000 f   ConEmuPluginBase.obj
 0001:000180c0       ?cmd_LeftClickSync@CPluginBase@@QAEXPAX@Z 100190c0 f   ConEmuPluginBase.obj
 0001:000181f0       ?cmd_CloseQSearch@CPluginBase@@QAEXXZ 100191f0 f   ConEmuPluginBase.obj
 0001:00018230       ?cmd_EMenu@CPluginBase@@QAEXPAX@Z 10019230 f   ConEmuPluginBase.obj
 0001:00018300       ?cmd_ExternalCallback@CPluginBase@@QAE_NPAX@Z 10019300 f   ConEmuPluginBase.obj
 0001:00018380       ?cmd_ConSetFont@CPluginBase@@QAEXPAX@Z 10019380 f   ConEmuPluginBase.obj
 0001:000183d0       ?cmd_GuiChanged@CPluginBase@@QAEXPAX@Z 100193d0 f   ConEmuPluginBase.obj
 0001:000184b0       ?ProcessCommand@CPluginBase@@QAE_NKHPAXPAPAUCESERVER_REQ@@_N@Z 100194b0 f   ConEmuPluginBase.obj
 0001:000189e0       ?FarSetConsoleSize@CPluginBase@@SI_NFF@Z 100199e0 f   ConEmuPluginBase.obj
 0001:00018b00       ?ReloadFarInfoApi@CPluginBase@@IAE_NXZ 10019b00 f   ConEmuPluginBase.obj
 0001:00018d40       ?ReloadFarInfo@CPluginBase@@QAE_N_N@Z 10019d40 f   ConEmuPluginBase.obj
 0001:00019010       ?pcc_Selected@CPluginBase@@SI_NW4PluginMenuCommands@@@Z 1001a010 f   ConEmuPluginBase.obj
 0001:00019080       ?pcc_Disabled@CPluginBase@@SI_NW4PluginMenuCommands@@@Z 1001a080 f   ConEmuPluginBase.obj
 0001:00019130       ?TouchReadPeekConsoleInputs@CPluginBase@@SIXH@Z 1001a130 f   ConEmuPluginBase.obj
 0001:00019190       ?OnConsolePeekReadInput@CPluginBase@@SIX_N@Z 1001a190 f   ConEmuPluginBase.obj
 0001:00019390       ?ActiveServerPID@CESERVER_CONSOLE_MAPPING_HDR@@QBEKXZ 1001a390 f i ConEmuPluginBase.obj
 0001:000193d0       ?UngetDummyMouseEvent@CPluginBase@@SI_N_NPAUHookCallbackArg@@@Z 1001a3d0 f   ConEmuPluginBase.obj
 0001:00019600       ??4HANDLE2@@QAEAAU0@PAX@Z  1001a600 f i ConEmuPluginBase.obj
 0001:00019620       ?FillLoadedParm@CPluginBase@@SIXPAUConEmuLoadedArg@@PAUHINSTANCE__@@H@Z 1001a620 f   ConEmuPluginBase.obj
 0001:00019700       ?NotifyConEmuUnloaded@CPluginBase@@SIXXZ 1001a700 f   ConEmuPluginBase.obj
 0001:00019840       ?OnPanelViewCallbacks@CPluginBase@@SI_NPAUHookCallbackArg@@P6GHPAXPAU_INPUT_RECORD@@KPAKPAH@Z5@Z 1001a840 f   ConEmuPluginBase.obj
 0001:00019920       ?OnShellExecuteExW_Except@CPluginBase@@SGXPAUHookCallbackArg@@@Z 1001a920 f   ConEmuPluginBase.obj
 0001:00019960       ?OnGetNumberOfConsoleInputEventsPost@CPluginBase@@SGXPAUHookCallbackArg@@@Z 1001a960 f   ConEmuPluginBase.obj
 0001:000199a0       ?OnConsolePeekInput@CPluginBase@@SGHPAUHookCallbackArg@@@Z 1001a9a0 f   ConEmuPluginBase.obj
 0001:00019a20       ?OnConsolePeekInputPost@CPluginBase@@SGXPAUHookCallbackArg@@@Z 1001aa20 f   ConEmuPluginBase.obj
 0001:00019a60       ?OnConsoleReadInputWork@CPluginBase@@SIHPAUHookCallbackArg@@@Z 1001aa60 f   ConEmuPluginBase.obj
 0001:00019b00       ?OnConsoleReadInput@CPluginBase@@SGHPAUHookCallbackArg@@@Z 1001ab00 f   ConEmuPluginBase.obj
 0001:00019b10       ?OnConsoleReadInputPost@CPluginBase@@SGXPAUHookCallbackArg@@@Z 1001ab10 f   ConEmuPluginBase.obj
 0001:00019d50       ?OnWriteConsoleOutput@CPluginBase@@SGHPAUHookCallbackArg@@@Z 1001ad50 f   ConEmuPluginBase.obj
 0001:00019e30       ?OnConsoleDetaching@CPluginBase@@SGHPAUHookCallbackArg@@@Z 1001ae30 f   ConEmuPluginBase.obj
 0001:00019f60       ?OnConsoleWasAttached@CPluginBase@@SGXPAUHookCallbackArg@@@Z 1001af60 f   ConEmuPluginBase.obj
 0001:00019fd0       ?OnCurDirChanged@CPluginBase@@SGXXZ 1001afd0 f   ConEmuPluginBase.obj
 0001:0001a050       ?OnLibraryLoaded@CPluginBase@@SGXPAUHINSTANCE__@@@Z 1001b050 f   ConEmuPluginBase.obj
 0001:0001a0d0       ?ToUnicode@CPluginBase@@SIPA_WPBD@Z 1001b0d0 f   ConEmuPluginBase.obj
 0001:0001a150       ?ToOem@CPluginBase@@SIXPB_WPADH@Z 1001b150 f   ConEmuPluginBase.obj
 0001:0001a1a0       ?ToOem@CPluginBase@@SIPADPB_W@Z 1001b1a0 f   ConEmuPluginBase.obj
 0001:0001a200       ?ProcessDragFrom@CPluginBase@@QAEXXZ 1001b200 f   ConEmuPluginBase.obj
 0001:0001a7f0       ?ProcessDragTo@CPluginBase@@QAEXXZ 1001b7f0 f   ConEmuPluginBase.obj
 0001:0001abf0       ?IsCurrentTabModal@CPluginBase@@QAE_NXZ 1001bbf0 f   ConEmuPluginBase.obj
 0001:0001acb0       ?PrintText@CPluginBase@@QAE_NPB_W@Z 1001bcb0 f   ConEmuPluginBase.obj
 0001:0001afa0       ?Ptr@?$MFileMapping@UCESERVER_CONSOLE_MAPPING_HDR@@@@QAEPAUCESERVER_CONSOLE_MAPPING_HDR@@XZ 1001bfa0 f i ConEmuPluginBase.obj
 0001:0001afc0       ??$wcscpy_c@$0BBE@@@YIHAAY0BBE@_WPB_W@Z 1001bfc0 f i ConEmuPluginBase.obj
 0001:0001aff0       ??$wcscat_c@$0BBE@@@YIHAAY0BBE@_WPB_W@Z 1001bff0 f i ConEmuPluginBase.obj
 0001:0001b020       ??$wcscat_c@$0CAE@@@YIHAAY0CAE@_WPB_W@Z 1001c020 f i ConEmuPluginBase.obj
 0001:0001b050       ?EvaluateDefaultFontWidth@@YIHHPB_W@Z 1001c050 f   EmergencyShow.obj
 0001:0001b190       ?SetUserFriendlyFont@@YIXPAUHWND__@@HH@Z 1001c190 f   EmergencyShow.obj
 0001:0001b680       ?CorrectConsolePos@@YIXPAUHWND__@@@Z 1001c680 f   EmergencyShow.obj
 0001:0001b7c0       ?EmergencyShow@@YIXPAUHWND__@@HH@Z 1001c7c0 f   EmergencyShow.obj
 0001:0001b910       ?IsFileBatch@@YI_NPB_W@Z   1001c910 f   Execute.obj
 0001:0001b990       ?GetImageSubsystem@@YI_NPB_WAAK11@Z 1001c990 f   Execute.obj
 0001:0001bcb0       ?GetImageSubsystem@@YI_NAAK0@Z 1001ccb0 f   Execute.obj
 0001:0001bd60       ?GetImageSubsystem@@YI_NU_PROCESS_INFORMATION@@AAK1@Z 1001cd60 f   Execute.obj
 0001:0001bf50       ?GetEnclosingSectionHeader@@YIPAU_IMAGE_SECTION_HEADER@@KPAUIMAGE_MAPPING@@@Z 1001cf50 f   Execute.obj
 0001:0001bfe0       ?GetPtrFromRVA@@YIPAXKPAUIMAGE_MAPPING@@@Z 1001cfe0 f   Execute.obj
 0001:0001c040       ?FindImageSubsystem@@YI_NPB_WAAK1PAK@Z 1001d040 f   Execute.obj
 0001:0001ca20       ?HeapInitialize@@YI_NXZ    1001da20 f   Memory.obj
 0001:0001ca50       ?HeapDeinitialize@@YIXXZ   1001da50 f   Memory.obj
 0001:0001ca80       ?xf_malloc@@YAPAXI@Z       1001da80 f   Memory.obj
 0001:0001cab0       ?xf_calloc@@YAPAXII@Z      1001dab0 f   Memory.obj
 0001:0001cae0       ?xf_realloc@@YAPAXPAXI@Z   1001dae0 f   Memory.obj
 0001:0001cb20       ?xf_free@@YAXPAX@Z         1001db20 f   Memory.obj
 0001:0001cb50       ?xf_validate@@YA_NPAX@Z    1001db50 f   Memory.obj
 0001:0001cb80       ??2@YAPAXI@Z               1001db80 f   Memory.obj
 0001:0001cba0       ??_U@YAPAXI@Z              1001dba0 f   Memory.obj
 0001:0001cbc0       ??3@YAXPAX@Z               1001dbc0 f   Memory.obj
 0001:0001cbe0       ??_V@YAXPAX@Z              1001dbe0 f   Memory.obj
 0001:0001cc00       ?lstrdup@@YIPADPBD@Z       1001dc00 f   Memory.obj
 0001:0001cc70       ?StringCchCopyA@@YGJPADIPBD@Z 1001dc70 f i Memory.obj
 0001:0001cd90       ?lstrdup@@YIPA_WPB_WI@Z    1001dd90 f   Memory.obj
 0001:0001cef0       ?lstrdupW@@YIPA_WPBDI@Z    1001def0 f   Memory.obj
 0001:0001cf70       ?lstrdupA@@YIPADPB_WIPAH@Z 1001df70 f   Memory.obj
 0001:0001d050       ?lstrmerge@@YIPA_WPB_W0000@Z 1001e050 f   Memory.obj
 0001:0001d180       ?lstrmerge@@YI_NPAPA_WPB_W111@Z 1001e180 f   Memory.obj
 0001:0001d1e0       ?FindMonitorsWorkspace@@YGHPAUHMONITOR__@@PAUHDC__@@PAUtagRECT@@J@Z 1001e1e0 f   Monitors.obj
 0001:0001d260       ?GetAllMonitorsWorkspace@@YI?AUtagRECT@@XZ 1001e260 f   Monitors.obj
 0001:0001d2e0       ?FindPrimaryMonitor@@YGHPAUHMONITOR__@@PAUHDC__@@PAUtagRECT@@J@Z 1001e2e0 f   Monitors.obj
 0001:0001d360       ?GetMonitorInfoSafe@@YI_NPAUHMONITOR__@@AAUtagMONITORINFO@@@Z 1001e360 f   Monitors.obj
 0001:0001d3b0       ?GetPrimaryMonitorInfo@@YIPAUHMONITOR__@@PAUtagMONITORINFO@@@Z 1001e3b0 f   Monitors.obj
 0001:0001d460       ?GetNearestMonitorInfo@@YIPAUHMONITOR__@@PAUtagMONITORINFO@@PAU1@PBUtagRECT@@PAUHWND__@@@Z 1001e460 f   Monitors.obj
 0001:0001d550       ?EnumAllMonitors@@YGHPAUHMONITOR__@@PAUHDC__@@PAUtagRECT@@J@Z 1001e550 f   Monitors.obj
 0001:0001d5c0       ?MonitorSortCallback@@YIHAAU_FindAllMonitorsItem@@0@Z 1001e5c0 f   Monitors.obj
 0001:0001d630       ?GetNextMonitorInfo@@YIPAUHMONITOR__@@PAUtagMONITORINFO@@PBUtagRECT@@_N@Z 1001e630 f   Monitors.obj
 0001:0001d800       ??0_FindAllMonitors@@QAE@XZ 1001e800 f i Monitors.obj
 0001:0001d820       ??1_FindAllMonitors@@QAE@XZ 1001e820 f i Monitors.obj
 0001:0001d840       ?FindTaskbarWindow@@YIPAUHWND__@@PAUtagRECT@@@Z 1001e840 f   Monitors.obj
 0001:0001d8b0       ?IsTaskbarAutoHidden@@YI_NPAUtagRECT@@PAI@Z 1001e8b0 f   Monitors.obj
 0001:0001d970       ??0?$MArray@U_FindAllMonitorsItem@@@@QAE@XZ 1001e970 f i Monitors.obj
 0001:0001d9b0       ??1?$MArray@U_FindAllMonitorsItem@@@@QAE@XZ 1001e9b0 f i Monitors.obj
 0001:0001d9d0       ??A?$MArray@U_FindAllMonitorsItem@@@@QAEAAU_FindAllMonitorsItem@@H@Z 1001e9d0 f i Monitors.obj
 0001:0001d9f0       ?push_back@?$MArray@U_FindAllMonitorsItem@@@@QAEHABU_FindAllMonitorsItem@@@Z 1001e9f0 f i Monitors.obj
 0001:0001da80       ?size@?$MArray@U_FindAllMonitorsItem@@@@QBEHXZ 1001ea80 f i Monitors.obj
 0001:0001daa0       ?sort@?$MArray@U_FindAllMonitorsItem@@@@QAEXP6IHAAU_FindAllMonitorsItem@@0@Z@Z 1001eaa0 f i Monitors.obj
 0001:0001db90       ?clear@?$MArray@U_FindAllMonitorsItem@@@@QAEXXZ 1001eb90 f i Monitors.obj
 0001:0001dbe0       ?addsize@?$MArray@U_FindAllMonitorsItem@@@@QAEXH@Z 1001ebe0 f i Monitors.obj
 0001:0001dcd0       ??0MSection@@QAE@XZ        1001ecd0 f   MSection.obj
 0001:0001dd80       ??1MSection@@QAE@XZ        1001ed80 f   MSection.obj
 0001:0001de20       ?Process_Lock@MSection@@IAEXXZ 1001ee20 f   MSection.obj
 0001:0001de40       ?Process_Unlock@MSection@@IAEXXZ 1001ee40 f   MSection.obj
 0001:0001de60       ?ThreadTerminated@MSection@@QAEXK@Z 1001ee60 f   MSection.obj
 0001:0001deb0       ?AddRef@MSection@@IAEXK@Z  1001eeb0 f   MSection.obj
 0001:0001dfa0       ?ReleaseRef@MSection@@IAEHK@Z 1001efa0 f   MSection.obj
 0001:0001e070       ?WaitUnlocked@MSection@@IAEXKK@Z 1001f070 f   MSection.obj
 0001:0001e110       ?MyEnterCriticalSection@MSection@@IAE_NK@Z 1001f110 f   MSection.obj
 0001:0001e280       ?Lock@MSection@@IAEHHK@Z   1001f280 f   MSection.obj
 0001:0001e3d0       ?Unlock@MSection@@IAEXH@Z  1001f3d0 f   MSection.obj
 0001:0001e440       ?isLockedExclusive@MSection@@QAE_NXZ 1001f440 f   MSection.obj
 0001:0001e490       ??0MSectionThread@@QAE@PAVMSection@@@Z 1001f490 f   MSection.obj
 0001:0001e4c0       ??1MSectionThread@@QAE@XZ  1001f4c0 f   MSection.obj
 0001:0001e4f0       ??0MSectionLock@@QAE@XZ    1001f4f0 f   MSection.obj
 0001:0001e520       ??1MSectionLock@@QAE@XZ    1001f520 f   MSection.obj
 0001:0001e550       ?Lock@MSectionLock@@QAEHPAVMSection@@HK@Z 1001f550 f   MSection.obj
 0001:0001e5d0       ?RelockExclusive@MSectionLock@@QAEHK@Z 1001f5d0 f   MSection.obj
 0001:0001e640       ?Unlock@MSectionLock@@QAEXXZ 1001f640 f   MSection.obj
 0001:0001e680       ?isLocked@MSectionLock@@QAEHH@Z 1001f680 f   MSection.obj
 0001:0001e6d0       ??0MSectionSimple@@QAE@_N@Z 1001f6d0 f   MSectionSimple.obj
 0001:0001e720       ??1MSectionSimple@@QAE@XZ  1001f720 f   MSectionSimple.obj
 0001:0001e740       ?IsInitialized@MSectionSimple@@QAE_NXZ 1001f740 f   MSectionSimple.obj
 0001:0001e780       ?Init@MSectionSimple@@QAEXXZ 1001f780 f   MSectionSimple.obj
 0001:0001e7b0       ?Close@MSectionSimple@@QAEXXZ 1001f7b0 f   MSectionSimple.obj
 0001:0001e7e0       ?Enter@MSectionSimple@@QAEXXZ 1001f7e0 f   MSectionSimple.obj
 0001:0001e800       ?Leave@MSectionSimple@@QAEXXZ 1001f800 f   MSectionSimple.obj
 0001:0001e820       ?TryEnter@MSectionSimple@@QAE_NXZ 1001f820 f   MSectionSimple.obj
 0001:0001e860       ?RecreateAndLock@MSectionSimple@@QAE_NXZ 1001f860 f   MSectionSimple.obj
 0001:0001e8f0       ??0MSectionLockSimple@@QAE@XZ 1001f8f0 f   MSectionSimple.obj
 0001:0001e910       ??1MSectionLockSimple@@QAE@XZ 1001f910 f   MSectionSimple.obj
 0001:0001e930       ?Lock@MSectionLockSimple@@QAEHPAUMSectionSimple@@K@Z 1001f930 f   MSectionSimple.obj
 0001:0001e9e0       ?Unlock@MSectionLockSimple@@QAEXXZ 1001f9e0 f   MSectionSimple.obj
 0001:0001ea10       ?isLocked@MSectionLockSimple@@QAEHXZ 1001fa10 f   MSectionSimple.obj
 0001:0001ea30       ?NullSecurity@@YIPAU_SECURITY_ATTRIBUTES@@XZ 1001fa30 f   MSecurity.obj
 0001:0001ea80       ??0MNullDesc@@QAE@XZ       1001fa80 f i MSecurity.obj
 0001:0001eae0       ?NullSecurity@MNullDesc@@QAEPAU_SECURITY_ATTRIBUTES@@XZ 1001fae0 f i MSecurity.obj
 0001:0001ebe0       ?LoadAdvApi@MNullDesc@@IAEHXZ 1001fbe0 f i MSecurity.obj
 0001:0001ee30       ?UnloadAdvApi@MNullDesc@@IAEXXZ 1001fe30 f i MSecurity.obj
 0001:0001ee60       ?LocalSecurity@@YIPAU_SECURITY_ATTRIBUTES@@XZ 1001fe60 f   MSecurity.obj
 0001:0001eeb0       ?LocalSecurity@MNullDesc@@QAEPAU_SECURITY_ATTRIBUTES@@XZ 1001feb0 f i MSecurity.obj
 0001:0001f0d0       ?ShutdownSecurity@@YIXXZ   100200d0 f   MSecurity.obj
 0001:0001f120       ??_GMNullDesc@@QAEPAXI@Z   10020120 f i MSecurity.obj
 0001:0001f150       ??1MNullDesc@@QAE@XZ       10020150 f i MSecurity.obj
 0001:0001f1d0       ??0MSetter@@QAE@PAJ@Z      100201d0 f   MSetter.obj
 0001:0001f210       ??0MSetter@@QAE@PA_N@Z     10020210 f   MSetter.obj
 0001:0001f250       ??0MSetter@@QAE@PAKK@Z     10020250 f   MSetter.obj
 0001:0001f290       ??1MSetter@@QAE@XZ         10020290 f   MSetter.obj
 0001:0001f2b0       ?Unlock@MSetter@@QAEXXZ    100202b0 f   MSetter.obj
 0001:0001f340       ?msprintf@@YAPB_WPA_WIPB_WZZ 10020340 f   MStrSafe.obj
 0001:0001f960       ?msprintf@@YAPBDPADIPBDZZ  10020960 f   MStrSafe.obj
 0001:0001fdc0       ?lstrcmpni@@YIHPBD0H@Z     10020dc0 f   MStrSafe.obj
 0001:0001fef0       ?lstrcmpni@@YIHPB_W0H@Z    10020ef0 f   MStrSafe.obj
 0001:00020050       ?startswith@@YIHPB_W0_N@Z  10021050 f   MStrSafe.obj
 0001:000200e0       ??0CPluginBackground@@QAE@XZ 100210e0 f   PluginBackground.obj
 0001:00020320       ??1CPluginBackground@@QAE@XZ 10021320 f   PluginBackground.obj
 0001:00020570       ?RegisterSubplugin@CPluginBackground@@QAEHPAURegisterBackgroundArg@@@Z 10021570 f   PluginBackground.obj
 0001:00020920       ?ReallocItems@CPluginBackground@@IAEXH@Z 10021920 f   PluginBackground.obj
 0001:000209a0       ?OnMainThreadActivated@CPluginBackground@@QAEXHH@Z 100219a0 f   PluginBackground.obj
 0001:00020ac0       ?SetForceCheck@CPluginBackground@@QAEXXZ 10021ac0 f   PluginBackground.obj
 0001:00020af0       ?SetForceUpdate@CPluginBackground@@QAEX_N@Z 10021af0 f   PluginBackground.obj
 0001:00020b30       ?SetForceThLoad@CPluginBackground@@QAEXXZ 10021b30 f   PluginBackground.obj
 0001:00020b70       ?IsParmChanged@CPluginBackground@@IAE_NPAUPaintBackgroundArg@@0@Z 10021b70 f   PluginBackground.obj
 0001:00020e50       ?CheckPanelFolders@CPluginBackground@@IAEXH@Z 10021e50 f   PluginBackground.obj
 0001:00020f50       ?SetDcPanelRect@CPluginBackground@@IAEXPAUtagRECT@@PAUBkPanelInfo@@PAUPaintBackgroundArg@@@Z 10021f50 f   PluginBackground.obj
 0001:00021090       ?UpdateBackground_Exec@CPluginBackground@@KIXPAURegisterBackgroundArg@@PAUPaintBackgroundArg@@@Z 10022090 f   PluginBackground.obj
 0001:000210e0       ?UpdateBackground@CPluginBackground@@IAEXXZ 100220e0 f   PluginBackground.obj
 0001:00021f50       ?LoadThSet@CPluginBackground@@IAEHH@Z 10022f50 f   PluginBackground.obj
 0001:00022170       ?MonitorBackground@CPluginBackground@@QAEXXZ 10023170 f   PluginBackground.obj
 0001:00022220       ?GetTo@?$MFileMapping@UPanelViewSetMapping@@@@QAE_NPAUPanelViewSetMapping@@H@Z 10023220 f i PluginBackground.obj
 0001:00022270       ?InitName@?$MFileMapping@UPanelViewSetMapping@@@@QAEPB_WPB_WKK@Z 10023270 f i PluginBackground.obj
 0001:000222c0       ?CloseMap@?$MFileMapping@UPanelViewSetMapping@@@@QAEXXZ 100232c0 f i PluginBackground.obj
 0001:00022330       ?Open@?$MFileMapping@UPanelViewSetMapping@@@@QAEPAUPanelViewSetMapping@@HH@Z 10023330 f i PluginBackground.obj
 0001:00022350       ??0?$MFileMapping@UPanelViewSetMapping@@@@QAE@XZ 10023350 f i PluginBackground.obj
 0001:000223b0       ??1?$MFileMapping@UPanelViewSetMapping@@@@QAE@XZ 100233b0 f i PluginBackground.obj
 0001:000223d0       ?IsValid@?$MFileMapping@UPanelViewSetMapping@@@@QAE_NXZ 100233d0 f i PluginBackground.obj
 0001:000223f0       ?ClosePtr@?$MFileMapping@UPanelViewSetMapping@@@@QAEXXZ 100233f0 f i PluginBackground.obj
 0001:00022420       ?InternalOpenCreate@?$MFileMapping@UPanelViewSetMapping@@@@IAEPAUPanelViewSetMapping@@HHH@Z 10023420 f i PluginBackground.obj
 0001:000226e0       ?PlugServerInit@@YIXXZ     100236e0 f   PluginSrv.obj
 0001:000226f0       ?PlugServerStart@@YI_NXZ   100236f0 f   PluginSrv.obj
 0001:000227e0       ?PlugServerStop@@YIX_N@Z   100237e0 f   PluginSrv.obj
 0001:00022840       ?cmd_FarSetChanged@@YIXPAUFAR_REQ_FARSETCHANGED@@@Z 10023840 f   PluginSrv.obj
 0001:000228b0       ?PlugServerCommand@@YGHPAXPAUCESERVER_REQ@@AAPAU1@AAK3J@Z 100238b0 f   PluginSrv.obj
 0001:00022fc0       ?PlugServerFree@@YGXPAUCESERVER_REQ@@J@Z 10023fc0 f   PluginSrv.obj
 0001:00022fd0       ?SetOverlapped@?$PipeServer@UCESERVER_REQ@@@@QAEX_N@Z 10023fd0 f i PluginSrv.obj
 0001:00022ff0       ?SetLoopCommands@?$PipeServer@UCESERVER_REQ@@@@QAEX_N@Z 10023ff0 f i PluginSrv.obj
 0001:00023010       ?SetDummyAnswerSize@?$PipeServer@UCESERVER_REQ@@@@QAEXH@Z 10024010 f i PluginSrv.obj
 0001:00023030       ?SetMaxCount@?$PipeServer@UCESERVER_REQ@@@@QAEXH@Z 10024030 f i PluginSrv.obj
 0001:00023070       ?StartPipeServer@?$PipeServer@UCESERVER_REQ@@@@QAE_N_NPB_WJPAU_SECURITY_ATTRIBUTES@@P6GHPAXPAUCESERVER_REQ@@AAPAU3@AAK6J@ZP6GX4J@ZP6GH3J@Z99@Z 10024070 f i PluginSrv.obj
 0001:00023250       ?StopPipeServer@?$PipeServer@UCESERVER_REQ@@@@QAEX_NAA_N@Z 10024250 f i PluginSrv.obj
 0001:00023900       ?BreakConnection@?$PipeServer@UCESERVER_REQ@@@@QAEXPAX@Z 10024900 f i PluginSrv.obj
 0001:00023920       ?DumpError@?$PipeServer@UCESERVER_REQ@@@@IAEXPAUPipeInst@1@PB_WH@Z 10024920 f i PluginSrv.obj
 0001:00023a10       ?_Disconnect@?$PipeServer@UCESERVER_REQ@@@@IAEXPAUPipeInst@1@_N11@Z 10024a10 f i PluginSrv.obj
 0001:00023a90       ?StartPipeInstance@?$PipeServer@UCESERVER_REQ@@@@IAE_NPAUPipeInst@1@@Z 10024a90 f i PluginSrv.obj
 0001:00023c10       ?TerminatePipeThread@?$PipeServer@UCESERVER_REQ@@@@KIXAAPAXABUPipeInst@1@AA_N@Z 10024c10 f i PluginSrv.obj
 0001:00023ca0       ?_PipeServerThread@?$PipeServer@UCESERVER_REQ@@@@KGKPAX@Z 10024ca0 f i PluginSrv.obj
 0001:00023d10       ?PipeServerThread@?$PipeServer@UCESERVER_REQ@@@@IAEKPAUPipeInst@1@@Z 10024d10 f i PluginSrv.obj
 0001:000240a0       ?PipeServerRead@?$PipeServer@UCESERVER_REQ@@@@IAEHPAUPipeInst@1@@Z 100250a0 f i PluginSrv.obj
 0001:00024430       ?PipeServerWrite@?$PipeServer@UCESERVER_REQ@@@@IAEHPAUPipeInst@1@PBXKPAKH@Z 10025430 f i PluginSrv.obj
 0001:000245d0       ?WaitForClient@?$PipeServer@UCESERVER_REQ@@@@IAE_NPAUPipeInst@1@AAH1@Z 100255d0 f i PluginSrv.obj
 0001:000249b0       ?WriteDummyAnswer@?$PipeServer@UCESERVER_REQ@@@@IAEHPAUPipeInst@1@@Z 100259b0 f i PluginSrv.obj
 0001:00024a30       ?WaitOverlapped@?$PipeServer@UCESERVER_REQ@@@@IAEHPAUPipeInst@1@PAK@Z 10025a30 f i PluginSrv.obj
 0001:00024c60       ?AllocRequestBuf@PipeInst@?$PipeServer@UCESERVER_REQ@@@@QAEPAUCESERVER_REQ@@K@Z 10025c60 f i PluginSrv.obj
 0001:00024ce0       ??$wcscpy_c@$0BAE@@@YIHAAY0BAE@_WPB_W@Z 10025ce0 f i PluginSrv.obj
 0001:00024df0       ?SetConEmuEnvHWND@@YIXPB_WPAUHWND__@@@Z 10025df0 f   SetEnvVar.obj
 0001:00024e40       ?SetConEmuEnvVar@@YIXPAUHWND__@@@Z 10025e40 f   SetEnvVar.obj
 0001:00024eb0       ?SetConEmuEnvVarChild@@YIXPAUHWND__@@0@Z 10025eb0 f   SetEnvVar.obj
 0001:00024ee0       ?SetConEmuWorkEnvVar@@YIXPAUHINSTANCE__@@@Z 10025ee0 f   SetEnvVar.obj
 0001:00025060       ??0CEnvStrings@@QAE@PA_W@Z 10026060 f   SetEnvVar.obj
 0001:000250f0       ??1CEnvStrings@@QAE@XZ     100260f0 f   SetEnvVar.obj
 0001:00025120       ?ShutdownConsole@@YGXXZ    10026120 f   WConsole.obj
 0001:00025170       ?SetConsoleInfo@@YIHPAUHWND__@@PAU_CONSOLE_INFO@@@Z 10026170 f   WConsole.obj
 0001:00025450       ?ChangeScreenBufferSize@@YIXAAU_CONSOLE_SCREEN_BUFFER_INFO@@FFFF@Z 10026450 f   WConsole.obj
 0001:00025560       ?GetConWindowSize@@YIHABU_CONSOLE_SCREEN_BUFFER_INFO@@HHKPAH1PAK@Z 10026560 f   WConsole.obj
 0001:000256b0       ?GetConsoleSizeInfo@@YIXPAU_CONSOLE_INFO@@@Z 100266b0 f   WConsole.obj
 0001:00025760       ?apiGetConsoleScreenBufferInfoEx@@YIHPAXPAUMY_CONSOLE_SCREEN_BUFFER_INFOEX@@@Z 10026760 f   WConsole.obj
 0001:000257d0       ?apiSetConsoleScreenBufferInfoEx@@YIHPAXPAUMY_CONSOLE_SCREEN_BUFFER_INFOEX@@@Z 100267d0 f   WConsole.obj
 0001:00025850       ?apiGetConsoleFontSize@@YIHPAXAAH1AAY0CA@_W@Z 10026850 f   WConsole.obj
 0001:000258f0       ?apiSetConsoleFontSize@@YIHPAXHHPB_W@Z 100268f0 f   WConsole.obj
 0001:00025a40       ?apiFixFontSizeForBufferSize@@YIHPAXU_COORD@@PADH@Z 10026a40 f   WConsole.obj
 0001:00025f50       ?SetConsoleFontSizeTo@@YIXPAUHWND__@@HHPB_WGG@Z 10026f50 f   WConsole.obj
 0001:000264d0       ?apiPauseConsoleOutput@@YIHPAUHWND__@@_N@Z 100274d0 f   WConsole.obj
 0001:000265b0       ?apiGetConsoleSelectionInfo@@YIHPAU_CONSOLE_SELECTION_INFO@@@Z 100275b0 f   WConsole.obj
 0001:000266a0       ?MyGetLargestConsoleWindowSize@@YI?AU_COORD@@PAX@Z 100276a0 f   WConsole.obj
 0001:00026720       ?SearchAppPaths@@YI_NPB_WAAUCEStr@@_NPAU1@@Z 10027720 f   WFiles.obj
 0001:00026c50       ?GetFullPathNameEx@@YIPA_WPB_W@Z 10027c50 f   WFiles.obj
 0001:00026d30       ?FindFileName@@YI_NPB_WAAUCEStr@@@Z 10027d30 f   WFiles.obj
 0001:00026f20       ?MakePathProperCase@@YI_NAAUCEStr@@@Z 10027f20 f   WFiles.obj
 0001:00027150       ?ReadTextFile@@YIHPB_WKAAPA_WAAK2K@Z 10028150 f   WFiles.obj
 0001:00027580       ?WriteTextFile@@YIHPB_W0HK_NPAK@Z 10028580 f   WFiles.obj
 0001:00027800       ?FilesExists@@YI_NPB_W0_NH@Z 10028800 f   WFiles.obj
 0001:00027940       ?IsDotsName@@YI_NPB_W@Z    10028940 f   WFiles.obj
 0001:000279a0       ?FileExistSubDir@@YI_NPB_W0HAAUCEStr@@@Z 100289a0 f   WFiles.obj
 0001:00027ba0       ?DirectoryExists@@YI_NPB_W@Z 10028ba0 f   WFiles.obj
 0001:00027d00       ?MyCreateDirectory@@YI_NPA_W@Z 10028d00 f   WFiles.obj
 0001:00027e10       ?FileCompare@@YI_NPB_W0@Z  10028e10 f   WFiles.obj
 0001:00028030       ?apiCancelSynchronousIo@@YIHPAX@Z 10029030 f   WFiles.obj
 0001:000280c0       ?HasZoneIdentifier@@YI_NPB_WAAH@Z 100290c0 f   WFiles.obj
 0001:00028180       ?DropZoneIdentifier@@YI_NPB_WAAK@Z 10029180 f   WFiles.obj
 0001:00028230       ?IsModuleValid@@YI_NPAUHINSTANCE__@@H@Z 10029230 f   WModuleCheck.obj
 0001:000283c0       ?CheckCallbackPtr@@YI_NPAUHINSTANCE__@@IPAP6GHXZHHH@Z 100293c0 f   WModuleCheck.obj
 0001:00028510       ?getWindowInfo@@YIXPAUHWND__@@AAY0EAA@_W_NPAK@Z 10029510 f   WObjects.obj
 0001:000286d0       ?FileExists@@YI_NPB_WPAK@Z 100296d0 f   WObjects.obj
 0001:000288b0       ?FileSearchInDir@@YI_NPB_WAAUCEStr@@@Z 100298b0 f   WObjects.obj
 0001:00028a70       ?FileExistsSearch@@YI_NPB_WAAUCEStr@@_N2@Z 10029a70 f   WObjects.obj
 0001:00028b80       ?GetShortFileName@@YI_NPB_WHPA_WH@Z 10029b80 f   WObjects.obj
 0001:00028d90       ?GetShortFileNameEx@@YIPA_WPB_WH@Z 10029d90 f   WObjects.obj
 0001:000291c0       ?IsWine@@YI_NXZ            1002a1c0 f   WObjects.obj
 0001:000292e0       ?IsWinPE@@YI_NXZ           1002a2e0 f   WObjects.obj
 0001:00029350       ?GetOsVersionInformational@@YI_NPAU_OSVERSIONINFOW@@@Z 1002a350 f   WObjects.obj
 0001:00029380       ?IsWinVerOrHigher@@YI_NG@Z 1002a380 f   WObjects.obj
 0001:00029430       ?IsWin2kEql@@YI_NXZ        1002a430 f   WObjects.obj
 0001:000294d0       ?IsWin5family@@YI_NXZ      1002a4d0 f   WObjects.obj
 0001:00029560       ?IsWinXPSP1@@YI_NXZ        1002a560 f   WObjects.obj
 0001:00029620       ?IsWin6@@YI_NXZ            1002a620 f   WObjects.obj
 0001:00029660       ?IsWin7@@YI_NXZ            1002a660 f   WObjects.obj
 0001:000296a0       ?IsWin10@@YI_NXZ           1002a6a0 f   WObjects.obj
 0001:000296e0       ?IsDbcs@@YI_NXZ            1002a6e0 f   WObjects.obj
 0001:00029700       ?IsWindows64@@YI_NXZ       1002a700 f   WObjects.obj
 0001:00029790       ?IsHwFullScreenAvailable@@YI_NXZ 1002a790 f   WObjects.obj
 0001:00029830       ?IsVsNetHostExe@@YI_NPB_W@Z 1002a830 f   WObjects.obj
 0001:000298b0       ?IsGDB@@YI_NPB_W@Z         1002a8b0 f   WObjects.obj
 0001:00029900       ?GetProcessBits@@YIHKPAX@Z 1002a900 f   WObjects.obj
 0001:00029a20       ?GetProcessInfo@@YI_NKPAUtagPROCESSENTRY32W@@@Z 1002aa20 f   WObjects.obj
 0001:00029b10       ?isTerminalMode@@YI_NXZ    1002ab10 f   WObjects.obj
 0001:00029e30       ?ExpandMacroValues@@YIPA_WPB_WPAPB_WI@Z 1002ae30 f   WObjects.obj
 0001:00029ff0       ?ExpandEnvStr@@YIPA_WPB_W@Z 1002aff0 f   WObjects.obj
 0001:0002a0d0       ?GetEnvVar@@YIPA_WPB_W@Z   1002b0d0 f   WObjects.obj
 0001:0002a1a0       ?GetComspecFromEnvVar@@YIPB_WPA_WKW4ComSpecBits@@@Z 1002b1a0 f   WObjects.obj
 0001:0002a420       ?GetComspec@@YIPA_WPBUConEmuComspec@@@Z 1002b420 f   WObjects.obj
 0001:0002a660       ?IsExportEnvVarAllowed@@YI_NPB_W@Z 1002b660 f   WObjects.obj
 0001:0002a6d0       ?ApplyExportEnvVar@@YIXPB_W@Z 1002b6d0 f   WObjects.obj
 0001:0002a750       ?CoordInSmallRect@@YI_NABU_COORD@@ABU_SMALL_RECT@@@Z 1002b750 f   WObjects.obj
 0001:0002a7c0       ?GetCpFromString@@YIIPB_WPAPB_W@Z 1002b7c0 f   WObjects.obj
 0001:0002a930       ??$wcscpy_c@$0EAA@@@YIHAAY0EAA@_WPB_W@Z 1002b930 f i WObjects.obj
 0001:0002a960       ??$wcscpy_c@$0BAA@@@YIHAAY0BAA@_WPB_W@Z 1002b960 f i WObjects.obj
 0001:0002a990       ?apiThreadHelper@@YGKPAX@Z 1002b990 f   WThreads.obj
 0001:0002ab10       ?apiCreateThread@@YIPAXP6GKPAX@Z0PAKPBDH@Z 1002bb10 f   WThreads.obj
 0001:0002ac80       ??0ConEmuThreadStartArg@@QAE@P6GKPAX@Z0K@Z 1002bc80 f i WThreads.obj
 0001:0002acc0       ?apiTerminateThreadEx@@YIHPAXKPBDH@Z 1002bcc0 f   WThreads.obj
 0001:0002add0       ?SetThreadName@@YIXKPAD@Z  1002bdd0 f   WThreads.obj
 0001:0002ae60       ?apiSetForegroundWindow@@YI_NPAUHWND__@@@Z 1002be60 f   WUser.obj
 0001:0002ae90       ?apiShowWindow@@YI_NPAUHWND__@@H@Z 1002be90 f   WUser.obj
 0001:0002aec0       ?apiShowWindowAsync@@YI_NPAUHWND__@@H@Z 1002bec0 f   WUser.obj
 0001:0002aef0       ?IsUserAdmin@@YI_NXZ       1002bef0 f   WUser.obj
 0001:0002afe0       ?GetLogonSID@@YI_NPAXPAPA_W@Z 1002bfe0 f   WUser.obj
 0001:0002b100       ?RemoveOldComSpecC@@YIXXZ  1002c100 f   WUser.obj
 0001:0002b230       ?DuplicateProcessHandle@@YIPAXK@Z 1002c230 f   WUser.obj
 0001:0002b2a0       ?FindComspec@@YIXPAUConEmuComspec@@_N@Z 1002c2a0 f   WUser.obj
 0001:0002bc70       ?UpdateComspec@@YIXPAUConEmuComspec@@_N@Z 1002cc70 f   WUser.obj
 0001:0002bfb0       ?SetEnvVarExpanded@@YIXPB_W0@Z 1002cfb0 f   WUser.obj
 0001:0002c190       _wcsrchr                   1002d190 f   libCRT:strrchr.obj
 0001:0002c1c0       _wcschr                    1002d1c0 f   libCRT:strchr.obj
 0001:0002c1f0       _strpbrk                   1002d1f0 f   libCRT:strpbrk.obj
 0001:0002c280       _wcspbrk                   1002d280 f   libCRT:strpbrk.obj
 0001:0002c2d0       _wcsncmp                   1002d2d0 f   libCRT:strncmp.obj
 0001:0002c320       _strrchr                   1002d320 f   libCRT:strrchr.obj
 0001:0002c350       _wcsstr                    1002d350 f   libCRT:strstr.obj
 0001:0002c3b0       _memset                    1002d3b0 f   libCRT:memset.obj
 0001:0002c3f0       _memmove                   1002d3f0 f   libCRT:memmove.obj
 0001:0002c450       __aullshr                  1002d450 f   libCRT:vc_ullshr.obj
 0001:0002c470       _memcpy                    1002d470 f   libCRT:memcpy.obj
 0001:0002c4a0       _memcmp                    1002d4a0 f   libCRT:memcmp.obj
 0001:0002c4e0       _iswdigit                  1002d4e0 f i libCRT:strtol.obj
 0001:0002c500       _iswspace                  1002d500 f i libCRT:strtol.obj
 0001:0002c6c0       _wcstol                    1002d6c0 f   libCRT:strtol.obj
 0001:0002c6e0       _wcstoul                   1002d6e0 f   libCRT:strtol.obj
 0001:0002c700       _strchr                    1002d700 f   libCRT:strchr.obj
 0001:0002c716       _SetEnvironmentVariableW@8 1002d716 f   kernel32:KERNEL32.dll
 0001:0002c71c       _lstrlenW@4                1002d71c f   kernel32:KERNEL32.dll
 0001:0002c722       _lstrcpynW@12              1002d722 f   kernel32:KERNEL32.dll
 0001:0002c728       _lstrcmpiW@8               1002d728 f   kernel32:KERNEL32.dll
 0001:0002c72e       _lstrcmpW@8                1002d72e f   kernel32:KERNEL32.dll
 0001:0002c734       _GetCurrentDirectoryW@8    1002d734 f   kernel32:KERNEL32.dll
 0001:0002c73a       _SearchPathW@24            1002d73a f   kernel32:KERNEL32.dll
 0001:0002c740       _GetProcAddress@8          1002d740 f   kernel32:KERNEL32.dll
 0001:0002c746       _GetModuleHandleW@4        1002d746 f   kernel32:KERNEL32.dll
 0001:0002c74c       _GetModuleFileNameW@12     1002d74c f   kernel32:KERNEL32.dll
 0001:0002c752       _SetNamedPipeHandleState@16 1002d752 f   kernel32:KERNEL32.dll
 0001:0002c758       _GetCurrentProcessId@0     1002d758 f   kernel32:KERNEL32.dll
 0001:0002c75e       _Sleep@4                   1002d75e f   kernel32:KERNEL32.dll
 0001:0002c764       _SetLastError@4            1002d764 f   kernel32:KERNEL32.dll
 0001:0002c76a       _WaitNamedPipeW@8          1002d76a f   kernel32:KERNEL32.dll
 0001:0002c770       _WaitForSingleObject@8     1002d770 f   kernel32:KERNEL32.dll
 0001:0002c776       _GetLastError@0            1002d776 f   kernel32:KERNEL32.dll
 0001:0002c77c       _CreateFileW@28            1002d77c f   kernel32:KERNEL32.dll
 0001:0002c782       _GetTickCount@0            1002d782 f   kernel32:KERNEL32.dll
 0001:0002c788       _IsDebuggerPresent@0       1002d788 f   kernel32:KERNEL32.dll
 0001:0002c78e       _GetCurrentThreadId@0      1002d78e f   kernel32:KERNEL32.dll
 0001:0002c794       _ReadFile@20               1002d794 f   kernel32:KERNEL32.dll
 0001:0002c79a       _CloseHandle@4             1002d79a f   kernel32:KERNEL32.dll
 0001:0002c7a0       _TransactNamedPipe@28      1002d7a0 f   kernel32:KERNEL32.dll
 0001:0002c7a6       _WriteFile@20              1002d7a6 f   kernel32:KERNEL32.dll
 0001:0002c7ac       _GetConsoleWindow@0        1002d7ac f   kernel32:KERNEL32.dll
 0001:0002c7b2       _UnmapViewOfFile@4         1002d7b2 f   kernel32:KERNEL32.dll
 0001:0002c7b8       _MapViewOfFile@20          1002d7b8 f   kernel32:KERNEL32.dll
 0001:0002c7be       _OpenFileMappingW@12       1002d7be f   kernel32:KERNEL32.dll
 0001:0002c7c4       _LoadLibraryW@4            1002d7c4 f   kernel32:KERNEL32.dll
 0001:0002c7ca       _CreateFileMappingW@24     1002d7ca f   kernel32:KERNEL32.dll
 0001:0002c7d0       _VirtualProtect@16         1002d7d0 f   kernel32:KERNEL32.dll
 0001:0002c7d6       _lstrcpyW@8                1002d7d6 f   kernel32:KERNEL32.dll
 0001:0002c7dc       _MultiByteToWideChar@24    1002d7dc f   kernel32:KERNEL32.dll
 0001:0002c7e2       _lstrcpynA@12              1002d7e2 f   kernel32:KERNEL32.dll
 0001:0002c7e8       _lstrlenA@4                1002d7e8 f   kernel32:KERNEL32.dll
 0001:0002c7ee       _WideCharToMultiByte@32    1002d7ee f   kernel32:KERNEL32.dll
 0001:0002c7f4       _lstrcpyA@8                1002d7f4 f   kernel32:KERNEL32.dll
 0001:0002c7fa       _Module32NextW@8           1002d7fa f   kernel32:KERNEL32.dll
 0001:0002c800       _Module32FirstW@8          1002d800 f   kernel32:KERNEL32.dll
 0001:0002c806       _CreateToolhelp32Snapshot@8 1002d806 f   kernel32:KERNEL32.dll
 0001:0002c80c       _lstrcatW@8                1002d80c f   kernel32:KERNEL32.dll
 0001:0002c812       _GetConsoleCursorInfo@8    1002d812 f   kernel32:KERNEL32.dll
 0001:0002c818       _GetConsoleScreenBufferInfo@8 1002d818 f   kernel32:KERNEL32.dll
 0001:0002c81e       _GetStdHandle@4            1002d81e f   kernel32:KERNEL32.dll
 0001:0002c824       _InterlockedIncrement@4    1002d824 f   kernel32:KERNEL32.dll
 0001:0002c82a       _GetConsoleTitleW@8        1002d82a f   kernel32:KERNEL32.dll
 0001:0002c830       _DeleteFileW@4             1002d830 f   kernel32:KERNEL32.dll
 0001:0002c836       _Thread32Next@8            1002d836 f   kernel32:KERNEL32.dll
 0001:0002c83c       _Thread32First@8           1002d83c f   kernel32:KERNEL32.dll
 0001:0002c842       _GetConsoleMode@8          1002d842 f   kernel32:KERNEL32.dll
 0001:0002c848       _GetExitCodeProcess@8      1002d848 f   kernel32:KERNEL32.dll
 0001:0002c84e       _CreateProcessW@40         1002d84e f   kernel32:KERNEL32.dll
 0001:0002c854       _SetConsoleMode@8          1002d854 f   kernel32:KERNEL32.dll
 0001:0002c85a       _GetEnvironmentStringsW@0  1002d85a f   kernel32:KERNEL32.dll
 0001:0002c860       _GetEnvironmentVariableW@12 1002d860 f   kernel32:KERNEL32.dll
 0001:0002c866       _WaitForMultipleObjects@16 1002d866 f   kernel32:KERNEL32.dll
 0001:0002c86c       _CreateEventW@16           1002d86c f   kernel32:KERNEL32.dll
 0001:0002c872       _SetConsoleTitleW@4        1002d872 f   kernel32:KERNEL32.dll
 0001:0002c878       _CreateSemaphoreW@16       1002d878 f   kernel32:KERNEL32.dll
 0001:0002c87e       _ResetEvent@4              1002d87e f   kernel32:KERNEL32.dll
 0001:0002c884       _TerminateProcess@8        1002d884 f   kernel32:KERNEL32.dll
 0001:0002c88a       _GetCurrentProcess@0       1002d88a f   kernel32:KERNEL32.dll
 0001:0002c890       _SetEvent@4                1002d890 f   kernel32:KERNEL32.dll
 0001:0002c896       _IsBadStringPtrW@8         1002d896 f   kernel32:KERNEL32.dll
 0001:0002c89c       _InterlockedDecrement@4    1002d89c f   kernel32:KERNEL32.dll
 0001:0002c8a2       _ReleaseSemaphore@12       1002d8a2 f   kernel32:KERNEL32.dll
 0001:0002c8a8       _WriteConsoleInputW@16     1002d8a8 f   kernel32:KERNEL32.dll
 0001:0002c8ae       _GetNumberOfConsoleInputEvents@8 1002d8ae f   kernel32:KERNEL32.dll
 0001:0002c8b4       _ReadConsoleInputW@16      1002d8b4 f   kernel32:KERNEL32.dll
 0001:0002c8ba       _PeekConsoleInputW@16      1002d8ba f   kernel32:KERNEL32.dll
 0001:0002c8c0       _SuspendThread@4           1002d8c0 f   kernel32:KERNEL32.dll
 0001:0002c8c6       _ResumeThread@4            1002d8c6 f   kernel32:KERNEL32.dll
 0001:0002c8cc       _VerifyVersionInfoW@16     1002d8cc f   kernel32:KERNEL32.dll
 0001:0002c8d2       _VerSetConditionMask@16    1002d8d2 f   kernel32:KERNEL32.dll
 0001:0002c8d8       _ReleaseMutex@4            1002d8d8 f   kernel32:KERNEL32.dll
 0001:0002c8de       _CreateMutexW@12           1002d8de f   kernel32:KERNEL32.dll
 0001:0002c8e4       _SetFilePointer@16         1002d8e4 f   kernel32:KERNEL32.dll
 0001:0002c8ea       _GetFileInformationByHandle@8 1002d8ea f   kernel32:KERNEL32.dll
 0001:0002c8f0       _ReadProcessMemory@20      1002d8f0 f   kernel32:KERNEL32.dll
 0001:0002c8f6       _FreeLibrary@4             1002d8f6 f   kernel32:KERNEL32.dll
 0001:0002c8fc       _ExpandEnvironmentStringsW@12 1002d8fc f   kernel32:KERNEL32.dll
 0001:0002c902       _DebugBreak@0              1002d902 f   kernel32:KERNEL32.dll
 0001:0002c908       _HeapCreate@12             1002d908 f   kernel32:KERNEL32.dll
 0001:0002c90e       _HeapDestroy@4             1002d90e f   kernel32:KERNEL32.dll
 0001:0002c914       _HeapAlloc@12              1002d914 f   kernel32:KERNEL32.dll
 0001:0002c91a       _HeapReAlloc@16            1002d91a f   kernel32:KERNEL32.dll
 0001:0002c920       _HeapFree@12               1002d920 f   kernel32:KERNEL32.dll
 0001:0002c926       _HeapValidate@12           1002d926 f   kernel32:KERNEL32.dll
 0001:0002c92c       _OpenThread@12             1002d92c f   kernel32:KERNEL32.dll
 0001:0002c932       _InitializeCriticalSection@4 1002d932 f   kernel32:KERNEL32.dll
 0001:0002c938       _DeleteCriticalSection@4   1002d938 f   kernel32:KERNEL32.dll
 0001:0002c93e       _EnterCriticalSection@4    1002d93e f   kernel32:KERNEL32.dll
 0001:0002c944       _LeaveCriticalSection@4    1002d944 f   kernel32:KERNEL32.dll
 0001:0002c94a       _TryEnterCriticalSection@4 1002d94a f   kernel32:KERNEL32.dll
 0001:0002c950       _LocalFree@4               1002d950 f   kernel32:KERNEL32.dll
 0001:0002c956       _LocalAlloc@8              1002d956 f   kernel32:KERNEL32.dll
 0001:0002c95c       _lstrcmpiA@8               1002d95c f   kernel32:KERNEL32.dll
 0001:0002c962       _GetExitCodeThread@8       1002d962 f   kernel32:KERNEL32.dll
 0001:0002c968       _DisconnectNamedPipe@4     1002d968 f   kernel32:KERNEL32.dll
 0001:0002c96e       _SetThreadPriority@8       1002d96e f   kernel32:KERNEL32.dll
 0001:0002c974       _FlushFileBuffers@4        1002d974 f   kernel32:KERNEL32.dll
 0001:0002c97a       _GetOverlappedResult@16    1002d97a f   kernel32:KERNEL32.dll
 0001:0002c980       _ConnectNamedPipe@8        1002d980 f   kernel32:KERNEL32.dll
 0001:0002c986       _CreateNamedPipeW@32       1002d986 f   kernel32:KERNEL32.dll
 0001:0002c98c       _FreeEnvironmentStringsW@4 1002d98c f   kernel32:KERNEL32.dll
 0001:0002c992       _SetConsoleWindowInfo@12   1002d992 f   kernel32:KERNEL32.dll
 0001:0002c998       _GetConsoleOutputCP@0      1002d998 f   kernel32:KERNEL32.dll
 0001:0002c99e       _GetLargestConsoleWindowSize@4 1002d99e f   kernel32:KERNEL32.dll
 0001:0002c9a4       _GetFullPathNameW@16       1002d9a4 f   kernel32:KERNEL32.dll
 0001:0002c9aa       _FindClose@4               1002d9aa f   kernel32:KERNEL32.dll
 0001:0002c9b0       _FindFirstFileW@8          1002d9b0 f   kernel32:KERNEL32.dll
 0001:0002c9b6       _GetFileSize@8             1002d9b6 f   kernel32:KERNEL32.dll
 0001:0002c9bc       _FindNextFileW@8           1002d9bc f   kernel32:KERNEL32.dll
 0001:0002c9c2       _CreateDirectoryW@8        1002d9c2 f   kernel32:KERNEL32.dll
 0001:0002c9c8       _GetFileSizeEx@8           1002d9c8 f   kernel32:KERNEL32.dll
 0001:0002c9ce       _GetPrivateProfileIntW@16  1002d9ce f   kernel32:KERNEL32.dll
 0001:0002c9d4       _WritePrivateProfileStringW@16 1002d9d4 f   kernel32:KERNEL32.dll
 0001:0002c9da       _IsBadReadPtr@8            1002d9da f   kernel32:KERNEL32.dll
 0001:0002c9e0       _VirtualFree@12            1002d9e0 f   kernel32:KERNEL32.dll
 0001:0002c9e6       _VirtualAlloc@16           1002d9e6 f   kernel32:KERNEL32.dll
 0001:0002c9ec       _GetSystemInfo@4           1002d9ec f   kernel32:KERNEL32.dll
 0001:0002c9f2       _GetVersionExW@4           1002d9f2 f   kernel32:KERNEL32.dll
 0001:0002c9f8       _OpenProcess@12            1002d9f8 f   kernel32:KERNEL32.dll
 0001:0002c9fe       _Process32NextW@8          1002d9fe f   kernel32:KERNEL32.dll
 0001:0002ca04       _Process32FirstW@8         1002da04 f   kernel32:KERNEL32.dll
 0001:0002ca0a       _GetWindowsDirectoryW@8    1002da0a f   kernel32:KERNEL32.dll
 0001:0002ca10       _CreateThread@24           1002da10 f   kernel32:KERNEL32.dll
 0001:0002ca16       _TerminateThread@8         1002da16 f   kernel32:KERNEL32.dll
 0001:0002ca1c       _RaiseException@16         1002da1c f   kernel32:KERNEL32.dll
 0001:0002ca22       _DuplicateHandle@28        1002da22 f   kernel32:KERNEL32.dll
 0001:0002ca28       _CharUpperBuffW@8          1002da28 f   user32:USER32.dll
 0001:0002ca2e       _MapVirtualKeyW@8          1002da2e f   user32:USER32.dll
 0001:0002ca34       _VkKeyScanW@4              1002da34 f   user32:USER32.dll
 0001:0002ca3a       _IsWindow@4                1002da3a f   user32:USER32.dll
 0001:0002ca40       _GetWindowLongW@8          1002da40 f   user32:USER32.dll
 0001:0002ca46       _GetClassNameW@12          1002da46 f   user32:USER32.dll
 0001:0002ca4c       _GetWindowThreadProcessId@8 1002da4c f   user32:USER32.dll
 0001:0002ca52       _FindWindowW@8             1002da52 f   user32:USER32.dll
 0001:0002ca58       _MessageBoxW@16            1002da58 f   user32:USER32.dll
 0001:0002ca5e       _wsprintfW                 1002da5e f   user32:USER32.dll
 0001:0002ca64       _GetParent@4               1002da64 f   user32:USER32.dll
 0001:0002ca6a       _RegisterWindowMessageW@4  1002da6a f   user32:USER32.dll
 0001:0002ca70       _IsWindowVisible@4         1002da70 f   user32:USER32.dll
 0001:0002ca76       _PostMessageW@16           1002da76 f   user32:USER32.dll
 0001:0002ca7c       _GetSystemMetrics@4        1002da7c f   user32:USER32.dll
 0001:0002ca82       _GetMonitorInfoW@8         1002da82 f   user32:USER32.dll
 0001:0002ca88       _MonitorFromWindow@8       1002da88 f   user32:USER32.dll
 0001:0002ca8e       _SetWindowPos@28           1002da8e f   user32:USER32.dll
 0001:0002ca94       _GetWindowRect@8           1002da94 f   user32:USER32.dll
 0001:0002ca9a       _EnableWindow@8            1002da9a f   user32:USER32.dll
 0001:0002caa0       _IsWindowEnabled@4         1002daa0 f   user32:USER32.dll
 0001:0002caa6       _IsRectEmpty@4             1002daa6 f   user32:USER32.dll
 0001:0002caac       _EnumDisplayMonitors@16    1002daac f   user32:USER32.dll
 0001:0002cab2       _SystemParametersInfoW@16  1002dab2 f   user32:USER32.dll
[...]
 0003:00002a18       ?gbIgnoreUpdateTabs@@3HA   10047a18     ConEmuPluginBase.obj
 0003:00002a1c       ?gbRequestUpdateTabs@@3HA  10047a1c     ConEmuPluginBase.obj
 0003:00002a20       ?gbClosingModalViewerEditor@@3HA 10047a20     ConEmuPluginBase.obj
 0003:00002a24       ?gLastMouseReadEvent@@3U_MOUSE_EVENT_RECORD@@A 10047a24     ConEmuPluginBase.obj
 0003:00002a34       ?gbUngetDummyMouseEvent@@3HA 10047a34     ConEmuPluginBase.obj
 0003:00002a38       ?gnAllowDummyMouseEvent@@3JA 10047a38     ConEmuPluginBase.obj
 0003:00002a3c       ?gnDummyMouseEventFromMacro@@3JA 10047a3c     ConEmuPluginBase.obj
 0003:00002a40       ?csData@@3PAVMSection@@A   10047a40     ConEmuPluginBase.obj
 0003:00002a44       ?gpCmdRet@@3PAUCESERVER_REQ@@A 10047a44     ConEmuPluginBase.obj
 0003:00002a48       ?gpData@@3PAEA             10047a48     ConEmuPluginBase.obj
 0003:00002a4c       ?gpCursor@@3PAEA           10047a4c     ConEmuPluginBase.obj
 0003:00002a50       ?gnDataSize@@3KA           10047a50     ConEmuPluginBase.obj
 0003:00002a54       ?gpReqCommandData@@3PAXA   10047a54     ConEmuPluginBase.obj
 0003:00002a58       ?ghReqCommandEvent@@3PAXA  10047a58     ConEmuPluginBase.obj
 0003:00002a5c       ?gbReqCommandWaiting@@3HA  10047a5c     ConEmuPluginBase.obj
 0003:00002a60       ?gnMsgTabChanged@@3IA      10047a60     ConEmuPluginBase.obj
 0003:00002a64       ?csTabs@@3PAVMSection@@A   10047a64     ConEmuPluginBase.obj
 0003:00002a68       ?gbPlugKeyChanged@@3HA     10047a68     ConEmuPluginBase.obj
 0003:00002a6c       ?ghRegMonitorKey@@3PAUHKEY__@@A 10047a6c     ConEmuPluginBase.obj
 0003:00002a70       ?ghRegMonitorEvt@@3PAXA    10047a70     ConEmuPluginBase.obj
 0003:00002a74       ?ghPluginSemaphore@@3PAXA  10047a74     ConEmuPluginBase.obj
 0003:00002a78       ?gsFarLang@@3PA_WA         10047a78     ConEmuPluginBase.obj
 0003:00002af8       ?gbNeedPostTabSend@@3HA    10047af8     ConEmuPluginBase.obj
 0003:00002afc       ?gbNeedPostEditCheck@@3HA  10047afc     ConEmuPluginBase.obj
 0003:00002b00       ?gbNeedPostReloadFarInfo@@3HA 10047b00     ConEmuPluginBase.obj
 0003:00002b04       ?gnNeedPostTabSendTick@@3KA 10047b04     ConEmuPluginBase.obj
 0003:00002b08       ?gpConMapInfo@@3PBUCESERVER_CONSOLE_MAPPING_HDR@@B 10047b08     ConEmuPluginBase.obj
 0003:00002b0c       ?gbStartedUnderConsole2@@3HA 10047b0c     ConEmuPluginBase.obj
 0003:00002b10       ?gnSelfPID@@3KA            10047b10     ConEmuPluginBase.obj
 0003:00002b14       ?ghFarInfoMapping@@3PAXA   10047b14     ConEmuPluginBase.obj
 0003:00002b18       ?gpFarInfo@@3PAUCEFAR_INFO_MAPPING@@A 10047b18     ConEmuPluginBase.obj
 0003:00002b1c       ?gpFarInfoMapping@@3PAUCEFAR_INFO_MAPPING@@A 10047b1c     ConEmuPluginBase.obj
 0003:00002b20       ?ghFarAliveEvent@@3PAXA    10047b20     ConEmuPluginBase.obj
 0003:00002b24       ?gPanelRegLeft@@3UPanelViewRegInfo@@A 10047b24     ConEmuPluginBase.obj
 0003:00002b3c       ?gPanelRegRight@@3UPanelViewRegInfo@@A 10047b3c     ConEmuPluginBase.obj
 0003:00002b54       ?ghConEmuCtrlPressed@@3PAXA 10047b54     ConEmuPluginBase.obj
 0003:00002b58       ?ghConEmuShiftPressed@@3PAXA 10047b58     ConEmuPluginBase.obj
 0003:00002b5c       ?gbWaitConsoleInputEmpty@@3HA 10047b5c     ConEmuPluginBase.obj
 0003:00002b60       ?gbWaitConsoleWrite@@3HA   10047b60     ConEmuPluginBase.obj
 0003:00002b64       ?ghConsoleInputEmpty@@3PAXA 10047b64     ConEmuPluginBase.obj
 0003:00002b68       ?ghConsoleWrite@@3PAXA     10047b68     ConEmuPluginBase.obj
 0003:00002b6c       ?gnSynchroCount@@3HA       10047b6c     ConEmuPluginBase.obj
 0003:00002b70       ?gbSynchroProhibited@@3_NA 10047b70     ConEmuPluginBase.obj
 0003:00002b71       ?gbInputSynchroPending@@3_NA 10047b71     ConEmuPluginBase.obj
 0003:00002b88       ?AssertMsgBox@@3P6IHPB_WI0PAUHWND__@@_N@ZA 10047b88     MAssert.obj
 0003:00002b8c       ?ghHeap@@3PAXA             10047b8c     Memory.obj
 0003:00002b90       ?gNullDesc@@3PAVMNullDesc@@A 10047b90     MSecurity.obj
 0003:00002b94       ?gbNeedBgActivate@@3HA     10047b94     PluginBackground.obj
 0003:00002b98       ?gbBgPluginsAllowed@@3HA   10047b98     PluginBackground.obj
 0003:00002b9c       ?gpBgPlugin@@3PAVCPluginBackground@@A 10047b9c     PluginBackground.obj
 0003:00002ba0       ?gszPluginServerPipe@@3PA_WA 10047ba0     PluginSrv.obj
 0003:00002da8       ?gpPlugServer@@3PAU?$PipeServer@UCESERVER_REQ@@@@A 10047da8     PluginSrv.obj
 0003:00002dac       ?ghServerTerminateEvent@@3PAXA 10047dac     PluginSrv.obj
 0003:00002db0       ?gbForcedServerTermination@@3_NA 10047db0     PluginSrv.obj
 0003:00002db8       ?gpConsoleInfoStr@@3PAU_CONSOLE_INFO@@A 10047db8     WConsole.obj
 0003:00002dbc       ?ghConsoleSection@@3PAXA   10047dbc     WConsole.obj
 0003:00002dc0       ?g_LastSetConsoleFont@@3UMY_CONSOLE_FONT_INFOEX@@A 10047dc0     WConsole.obj
 0003:00002e38       ?gfVirtualAlloc@@3P6GPAXPAXKKK@ZA 10047e38     WModuleCheck.obj
 0003:00002e64       ?gfnSearchAppPaths@@3P6I_NPB_WAAUCEStr@@_NPAU1@@ZA 10047e64     WObjects.obj
 0003:0000a298       ?g_ThreadsIdx@@3JA         1004f298     WThreads.obj
 0003:0000a2a0       __aenvptr                  1004f2a0     LIBCMT:dllcrt0.obj
 0003:0000a2a4       __wenvptr                  1004f2a4     LIBCMT:dllcrt0.obj
 0003:0000a2a8       ___error_mode              1004f2a8     LIBCMT:dllcrt0.obj
 0003:0000a2ac       ___app_type                1004f2ac     LIBCMT:dllcrt0.obj
 0003:0000a5c4       _gpFlsAlloc                1004f5c4     LIBCMT:tidtable.obj
 0003:0000a5c8       _gpFlsGetValue             1004f5c8     LIBCMT:tidtable.obj
 0003:0000a5cc       _gpFlsSetValue             1004f5cc     LIBCMT:tidtable.obj
 0003:0000a5d0       _gpFlsFree                 1004f5d0     LIBCMT:tidtable.obj
 0003:0000a5dc       ___pPurecall               1004f5dc     LIBCMT:inithelp.obj
 0003:0000a668       __maxwait                  1004f668     LIBCMT:crtheap.obj
 0003:0000a66c       __umaskval                 1004f66c     LIBCMT:crt0dat.obj
 0003:0000a670       ___argc                    1004f670     LIBCMT:crt0dat.obj
 0003:0000a674       ___argv                    1004f674     LIBCMT:crt0dat.obj
 0003:0000a678       ___wargv                   1004f678     LIBCMT:crt0dat.obj
 0003:0000a67c       __environ                  1004f67c     LIBCMT:crt0dat.obj
 0003:0000a680       ___initenv                 1004f680     LIBCMT:crt0dat.obj
 0003:0000a684       __wenviron                 1004f684     LIBCMT:crt0dat.obj
 0003:0000a688       ___winitenv                1004f688     LIBCMT:crt0dat.obj
 0003:0000a68c       __pgmptr                   1004f68c     LIBCMT:crt0dat.obj
 0003:0000a690       __wpgmptr                  1004f690     LIBCMT:crt0dat.obj
 0003:0000a694       __exitflag                 1004f694     LIBCMT:crt0dat.obj
 0003:0000a698       __C_Termination_Done       1004f698     LIBCMT:crt0dat.obj
 0003:0000a69c       __C_Exit_Done              1004f69c     LIBCMT:crt0dat.obj
 0003:0000a7ac       __crtheap                  1004f7ac     LIBCMT:heapinit.obj
 0003:0000a7c4       ___pInvalidArgHandler      1004f7c4     LIBCMT:invarg.obj
 0003:0000a930       ___locale_changed          1004f930     LIBCMT:setlocal.obj
 0003:0000a934       ___lc_handle               1004f934     LIBCMT:nlsdata2.obj
 0003:0000a94c       ___lc_codepage             1004f94c     LIBCMT:nlsdata2.obj
 0003:0000a950       ___lc_collate_cp           1004f950     LIBCMT:nlsdata2.obj
 0003:0000a958       ___mbulinfo                1004f958     LIBCMT:mbctype.obj
 0003:0000a964       ___mbcodepage              1004f964     LIBCMT:mbctype.obj
 0003:0000a968       ___ismbcodepage            1004f968     LIBCMT:mbctype.obj
 0003:0000a96c       ___mblcid                  1004f96c     LIBCMT:mbctype.obj
 0003:0000a974       ___sbh_pHeaderDefer        1004f974     LIBCMT:sbheap.obj
 0003:0000a978       ?__pInconsistency@@3P6AXXZA 1004f978     LIBCMT:hooks.obj
 0003:0000a984       ?_pnhHeap@@3P6AHI@ZA       1004f984     LIBCMT:handler.obj
 0003:0000acac       ___lconv_static_null       1004fcac     LIBCMT:lconv.obj
 0003:0000acb8       __newmode                  1004fcb8     LIBCMT:_newmode.obj
 0003:0000ad7c       __debugger_hook_dummy      1004fd7c     <common>
 0003:0000ad80       ___sbh_initialized         1004fd80     <common>
 0003:0000ad84       ___sbh_cntHeaderList       1004fd84     <common>
 0003:0000ad88       ___sbh_pHeaderList         1004fd88     <common>
 0003:0000ad8c       ___sbh_threshold           1004fd8c     <common>
 0003:0000ad90       ___sbh_pHeaderScan         1004fd90     <common>
 0003:0000ad94       ___sbh_sizeHeaderList      1004fd94     <common>
 0003:0000ad98       ___sbh_indGroupDefer       1004fd98     <common>
 0003:0000ad9c       ___setlc_active            1004fd9c     <common>
 0003:0000ada0       ___unguarded_readlc_active 1004fda0     <common>
 0003:0000ada4       ___active_heap             1004fda4     <common>
 0003:0000ada8       __nhandle                  1004fda8     <common>
 0003:0000adc0       ___pioinfo                 1004fdc0     <common>
 0003:0000aec0       ___env_initialized         1004fec0     <common>
 0003:0000aec4       ___onexitend               1004fec4     <common>
 0003:0000aec8       ___onexitbegin             1004fec8     <common>
 0003:0000aecc       ___mbctype_initialized     1004fecc     <common>
 0003:0000aed0       __FPinit                   1004fed0     <common>
 0003:0000aed4       ___dyn_tls_init_callback   1004fed4     <common>
 0003:0000aed8       __pDestructExceptionObject 1004fed8     <common>
 0003:0000aedc       ___sse2_available          1004fedc     <common>
 0003:0000aee0       __acmdln                   1004fee0     <common>

 entry point at        0001:0002d0d8

 Static symbols

 0001:00000490       ?StringValidateDestW@@YGJPB_WII@Z 10001490 f   CEStr.obj
 0001:000004c0       ?StringCopyWorkerW@@YGJPA_WIPAIPB_WI@Z 100014c0 f   CEStr.obj
 0001:00003bd0       ?StringValidateDestW@@YGJPB_WII@Z 10004bd0 f   ConEmuCheck.obj
 0001:00003c00       ?StringCopyWorkerW@@YGJPA_WIPAIPB_WI@Z 10004c00 f   ConEmuCheck.obj
 0001:00005790       ?StringValidateDestW@@YGJPB_WII@Z 10006790 f   ConEmuCheckEx.obj
 0001:000057c0       ?StringCopyWorkerW@@YGJPA_WIPAIPB_WI@Z 100067c0 f   ConEmuCheckEx.obj
 0001:00005950       ?StringValidateDestAndLengthW@@YGJPB_WIPAII@Z 10006950 f   ConEmuCheckEx.obj
 0001:000059a0       ?StringLengthWorkerW@@YGJPB_WIPAI@Z 100069a0 f   ConEmuCheckEx.obj
 0001:00005fc0       ?StringValidateDestW@@YGJPB_WII@Z 10006fc0 f   ConEmuInjects.obj
 0001:00005ff0       ?StringCopyWorkerW@@YGJPA_WIPAIPB_WI@Z 10006ff0 f   ConEmuInjects.obj
 0001:00006a50       ?ChangeExports@@YI_NPBUExportFunc@@PAUHINSTANCE__@@@Z 10007a50 f   ConEmuPlugin.obj
 0001:000097c0       ?GetFarSetting@@YIHPAXIPB_W@Z 1000a7c0 f   ConEmuPlugin1900.obj
 0001:00009a60       ?CallGuiMacroProc@@YIXXZ   1000aa60 f   ConEmuPlugin1900.obj
 0001:00009e30       ?CallGuiMacroDlg@@YGHPAXHH0@Z 1000ae30 f   ConEmuPlugin1900.obj
 0001:0000a350       ?MAKEFARVERSION@@YI?AUVersionInfo@@KKKKW4VERSION_STAGE@@@Z 1000b350 f   ConEmuPlugin2800.obj
 0001:0000b980       ?WExists@@YIHABUWindowInfo@@ABV?$MArray@UWindowInfo@@@@@Z 1000c980 f   ConEmuPlugin2800.obj
 0001:0000ba00       ?WLoadWindows@@YIHAAV?$MArray@UWindowInfo@@@@H@Z 1000ca00 f   ConEmuPlugin2800.obj
 0001:0000c9c0       ?GetFarSetting@@YIHPAXIPB_W@Z 1000d9c0 f   ConEmuPlugin2800.obj
 0001:0000cc70       ?CallGuiMacroProc@@YIXXZ   1000dc70 f   ConEmuPlugin2800.obj
 0001:0000cfd0       ?CallGuiMacroDlg@@YGHPAXHH0@Z 1000dfd0 f   ConEmuPlugin2800.obj
 0001:0000d420       ?FreeMacroResult@@YGXPAXPAUFarMacroValue@@I@Z 1000e420 f   ConEmuPlugin2800.obj
 0001:0000f460       ?CallGuiMacroProc@@YIXXZ   10010460 f   ConEmuPlugin995.obj
 0001:0000f7c0       ?CallGuiMacroDlg@@YGJPAXHHJ@Z 100107c0 f   ConEmuPlugin995.obj
 0001:00011410       ?CallGuiMacroProc@@YIXXZ   10012410 f   ConEmuPluginA.obj
 0001:000117c0       ?CallGuiMacroDlg@@YGJPAXHHJ@Z 100127c0 f   ConEmuPluginA.obj
 0001:00012420       ?LoadFarVersion@@YI_NAAUFarVersion@@AAY0CAA@_W@Z 10013420 f   ConEmuPluginBase.obj
 0001:000124c0       ?SetDefaultFarVersion@@YIXAAUFarVersion@@@Z 100134c0 f   ConEmuPluginBase.obj
 0001:00012510       ?LoadFarVersion@@YI_NPB_WAAUFarVersion@@AAY0CAA@_W@Z 10013510 f   ConEmuPluginBase.obj
 0001:00012570       ?LoadAppVersion@@YI_NPB_WAAUtagVS_FIXEDFILEINFO@@AAY0CAA@_W@Z 10013570 f   ConEmuPluginBase.obj
 0001:00012760       ?ConvertVersionToFarVersion@@YIXABUtagVS_FIXEDFILEINFO@@AAUFarVersion@@@Z 10013760 f   ConEmuPluginBase.obj
 0001:0001ae00       ?StringValidateDestW@@YGJPB_WII@Z 1001be00 f   ConEmuPluginBase.obj
 0001:0001ae30       ?StringValidateDestAndLengthW@@YGJPB_WIPAII@Z 1001be30 f   ConEmuPluginBase.obj
 0001:0001ae80       ?StringLengthWorkerW@@YGJPB_WIPAI@Z 1001be80 f   ConEmuPluginBase.obj
 0001:0001aef0       ?StringCopyWorkerW@@YGJPA_WIPAIPB_WI@Z 1001bef0 f   ConEmuPluginBase.obj
 0001:0001c940       ?StringValidateDestW@@YGJPB_WII@Z 1001d940 f   Execute.obj
 0001:0001c970       ?StringCopyWorkerW@@YGJPA_WIPAIPB_WI@Z 1001d970 f   Execute.obj
 0001:0001ccc0       ?StringValidateDestA@@YGJPBDII@Z 1001dcc0 f   Memory.obj
 0001:0001ccf0       ?StringCopyWorkerA@@YGJPADIPAIPBDI@Z 1001dcf0 f   Memory.obj
 0001:0001ce10       ?StringValidateDestW@@YGJPB_WII@Z 1001de10 f   Memory.obj
 0001:0001ce40       ?StringCopyWorkerW@@YGJPA_WIPAIPB_WI@Z 1001de40 f   Memory.obj
 0001:00022600       ?StringValidateDestW@@YGJPB_WII@Z 10023600 f   PluginBackground.obj
 0001:00022630       ?StringCopyWorkerW@@YGJPA_WIPAIPB_WI@Z 10023630 f   PluginBackground.obj
 0001:00024d10       ?StringValidateDestW@@YGJPB_WII@Z 10025d10 f   PluginSrv.obj
 0001:00024d40       ?StringCopyWorkerW@@YGJPA_WIPAIPB_WI@Z 10025d40 f   PluginSrv.obj
 0001:00028cb0       ?StringValidateDestW@@YGJPB_WII@Z 10029cb0 f   WObjects.obj
 0001:00028ce0       ?StringCopyWorkerW@@YGJPA_WIPAIPB_WI@Z 10029ce0 f   WObjects.obj
 0001:00029230       ?CheckRegKeyExist@@YI_NPAURegKeyExistArg@@@Z 1002a230 f   WObjects.obj
 0001:0002a360       ?StringValidateDestAndLengthW@@YGJPB_WIPAII@Z 1002b360 f   WObjects.obj
 0001:0002a3b0       ?StringLengthWorkerW@@YGJPB_WIPAI@Z 1002b3b0 f   WObjects.obj
 0001:0002c0b0       ?StringValidateDestW@@YGJPB_WII@Z 1002d0b0 f   WUser.obj
 0001:0002c0e0       ?StringCopyWorkerW@@YGJPA_WIPAIPB_WI@Z 1002d0e0 f   WUser.obj
 0001:0002c520       ?strtoxl@@YAKPB_WPAPA_WHH@Z 1002d520 f   libCRT:strtol.obj
 0001:0002cfe2       ___DllMainCRTStartup       1002dfe2 f   LIBCMT:dllcrt0.obj
 0001:0002d0fb       _has_osfxsr_set            1002e0fb f   LIBCMT:cpu_disp.obj
 0001:0002dd74       __unwind_handler           1002ed74 f   LIBCMT:exsup.obj
 0001:0002de90       _ValidateScopeTableHandlers 1002ee90 f   LIBCMT:eh3valid.obj
 0001:0002e541       __initterm                 1002f541 f   LIBCMT:crt0dat.obj
 0001:0002e67f       _doexit                    1002f67f f   LIBCMT:crt0dat.obj
 0001:0002ebd2       _parse_cmdline             1002fbd2 f   LIBCMT:stdargv.obj
 0001:0002f059       _xcptlookup                10030059 f   LIBCMT:winxfltr.obj
 0001:0002f270       _ValidateLocalCookies      10030270 f   LIBCMT:chandler4.obj
 0001:0002f4e0       _ctrlevent_capture@4       100304e0 f   LIBCMT:winsig.obj
 0001:0002f57b       _siglookup                 1003057b f   LIBCMT:winsig.obj
 0001:00030322       __copytlocinfo_nolock      10031322 f   LIBCMT:setlocal.obj
 0001:00030348       __updatetlocinfoEx_nolock  10031348 f   LIBCMT:setlocal.obj
 0001:00030466       _sync_legacy_variables_lk  10031466 f   LIBCMT:setlocal.obj
 0001:00030813       __setlocale_get_all        10031813 f   LIBCMT:setlocal.obj
 0001:00030bc1       __setlocale_set_cat        10031bc1 f   LIBCMT:setlocal.obj
 0001:00030ec3       __setlocale_nolock         10031ec3 f   LIBCMT:setlocal.obj
 0001:0003135f       ?CPtoLCID@@YAHH@Z          1003235f f   LIBCMT:mbctype.obj
 0001:0003138e       ?setSBCS@@YAXPAUthreadmbcinfostruct@@@Z 1003238e f   LIBCMT:mbctype.obj
 0001:000313f2       ?setSBUpLow@@YAXPAUthreadmbcinfostruct@@@Z 100323f2 f   LIBCMT:mbctype.obj
 0001:000316b0       ?getSystemCP@@YAHH@Z       100326b0 f   LIBCMT:mbctype.obj
 0001:00032144       ?__crtGetLocaleInfoW_stat@@YAHPAUlocaleinfo_struct@@KKPA_WHH@Z 10033144 f   LIBCMT:w_loc.obj
 0001:000321c7       ?__crtGetLocaleInfoA_stat@@YAHPAUlocaleinfo_struct@@KKPADHH@Z 100331c7 f   LIBCMT:a_loc.obj
 0001:00033b2e       __onexit_nolock            10034b2e f   LIBCMT:onexit.obj
 0001:00033f2b       ?x_ismbbtype_l@@YAHPAUlocaleinfo_struct@@IHH@Z 10034f2b f   LIBCMT:ismbbyte.obj
 0001:00034278       __unwind_handler4          10035278 f   LIBCMT:exsup4.obj
 0001:00034478       __get_lc_time              10035478 f   LIBCMT:inittime.obj
 0001:00034aa1       _fix_grouping              10035aa1 f   LIBCMT:initnum.obj
 0001:00034ce3       _fix_grouping              10035ce3 f   LIBCMT:initmon.obj
 0001:00035a38       ?_store_str@@YAXPADPAPADPAI@Z 10036a38 f   LIBCMT:strftime.obj
 0001:00035a58       ?_store_number@@YAXHPAPADPAI@Z 10036a58 f   LIBCMT:strftime.obj
 0001:00035a8e       ?_store_num@@YAXHHPAPADPAII@Z 10036a8e f   LIBCMT:strftime.obj
 0001:00035b09       ?_expandtime@@YAHPAUlocaleinfo_struct@@DPBUtm@@PAPADPAIPAU__lc_time_data@@I@Z 10036b09 f   LIBCMT:strftime.obj
 0001:00035ef1       ?_store_winword@@YAHPAUlocaleinfo_struct@@HPBUtm@@PAPADPAIPAU__lc_time_data@@@Z 10036ef1 f   LIBCMT:strftime.obj
 0001:00036658       _TranslateName             10037658 f   LIBCMT:getqloc.obj
 0001:000366ba       _GetLcidFromDefault        100376ba f   LIBCMT:getqloc.obj
 0001:000366ce       _ProcessCodePage           100376ce f   LIBCMT:getqloc.obj
 0001:00036772       _TestDefaultCountry        10037772 f   LIBCMT:getqloc.obj
 0001:00036796       _LcidFromHexString         10037796 f   LIBCMT:getqloc.obj
 0001:000367ca       _GetPrimaryLen             100377ca f   LIBCMT:getqloc.obj
 0001:000367e5       _CountryEnumProc@4         100377e5 f   LIBCMT:getqloc.obj
 0001:0003687d       _TestDefaultLanguage       1003787d f   LIBCMT:getqloc.obj
 0001:000368f1       _LangCountryEnumProc@4     100378f1 f   LIBCMT:getqloc.obj
 0001:00036ac3       _LanguageEnumProc@4        10037ac3 f   LIBCMT:getqloc.obj
 0001:00036b84       _GetLcidFromCountry        10037b84 f   LIBCMT:getqloc.obj
 0001:00036bb0       _GetLcidFromLangCountry    10037bb0 f   LIBCMT:getqloc.obj
 0001:00036c17       _GetLcidFromLanguage       10037c17 f   LIBCMT:getqloc.obj
 0001:00036e44       ?__crtGetStringTypeA_stat@@YAHPAUlocaleinfo_struct@@KPBDHPAGHHH@Z 10037e44 f   LIBCMT:a_str.obj
 0001:00037100       ?strncnt@@YAHPBDH@Z        10038100 f   LIBCMT:a_map.obj
 0001:0003711e       ?__crtLCMapStringA_stat@@YAHPAUlocaleinfo_struct@@KKPBDHPADHHH@Z 1003811e f   LIBCMT:a_map.obj
 0001:00037872       __tzset_nolock             10038872 f   LIBCMT:tzset.obj
 0001:00037bb8       _cvtdate                   10038bb8 f   LIBCMT:tzset.obj
 0001:00037daf       __isindst_nolock           10038daf f   LIBCMT:tzset.obj
 0001:00038638       _xtoa_s@20                 10039638 f   LIBCMT:xtoas.obj
 0001:00038780       @x64toa_s@24               10039780 f   LIBCMT:xtoas.obj
 0001:00038b50       __getenv_s_helper          10039b50 f   LIBCMT:getenv.obj
 0001:00038be5       __dupenv_s_helper          10039be5 f   LIBCMT:getenv.obj
 0001:00039123       ?strtoxl@@YAKPAUlocaleinfo_struct@@PBDPAPBDHH@Z 1003a123 f   LIBCMT:strtol.obj
 0001:000393e3       ?strtoxq@@YA_KPAUlocaleinfo_struct@@PBDPAPBDHH@Z 1003a3e3 f   LIBCMT:strtoq.obj
 0001:00039a11       ?__crtGetStringTypeW_stat@@YAHPAUlocaleinfo_struct@@KPB_WHPAGHH@Z 1003aa11 f   LIBCMT:w_str.obj
 0001:00039ab4       ?strncnt@@YAHPBDH@Z        1003aab4 f   LIBCMT:a_cmp.obj
 0001:00039ad2       ?__crtCompareStringA_stat@@YAHPAUlocaleinfo_struct@@KKPBDH1HH@Z 1003aad2 f   LIBCMT:a_cmp.obj
 0001:00039fa7       _findenv                   1003afa7 f   LIBCMT:setenv.obj
 0001:00039ff9       _copy_environ              1003aff9 f   LIBCMT:setenv.obj
