 ConEmu.x64

 Timestamp is 56b3a4e8 (Thu Feb 04 22:22:16 2016)

 Preferred load address is 0000000180000000

 Start         Length     Name                   Class
 0001:00000000 00048abeH .text                   CODE
 0001:00048ac0 0000005eH .text$00                CODE
 0001:00048b20 00000353H .text$x                 CODE
 0002:00000000 000007e0H .idata$5                DATA
 0002:000007e0 00000008H .CRT$XCA                DATA
 0002:000007e8 00000008H .CRT$XCZ                DATA
 0002:000007f0 00000008H .CRT$XIA                DATA
 0002:000007f8 00000010H .CRT$XIC                DATA
 0002:00000808 00000008H .CRT$XIZ                DATA
 0002:00000810 00000008H .CRT$XPA                DATA
 0002:00000818 00000008H .CRT$XPZ                DATA
 0002:00000820 00000008H .CRT$XTA                DATA
 0002:00000828 00000008H .CRT$XTZ                DATA
 0002:00000830 000068ebH .rdata                  DATA
 0002:0000711c 00000073H .rdata$debug            DATA
 0002:00007190 00000008H .rtc$IAA                DATA
 0002:00007198 00000008H .rtc$IZZ                DATA
 0002:000071a0 00000008H .rtc$TAA                DATA
 0002:000071a8 00000008H .rtc$TZZ                DATA
 0002:000071b0 00002988H .xdata                  DATA
 0002:00009b38 00000078H .idata$2                DATA
 0002:00009bb0 00000014H .idata$3                DATA
 0002:00009bc8 000007e0H .idata$4                DATA
 0002:0000a3a8 00001218H .idata$6                DATA
 0002:0000b5c0 000002e1H .edata                  DATA
 0003:00000000 000012bcH .data                   DATA
 0003:000012c0 0000b2c0H .bss                    DATA
 0004:00000000 00002dccH .pdata                  DATA
 0005:00000000 00000058H .rsrc$01                DATA
 0005:00000060 000002d8H .rsrc$02                DATA

  Address         Publics by Value              Rva+Base               Lib:Object

 0000:00000000       ___safe_se_handler_table   0000000000000000     <absolute>
 0000:00000000       ___safe_se_handler_count   0000000000000000     <absolute>
 0000:00000000       __ImageBase                0000000180000000     <linker-defined>
 0001:00000000       ??0CEStr@@QEAA@XZ          0000000180001000 f   CEStr.obj
 0001:00000050       ??0CEStr@@QEAA@PEA_W@Z     0000000180001050 f   CEStr.obj
 0001:000000c0       ??4CEStr@@QEAAAEAU0@PEA_W@Z 00000001800010c0 f   CEStr.obj
 0001:000000f0       ??4CEStr@@QEAAAEAU0@PEB_W@Z 00000001800010f0 f   CEStr.obj
 0001:00000120       ??1CEStr@@QEAA@XZ          0000000180001120 f   CEStr.obj
 0001:000001a0       ?GetBuffer@CEStr@@QEAAPEA_W_J@Z 00000001800011a0 f   CEStr.obj
 0001:00000300       ?Detach@CEStr@@QEAAPEA_WXZ 0000000180001300 f   CEStr.obj
 0001:00000340       ?Attach@CEStr@@QEAAPEB_WPEA_W@Z 0000000180001340 f   CEStr.obj
 0001:00000370       ?AttachInt@CEStr@@AEAAPEB_WAEAPEA_W@Z 0000000180001370 f   CEStr.obj
 0001:00000410       ?Empty@CEStr@@QEAAXXZ      0000000180001410 f   CEStr.obj
 0001:00000470       ?IsEmpty@CEStr@@QEAA_NXZ   0000000180001470 f   CEStr.obj
 0001:000004b0       ?Set@CEStr@@QEAAPEB_WPEB_W_J@Z 00000001800014b0 f   CEStr.obj
 0001:00000580       ?StringCchCopyNW@@YAJPEA_W_KPEB_W1@Z 0000000180001580 f i CEStr.obj
 0001:00000740       ?SavePathVar@CEStr@@QEAAXPEB_W@Z 0000000180001740 f   CEStr.obj
 0001:000007a0       ?SaveEnvVar@CEStr@@QEAAXPEB_W0@Z 00000001800017a0 f   CEStr.obj
 0001:00000850       ?SetAt@CEStr@@QEAAX_J_W@Z  0000000180001850 f   CEStr.obj
 0001:000008a0       ?GetPosFrom@CEStr@@QEAAXAEBU1@@Z 00000001800018a0 f   CEStr.obj
 0001:000008e0       ?IsNeedDequote@@YA_NPEB_W_NPEAPEB_W@Z 00000001800018e0 f   CmdLine.obj
 0001:00000b90       ??BCEStr@@QEBAPEB_WXZ      0000000180001b90 f i CmdLine.obj
 0001:00000ba0       ?NextArg@@YAHPEAPEB_WAEAUCEStr@@0@Z 0000000180001ba0 f   CmdLine.obj
 0001:00001110       ?NextLine@@YAHPEAPEB_WAEAUCEStr@@K@Z 0000000180002110 f   CmdLine.obj
 0001:00001300       ?AddEndSlash@@YAHPEA_WH@Z  0000000180002300 f   CmdLine.obj
 0001:00001390       ?SkipNonPrintable@@YAPEB_WPEB_W@Z 0000000180002390 f   CmdLine.obj
 0001:00001400       ?CompareFileMask@@YA_NPEB_W0@Z 0000000180002400 f   CmdLine.obj
 0001:00001620       ?wcschr@@YAPEA_WPEA_W_W@Z  0000000180002620 f i CmdLine.obj
 0001:00001650       ?GetDrive@@YAPEB_WPEB_WPEA_WH@Z 0000000180002650 f   CmdLine.obj
 0001:00001900       ?GetDirectory@@YAHAEAUCEStr@@@Z 0000000180002900 f   CmdLine.obj
 0001:000019a0       ?IsNeedCmd@@YA_NHPEB_WAEAUCEStr@@PEAPEB_WPEAH333@Z 00000001800029a0 f   CmdLine.obj
 0001:00002410       ?Disable@MWow64Disable@@QEAAXXZ 0000000180003410 f i CmdLine.obj
 0001:00002450       ??0MWow64Disable@@QEAA@XZ  0000000180003450 f i CmdLine.obj
 0001:000024f0       ??1MWow64Disable@@QEAA@XZ  00000001800034f0 f i CmdLine.obj
 0001:00002510       ?Restore@MWow64Disable@@QEAAXXZ 0000000180003510 f i CmdLine.obj
 0001:00002560       ?IsExecutable@@YA_NPEB_WPEAPEA_W@Z 0000000180003560 f   CmdLine.obj
 0001:00002680       ?CompareProcessNames@@YA_NPEB_W0@Z 0000000180003680 f   CmdLine.obj
 0001:00002890       ?CheckProcessName@@YA_NPEB_WPEAPEB_W1@Z 0000000180003890 f   CmdLine.obj
 0001:00002990       ?IsConsoleService@@YA_NPEB_W@Z 0000000180003990 f   CmdLine.obj
 0001:00002a00       ?IsConsoleServer@@YA_NPEB_W@Z 0000000180003a00 f   CmdLine.obj
 0001:00002a70       ?IsGitBashHelper@@YA_NPEB_W@Z 0000000180003a70 f   CmdLine.obj
 0001:00002ae0       ?IsFarExe@@YA_NPEB_W@Z     0000000180003ae0 f   CmdLine.obj
 0001:00002b50       ?IsCmdProcessor@@YA_NPEB_W@Z 0000000180003b50 f   CmdLine.obj
 0001:00002bc0       ?IsQuotationNeeded@@YA_NPEB_W@Z 0000000180003bc0 f   CmdLine.obj
 0001:00002c10       ?MergeCmdLine@@YAPEA_WPEB_W0@Z 0000000180003c10 f   CmdLine.obj
 0001:00002cf0       ?JoinPath@@YAPEA_WPEB_W00@Z 0000000180003cf0 f   CmdLine.obj
 0001:00002f20       ?IsFilePath@@YA_NPEB_W_N@Z 0000000180003f20 f   CmdLine.obj
 0001:00003120       ?PointToName@@YAPEB_WPEB_W@Z 0000000180004120 f   CmdLine.obj
 0001:000031d0       ?PointToName@@YAPEBDPEBD@Z 00000001800041d0 f   CmdLine.obj
 0001:00003280       ?PointToExt@@YAPEB_WPEB_W@Z 0000000180004280 f   CmdLine.obj
 0001:000032d0       ?Unquote@@YAPEB_WPEA_W_N@Z 00000001800042d0 f   CmdLine.obj
 0001:00003380       ?wcsrchr@@YAPEA_WPEA_W_W@Z 0000000180004380 f i CmdLine.obj
 0001:000033b0       ?IsNewConsoleArg@@YA_NPEB_W0@Z 00000001800043b0 f   CmdLine.obj
 0001:000034d0       ?PackInputRecord@@YAHPEBU_INPUT_RECORD@@PEAUMsgStr@MSG64@@@Z 00000001800044d0 f   Common.obj
 0001:00003780       ?UnpackInputRecord@@YAHPEBUMsgStr@MSG64@@PEAU_INPUT_RECORD@@@Z 0000000180004780 f   Common.obj
 0001:00003a70       ?TranslateKeyPress@@YAXGK_WHPEAU_INPUT_RECORD@@1@Z 0000000180004a70 f   Common.obj
 0001:00003cc0       ?GetCommand@CESERVER_REQ_NEWCMD@@QEAAPEA_WXZ 0000000180004cc0 f   Common.obj
 0001:00003d10       ?GetEnvStrings@CESERVER_REQ_NEWCMD@@QEAAPEA_WXZ 0000000180004d10 f   Common.obj
 0001:00003d60       ?SetCommand@CESERVER_REQ_NEWCMD@@QEAAXPEB_W@Z 0000000180004d60 f   Common.obj
 0001:00003e00       ?SetEnvStrings@CESERVER_REQ_NEWCMD@@QEAAXPEB_WK@Z 0000000180004e00 f   Common.obj
 0001:00003fa0       ?IsEnvBlockVariableValid@@YA_NPEB_WAEAPEB_W@Z 0000000180004fa0 f   Common.obj
 0001:00004010       ?IsEnvBlockVariableValid@@YA_NPEB_W@Z 0000000180005010 f   Common.obj
 0001:00004060       ?CommonShutdown@@YAXXZ     0000000180005060 f   Common.obj
 0001:00004090       ?ModuleName@@YAPEB_WPEB_W@Z 0000000180005090 f   ConEmuCheck.obj
 0001:00004180       ?ExecuteOpenPipe@@YAPEAXPEB_WAEAY0CAI@_W0KKHPEAXH@Z 0000000180005180 f   ConEmuCheck.obj
 0001:00004480       ?ExecutePrepareCmd@@YAXPEAUCESERVER_REQ@@K_K@Z 0000000180005480 f   ConEmuCheck.obj
 0001:000044e0       ?ExecutePrepareCmd@@YAXPEAUCESERVER_REQ_HDR@@K_K@Z 00000001800054e0 f   ConEmuCheck.obj
 0001:000045b0       ?ExecuteNewCmd@@YAPEAUCESERVER_REQ@@K_K@Z 00000001800055b0 f   ConEmuCheck.obj
 0001:00004620       ?ExecuteNewCmd@@YA_NAEAPEAUCESERVER_REQ@@AEAKK_K@Z 0000000180005620 f   ConEmuCheck.obj
 0001:000046f0       ?LoadSrvMapping@@YAHPEAUHWND__@@AEAUCESERVER_CONSOLE_MAPPING_HDR@@@Z 00000001800056f0 f   ConEmuCheck.obj
 0001:00004860       ?LoadGuiMapping@@YAHKAEAUConEmuGuiMapping@@@Z 0000000180005860 f   ConEmuCheck.obj
 0001:000049c0       ?ExecuteNewCmdOnCreate@@YAPEAUCESERVER_REQ@@PEAUCESERVER_CONSOLE_MAPPING_HDR@@PEAUHWND__@@W4CmdOnCreateType@@PEB_W33PEAK444HHPEAX55@Z 00000001800059c0 f   ConEmuCheck.obj
 0001:00004eb0       ?StringCchCopyW@@YAJPEA_W_KPEB_W@Z 0000000180005eb0 f i ConEmuCheck.obj
 0001:00005040       ?ExecuteGuiCmd@@YAPEAUCESERVER_REQ@@PEAUHWND__@@PEAU1@0H@Z 0000000180006040 f   ConEmuCheck.obj
 0001:00005100       ?ExecuteSrvCmd@@YAPEAUCESERVER_REQ@@KPEAU1@PEAUHWND__@@HKH@Z 0000000180006100 f   ConEmuCheck.obj
 0001:000051d0       ?ExecuteHkCmd@@YAPEAUCESERVER_REQ@@KPEAU1@PEAUHWND__@@HH@Z 00000001800061d0 f   ConEmuCheck.obj
 0001:000052a0       ?ExecuteCmd@@YAPEAUCESERVER_REQ@@PEB_WPEAU1@KPEAUHWND__@@HKH@Z 00000001800062a0 f   ConEmuCheck.obj
 0001:000056a0       ?ExecuteFreeResult@@YAXAEAPEAUCESERVER_REQ@@@Z 00000001800066a0 f   ConEmuCheck.obj
 0001:000056e0       ?AllocateSendCurrentDirectory@@YA_NAEAPEAUCESERVER_REQ@@AEAKPEB_W2@Z 00000001800066e0 f   ConEmuCheck.obj
 0001:00005830       ?SendCurrentDirectory@@YAXPEAUHWND__@@PEB_W1@Z 0000000180006830 f   ConEmuCheck.obj
 0001:000058b0       ?isConsoleClass@@YA_NPEB_W@Z 00000001800068b0 f   ConEmuCheck.obj
 0001:00005910       ?isConsoleWindow@@YA_NPEAUHWND__@@@Z 0000000180006910 f   ConEmuCheck.obj
 0001:00005a20       ?myGetConsoleWindow@@YAPEAUHWND__@@XZ 0000000180006a20 f   ConEmuCheck.obj
 0001:00005b50       ?GetConEmuHWND@@YAPEAUHWND__@@H@Z 0000000180006b50 f   ConEmuCheck.obj
 0001:00005d70       ??BHWND2@@QEBAPEAUHWND__@@XZ 0000000180006d70 f i ConEmuCheck.obj
 0001:00005d80       ??BHWND2@@QEBAKXZ          0000000180006d80 f i ConEmuCheck.obj
 0001:00005d90       ?ConEmuCheck@@YAHPEAPEAUHWND__@@@Z 0000000180006d90 f   ConEmuCheck.obj
 0001:00005de0       ?GuiMessageBox@@YAHPEAUHWND__@@PEB_W1H@Z 0000000180006de0 f   ConEmuCheck.obj
 0001:00006010       ?InitName@?$MFileMapping@UCESERVER_CONSOLE_MAPPING_HDR@@@@QEAAPEB_WPEB_WKK@Z 0000000180007010 f i ConEmuCheck.obj
 0001:00006070       ?CloseMap@?$MFileMapping@UCESERVER_CONSOLE_MAPPING_HDR@@@@QEAAXXZ 0000000180007070 f i ConEmuCheck.obj
 0001:00006100       ?Open@?$MFileMapping@UCESERVER_CONSOLE_MAPPING_HDR@@@@QEAAPEAUCESERVER_CONSOLE_MAPPING_HDR@@HH@Z 0000000180007100 f i ConEmuCheck.obj
 0001:00006130       ??0?$MFileMapping@UCESERVER_CONSOLE_MAPPING_HDR@@@@QEAA@XZ 0000000180007130 f i ConEmuCheck.obj
 0001:000061a0       ??1?$MFileMapping@UCESERVER_CONSOLE_MAPPING_HDR@@@@QEAA@XZ 00000001800071a0 f i ConEmuCheck.obj
 0001:000061d0       ?InitName@?$MFileMapping@UConEmuGuiMapping@@@@QEAAPEB_WPEB_WKK@Z 00000001800071d0 f i ConEmuCheck.obj
 0001:00006230       ?CloseMap@?$MFileMapping@UConEmuGuiMapping@@@@QEAAXXZ 0000000180007230 f i ConEmuCheck.obj
 0001:000062c0       ?Open@?$MFileMapping@UConEmuGuiMapping@@@@QEAAPEAUConEmuGuiMapping@@HH@Z 00000001800072c0 f i ConEmuCheck.obj
 0001:000062f0       ??0?$MFileMapping@UConEmuGuiMapping@@@@QEAA@XZ 00000001800072f0 f i ConEmuCheck.obj
 0001:00006360       ??1?$MFileMapping@UConEmuGuiMapping@@@@QEAA@XZ 0000000180007360 f i ConEmuCheck.obj
 0001:00006390       ?ClosePtr@?$MFileMapping@UCESERVER_CONSOLE_MAPPING_HDR@@@@QEAAXXZ 0000000180007390 f i ConEmuCheck.obj
 0001:000063d0       ?InternalOpenCreate@?$MFileMapping@UCESERVER_CONSOLE_MAPPING_HDR@@@@IEAAPEAUCESERVER_CONSOLE_MAPPING_HDR@@HHH@Z 00000001800073d0 f i ConEmuCheck.obj
 0001:00006680       ?ClosePtr@?$MFileMapping@UConEmuGuiMapping@@@@QEAAXXZ 0000000180007680 f i ConEmuCheck.obj
 0001:000066c0       ?InternalOpenCreate@?$MFileMapping@UConEmuGuiMapping@@@@IEAAPEAUConEmuGuiMapping@@HHH@Z 00000001800076c0 f i ConEmuCheck.obj
 0001:00006970       ??$wcscpy_c@$0CA@@@YAHAEAY0CA@_WPEB_W@Z 0000000180007970 f i ConEmuCheck.obj
 0001:000069a0       ??$wcscpy_c@$0CAI@@@YAHAEAY0CAI@_WPEB_W@Z 00000001800079a0 f i ConEmuCheck.obj
 0001:000069d0       ?LoadGuiMapping@@YAHPEAUHWND__@@AEAUConEmuGuiMapping@@@Z 00000001800079d0 f   ConEmuCheckEx.obj
 0001:00006a20       ?IsConEmuExeExist@@YAHPEB_WAEAY0BAF@_W@Z 0000000180007a20 f   ConEmuCheckEx.obj
 0001:00006b00       ?FindConEmuBaseDir@@YAHAEAY0BAF@_W0PEAUHINSTANCE__@@@Z 0000000180007b00 f   ConEmuCheckEx.obj
 0001:00007170       ??$wcscpy_c@$0BAF@@@YAHAEAY0BAF@_WPEB_W@Z 0000000180008170 f i ConEmuCheckEx.obj
 0001:000072d0       ??$wcscpy_add@$0BAF@@@YAHPEA_WAEAY0BAF@_WPEB_W@Z 00000001800082d0 f i ConEmuCheckEx.obj
 0001:00007340       ??$wcscat_c@$0BAF@@@YAHAEAY0BAF@_WPEB_W@Z 0000000180008340 f i ConEmuCheckEx.obj
 0001:00007370       ?StringCchCatW@@YAJPEA_W_KPEB_W@Z 0000000180008370 f i ConEmuCheckEx.obj
 0001:00007500       ?StartupHooks@@YA_NPEAUHINSTANCE__@@@Z 0000000180008500 f   ConEmuInjects.obj
 0001:00007a00       ?ShutdownHooks@@YAXXZ      0000000180008a00 f   ConEmuInjects.obj
 0001:00007c90       ??$wcscpy_c@$0EA@@@YAHAEAY0EA@_WPEB_W@Z 0000000180008c90 f i ConEmuInjects.obj
 0001:00007df0       DllMain                    0000000180008df0 f   ConEmuPlugin.obj
 0001:00007e40       ?GetPluginInfo@@YAXPEAX@Z  0000000180008e40 f   ConEmuPlugin.obj
 0001:00007eb0       ?GetPluginInfoW@@YAXPEAX@Z 0000000180008eb0 f   ConEmuPlugin.obj
 0001:00007ee0       ?IsConsoleActive@@YAHXZ    0000000180008ee0 f   ConEmuPlugin.obj
 0001:00007f60       ?GetFarHWND2@@YAPEAUHWND__@@H@Z 0000000180008f60 f   ConEmuPlugin.obj
 0001:00007ff0       ?GetFarHWND@@YAPEAUHWND__@@XZ 0000000180008ff0 f   ConEmuPlugin.obj
 0001:00008000       ?IsTerminalMode@@YAHXZ     0000000180009000 f   ConEmuPlugin.obj
 0001:00008010       ?GetFarVersion@@YAXPEAUFarVersion@@@Z 0000000180009010 f   ConEmuPlugin.obj
 0001:00008040       ?RegisterPanelView@@YAHPEAUPanelViewInit@@@Z 0000000180009040 f   ConEmuPlugin.obj
 0001:00008310       ?RegisterBackground@@YAHPEAURegisterBackgroundArg@@@Z 0000000180009310 f   ConEmuPlugin.obj
 0001:000083b0       ?SyncExecute@@YAHPEAUHINSTANCE__@@P6AX_J@Z1@Z 00000001800093b0 f   ConEmuPlugin.obj
 0001:00008430       ?ActivateConsole@@YAHXZ    0000000180009430 f   ConEmuPlugin.obj
 0001:000084f0       ??4HWND2@@QEAAAEAU0@PEAUHWND__@@@Z 00000001800094f0 f i ConEmuPlugin.obj
 0001:00008510       ?SetStartupInfo@@YAXPEAX@Z 0000000180009510 f   ConEmuPlugin.obj
 0001:00008590       SetStartupInfoW            0000000180009590 f   ConEmuPlugin.obj
 0001:000085d0       ?GetMinFarVersion@@YAHXZ   00000001800095d0 f   ConEmuPlugin.obj
 0001:00008640       GetMinFarVersionW          0000000180009640 f   ConEmuPlugin.obj
 0001:00008650       ProcessSynchroEventW       0000000180009650 f   ConEmuPlugin.obj
 0001:00008680       ?ProcessSynchroEventW3@@YA_JPEAX@Z 0000000180009680 f   ConEmuPlugin.obj
 0001:000086c0       ?ProcessEditorEvent@@YAHHPEAX@Z 00000001800096c0 f   ConEmuPlugin.obj
 0001:000086f0       ProcessEditorEventW        00000001800096f0 f   ConEmuPlugin.obj
 0001:00008720       ?ProcessEditorEventW3@@YA_JPEAX@Z 0000000180009720 f   ConEmuPlugin.obj
 0001:00008760       ?ProcessViewerEvent@@YAHHPEAX@Z 0000000180009760 f   ConEmuPlugin.obj
 0001:00008790       ProcessViewerEventW        0000000180009790 f   ConEmuPlugin.obj
 0001:000087c0       ?ProcessViewerEventW3@@YA_JPEAX@Z 00000001800097c0 f   ConEmuPlugin.obj
 0001:00008800       ?ProcessEditorInput@@YAHPEBU_INPUT_RECORD@@@Z 0000000180009800 f   ConEmuPlugin.obj
 0001:00008830       ProcessEditorInputW        0000000180009830 f   ConEmuPlugin.obj
 0001:00008860       ?OpenPlugin@@YAPEAXH_J@Z   0000000180009860 f   ConEmuPlugin.obj
 0001:00008890       OpenPluginW                0000000180009890 f   ConEmuPlugin.obj
 0001:000088f0       ?OpenW@@YAPEAXPEBX@Z       00000001800098f0 f   ConEmuPlugin.obj
 0001:00008920       ?ExitFAR@@YAXXZ            0000000180009920 f   ConEmuPlugin.obj
 0001:00008990       ExitFARW                   0000000180009990 f   ConEmuPlugin.obj
 0001:00008a00       ?ExitFARW3@@YAXPEAX@Z      0000000180009a00 f   ConEmuPlugin.obj
 0001:00008a70       ?SetupExportsFar3@@YAXXZ   0000000180009a70 f   ConEmuPlugin.obj
 0001:00008d70       ?_calloc@@YAPEAX_K0@Z      0000000180009d70 f   ConEmuPlugin.obj
 0001:00008da0       ?_malloc@@YAPEAX_K@Z       0000000180009da0 f   ConEmuPlugin.obj
 0001:00008dc0       ?_free@@YAXPEAX@Z          0000000180009dc0 f   ConEmuPlugin.obj
 0001:00008de0       ??0CPluginW1900@@QEAA@XZ   0000000180009de0 f   ConEmuPlugin1900.obj
 0001:000090e0       ??_ECPluginW1900@@UEAAPEAXI@Z 000000018000a0e0 f i ConEmuPlugin1900.obj
 0001:000090e0       ??_GCPluginW1900@@UEAAPEAXI@Z 000000018000a0e0 f i ConEmuPlugin1900.obj
 0001:00009120       ??1CPluginW1900@@UEAA@XZ   000000018000a120 f i ConEmuPlugin1900.obj
 0001:00009150       ?ProcessEditorEventPtr@CPluginW1900@@UEAAHPEAX@Z 000000018000a150 f   ConEmuPlugin1900.obj
 0001:00009190       ?ProcessViewerEventPtr@CPluginW1900@@UEAAHPEAX@Z 000000018000a190 f   ConEmuPlugin1900.obj
 0001:000091d0       ?ProcessSynchroEventPtr@CPluginW1900@@UEAAHPEAX@Z 000000018000a1d0 f   ConEmuPlugin1900.obj
 0001:00009210       ?GetPanelDir@CPluginW1900@@UEAAPEA_WKPEA_WH@Z 000000018000a210 f   ConEmuPlugin1900.obj
 0001:00009440       ?GetPanelInfo@CPluginW1900@@UEAA_NKPEAUCEPanelInfo@@@Z 000000018000a440 f   ConEmuPlugin1900.obj
 0001:000099f0       ?GetPanelItemInfo@CPluginW1900@@UEAA_NAEBUCEPanelInfo@@_N_JAEAU_WIN32_FIND_DATAW@@PEAPEA_W@Z 000000018000a9f0 f   ConEmuPlugin1900.obj
 0001:00009d20       ?PanelControlApi@CPluginW1900@@UEAA_JPEAXH_J0@Z 000000018000ad20 f   ConEmuPlugin1900.obj
 0001:00009d90       ?GetPluginInfoPtr@CPluginW1900@@UEAAXPEAX@Z 000000018000ad90 f   ConEmuPlugin1900.obj
 0001:00009e30       ?SetStartupInfoPtr@CPluginW1900@@UEAAXPEAX@Z 000000018000ae30 f   ConEmuPlugin1900.obj
 0001:0000a000       ?GetEditorModifiedState@CPluginW1900@@UEAAKXZ 000000018000b000 f   ConEmuPlugin1900.obj
 0001:0000a070       ?ProcessEditorInputPtr@CPluginW1900@@UEAAHPEBX@Z 000000018000b070 f   ConEmuPlugin1900.obj
 0001:0000a0b0       ?GetWindowCount@CPluginW1900@@UEAAHXZ 000000018000b0b0 f   ConEmuPlugin1900.obj
 0001:0000a110       ?UpdateConEmuTabsApi@CPluginW1900@@UEAA_NH@Z 000000018000b110 f   ConEmuPlugin1900.obj
 0001:0000a7b0       ?ExitFar@CPluginW1900@@UEAAXXZ 000000018000b7b0 f   ConEmuPlugin1900.obj
 0001:0000a860       ?ShowMessage@CPluginW1900@@UEAAHPEB_WH_N@Z 000000018000b860 f   ConEmuPlugin1900.obj
 0001:0000a920       ?GetMsg@CPluginW1900@@UEAAPEB_WHPEA_W_K@Z 000000018000b920 f   ConEmuPlugin1900.obj
 0001:0000a9c0       ?SetWindow@CPluginW1900@@UEAAXH@Z 000000018000b9c0 f   ConEmuPlugin1900.obj
 0001:0000aa40       ?PostMacroApi@CPluginW1900@@UEAAXPEB_WPEAU_INPUT_RECORD@@_N@Z 000000018000ba40 f   ConEmuPlugin1900.obj
 0001:0000b690       ?wcsstr@@YAPEA_WPEA_WPEB_W@Z 000000018000c690 f i ConEmuPlugin1900.obj
 0001:0000b6c0       ?ShowPluginMenu@CPluginW1900@@UEAAHPEAUConEmuPluginMenuItem@@HH@Z 000000018000c6c0 f   ConEmuPlugin1900.obj
 0001:0000b9a0       ?OpenEditor@CPluginW1900@@UEAA_NPEB_W_N11HH@Z 000000018000c9a0 f   ConEmuPlugin1900.obj
 0001:0000bbd0       ?ExecuteSynchroApi@CPluginW1900@@UEAA_NXZ 000000018000cbd0 f   ConEmuPlugin1900.obj
 0001:0000bc20       ?WaitEndSynchro@CPluginW1900@@UEAAXXZ 000000018000cc20 f   ConEmuPlugin1900.obj
 0001:0000bc30       ?StopWaitEndSynchro@CPluginW1900@@UEAAXXZ 000000018000cc30 f   ConEmuPlugin1900.obj
 0001:0000bc40       ?IsMacroActive@CPluginW1900@@UEAA_NXZ 000000018000cc40 f   ConEmuPlugin1900.obj
 0001:0000bca0       ?GetMacroArea@CPluginW1900@@UEAAHXZ 000000018000cca0 f   ConEmuPlugin1900.obj
 0001:0000bce0       ?RedrawAll@CPluginW1900@@UEAAXXZ 000000018000cce0 f   ConEmuPlugin1900.obj
 0001:0000bd30       ?InputBox@CPluginW1900@@UEAA_NPEB_W000AEAPEA_W@Z 000000018000cd30 f   ConEmuPlugin1900.obj
 0001:0000be00       ?ShowUserScreen@CPluginW1900@@UEAAX_N@Z 000000018000ce00 f   ConEmuPlugin1900.obj
 0001:0000be70       ?LoadFarColors@CPluginW1900@@UEAAXAEAY0BAA@E@Z 000000018000ce70 f   ConEmuPlugin1900.obj
 0001:0000c0e0       ?FarColor_3_2@@YAEAEBUFarColor@@@Z 000000018000d0e0 f i ConEmuPlugin1900.obj
 0001:0000c210       ?Color2FgIndex@Far3Color@@SAXKAEAGPEBK@Z 000000018000d210 f i ConEmuPlugin1900.obj
 0001:0000c3a0       ?Max@Far3Color@@SAHHH@Z    000000018000d3a0 f i ConEmuPlugin1900.obj
 0001:0000c3d0       ?GetStdIndex@Far3Color@@SAHKPEBK@Z 000000018000d3d0 f i ConEmuPlugin1900.obj
 0001:0000c450       ?GetStdPalette@Far3Color@@SAPEBKXZ 000000018000d450 f i ConEmuPlugin1900.obj
 0001:0000c460       ?Color2BgIndex@Far3Color@@SAXKHAEAGPEBK@Z 000000018000d460 f i ConEmuPlugin1900.obj
 0001:0000c640       ?LoadFarSettings@CPluginW1900@@UEAAXPEAUCEFarInterfaceSettings@@PEAUCEFarPanelSettings@@@Z 000000018000d640 f   ConEmuPlugin1900.obj
 0001:0000c8e0       ?GetFarRect@CPluginW1900@@UEAA_NAEAU_SMALL_RECT@@@Z 000000018000d8e0 f   ConEmuPlugin1900.obj
 0001:0000c970       ?CheckPanelExist@CPluginW1900@@UEAA_NXZ 000000018000d970 f   ConEmuPlugin1900.obj
 0001:0000c9e0       ?GetActiveWindowType@CPluginW1900@@UEAAHXZ 000000018000d9e0 f   ConEmuPlugin1900.obj
 0001:0000cae0       ?GetWindowTypeName@CPluginW1900@@UEAAPEB_WH@Z 000000018000dae0 f   ConEmuPlugin1900.obj
 0001:0000cba0       ?GuiMacroDlg@CPluginW1900@@UEAAXXZ 000000018000dba0 f   ConEmuPlugin1900.obj
 0001:0000d2f0       ?Open@CPluginW1900@@UEAAPEAXPEBX@Z 000000018000e2f0 f   ConEmuPlugin1900.obj
 0001:0000d550       GetGlobalInfoW             000000018000e550 f   ConEmuPlugin2800.obj
 0001:0000d770       ??0CPluginW2800@@QEAA@XZ   000000018000e770 f   ConEmuPlugin2800.obj
 0001:0000da70       ??_ECPluginW2800@@UEAAPEAXI@Z 000000018000ea70 f i ConEmuPlugin2800.obj
 0001:0000da70       ??_GCPluginW2800@@UEAAPEAXI@Z 000000018000ea70 f i ConEmuPlugin2800.obj
 0001:0000dab0       ??1CPluginW2800@@UEAA@XZ   000000018000eab0 f i ConEmuPlugin2800.obj
 0001:0000dae0       ?GetPanelDir@CPluginW2800@@UEAAPEA_WKPEA_WH@Z 000000018000eae0 f   ConEmuPlugin2800.obj
 0001:0000dd10       ?GetPanelInfo@CPluginW2800@@UEAA_NKPEAUCEPanelInfo@@@Z 000000018000ed10 f   ConEmuPlugin2800.obj
 0001:0000e2c0       ?GetPanelItemInfo@CPluginW2800@@UEAA_NAEBUCEPanelInfo@@_N_JAEAU_WIN32_FIND_DATAW@@PEAPEA_W@Z 000000018000f2c0 f   ConEmuPlugin2800.obj
 0001:0000e5f0       ?PanelControlApi@CPluginW2800@@UEAA_JPEAXH_J0@Z 000000018000f5f0 f   ConEmuPlugin2800.obj
 0001:0000e660       ?GetPluginInfoPtr@CPluginW2800@@UEAAXPEAX@Z 000000018000f660 f   ConEmuPlugin2800.obj
 0001:0000e700       ?SetStartupInfoPtr@CPluginW2800@@UEAAXPEAX@Z 000000018000f700 f   ConEmuPlugin2800.obj
 0001:0000e8d0       ?GetEditorModifiedState@CPluginW2800@@UEAAKXZ 000000018000f8d0 f   ConEmuPlugin2800.obj
 0001:0000e940       ?ProcessEditorEventPtr@CPluginW2800@@UEAAHPEAX@Z 000000018000f940 f   ConEmuPlugin2800.obj
 0001:0000e980       ?ProcessViewerEventPtr@CPluginW2800@@UEAAHPEAX@Z 000000018000f980 f   ConEmuPlugin2800.obj
 0001:0000e9c0       ?ProcessSynchroEventPtr@CPluginW2800@@UEAAHPEAX@Z 000000018000f9c0 f   ConEmuPlugin2800.obj
 0001:0000ea00       ?ProcessEditorInputPtr@CPluginW2800@@UEAAHPEBX@Z 000000018000fa00 f   ConEmuPlugin2800.obj
 0001:0000ea40       ?GetWindowCount@CPluginW2800@@UEAAHXZ 000000018000fa40 f   ConEmuPlugin2800.obj
 0001:0000eaa0       ?UpdateConEmuTabsApi@CPluginW2800@@UEAA_NH@Z 000000018000faa0 f   ConEmuPlugin2800.obj
 0001:0000f510       ?ExitFar@CPluginW2800@@UEAAXXZ 0000000180010510 f   ConEmuPlugin2800.obj
 0001:0000f5c0       ?ShowMessage@CPluginW2800@@UEAAHPEB_WH_N@Z 00000001800105c0 f   ConEmuPlugin2800.obj
 0001:0000f680       ?GetMsg@CPluginW2800@@UEAAPEB_WHPEA_W_K@Z 0000000180010680 f   ConEmuPlugin2800.obj
 0001:0000f720       ?SetWindow@CPluginW2800@@UEAAXH@Z 0000000180010720 f   ConEmuPlugin2800.obj
 0001:0000f850       ?PostMacroApi@CPluginW2800@@UEAAXPEB_WPEAU_INPUT_RECORD@@_N@Z 0000000180010850 f   ConEmuPlugin2800.obj
 0001:0000fe70       ?ShowPluginMenu@CPluginW2800@@UEAAHPEAUConEmuPluginMenuItem@@HH@Z 0000000180010e70 f   ConEmuPlugin2800.obj
 0001:00010150       ?OpenEditor@CPluginW2800@@UEAA_NPEB_W_N11HH@Z 0000000180011150 f   ConEmuPlugin2800.obj
 0001:00010390       ?ExecuteSynchroApi@CPluginW2800@@UEAA_NXZ 0000000180011390 f   ConEmuPlugin2800.obj
 0001:000103e0       ?WaitEndSynchro@CPluginW2800@@UEAAXXZ 00000001800113e0 f   ConEmuPlugin2800.obj
 0001:000103f0       ?StopWaitEndSynchro@CPluginW2800@@UEAAXXZ 00000001800113f0 f   ConEmuPlugin2800.obj
 0001:00010400       ?IsMacroActive@CPluginW2800@@UEAA_NXZ 0000000180011400 f   ConEmuPlugin2800.obj
 0001:00010460       ?GetMacroArea@CPluginW2800@@UEAAHXZ 0000000180011460 f   ConEmuPlugin2800.obj
 0001:000104a0       ?RedrawAll@CPluginW2800@@UEAAXXZ 00000001800114a0 f   ConEmuPlugin2800.obj
 0001:000104f0       ?InputBox@CPluginW2800@@UEAA_NPEB_W000AEAPEA_W@Z 00000001800114f0 f   ConEmuPlugin2800.obj
 0001:000105c0       ?ShowUserScreen@CPluginW2800@@UEAAX_N@Z 00000001800115c0 f   ConEmuPlugin2800.obj
 0001:00010630       ?LoadFarColors@CPluginW2800@@UEAAXAEAY0BAA@E@Z 0000000180011630 f   ConEmuPlugin2800.obj
 0001:000108a0       ?LoadFarSettings@CPluginW2800@@UEAAXPEAUCEFarInterfaceSettings@@PEAUCEFarPanelSettings@@@Z 00000001800118a0 f   ConEmuPlugin2800.obj
 0001:00010b50       ?GetFarRect@CPluginW2800@@UEAA_NAEAU_SMALL_RECT@@@Z 0000000180011b50 f   ConEmuPlugin2800.obj
 0001:00010be0       ?CheckPanelExist@CPluginW2800@@UEAA_NXZ 0000000180011be0 f   ConEmuPlugin2800.obj
 0001:00010c50       ?GetActiveWindowType@CPluginW2800@@UEAAHXZ 0000000180011c50 f   ConEmuPlugin2800.obj
 0001:00010d60       ?GetWindowTypeName@CPluginW2800@@UEAAPEB_WH@Z 0000000180011d60 f   ConEmuPlugin2800.obj
 0001:00010e20       ?GuiMacroDlg@CPluginW2800@@UEAAXXZ 0000000180011e20 f   ConEmuPlugin2800.obj
 0001:00011580       ?Open@CPluginW2800@@UEAAPEAXPEBX@Z 0000000180012580 f   ConEmuPlugin2800.obj
 0001:00011880       ??0FarMacroValue@@QEAA@XZ  0000000180012880 f i ConEmuPlugin2800.obj
 0001:000118d0       ??0?$MArray@UWindowInfo@@@@QEAA@XZ 00000001800128d0 f i ConEmuPlugin2800.obj
 0001:00011930       ??1?$MArray@UWindowInfo@@@@QEAA@XZ 0000000180012930 f i ConEmuPlugin2800.obj
 0001:00011950       ??A?$MArray@UWindowInfo@@@@QEBAAEBUWindowInfo@@_J@Z 0000000180012950 f i ConEmuPlugin2800.obj
 0001:00011970       ??A?$MArray@UWindowInfo@@@@QEAAAEAUWindowInfo@@_J@Z 0000000180012970 f i ConEmuPlugin2800.obj
 0001:00011990       ?push_back@?$MArray@UWindowInfo@@@@QEAA_JAEBUWindowInfo@@@Z 0000000180012990 f i ConEmuPlugin2800.obj
 0001:00011a60       ?insert@?$MArray@UWindowInfo@@@@QEAAX_JAEBUWindowInfo@@@Z 0000000180012a60 f i ConEmuPlugin2800.obj
 0001:00011b70       ?clear@?$MArray@UWindowInfo@@@@QEAAXXZ 0000000180012b70 f i ConEmuPlugin2800.obj
 0001:00011bc0       ?erase@?$MArray@UWindowInfo@@@@QEAAX_J@Z 0000000180012bc0 f i ConEmuPlugin2800.obj
 0001:00011c80       ?size@?$MArray@UWindowInfo@@@@QEBA_JXZ 0000000180012c80 f i ConEmuPlugin2800.obj
 0001:00011c90       ?addsize@?$MArray@UWindowInfo@@@@QEAAX_J@Z 0000000180012c90 f i ConEmuPlugin2800.obj
 0001:00011dd0       ??0CPluginW995@@QEAA@XZ    0000000180012dd0 f   ConEmuPlugin995.obj
 0001:000120e0       ?Open@CPluginW995@@UEAAPEAXPEBX@Z 00000001800130e0 f i ConEmuPlugin995.obj
 0001:00012100       ?ProcessEditorEventPtr@CPluginW995@@UEAAHPEAX@Z 0000000180013100 f i ConEmuPlugin995.obj
 0001:00012110       ?ProcessSynchroEventPtr@CPluginW995@@UEAAHPEAX@Z 0000000180013110 f i ConEmuPlugin995.obj
 0001:00012120       ?ProcessViewerEventPtr@CPluginW995@@UEAAHPEAX@Z 0000000180013120 f i ConEmuPlugin995.obj
 0001:00012130       ??_ECPluginW995@@UEAAPEAXI@Z 0000000180013130 f i ConEmuPlugin995.obj
 0001:00012130       ??_GCPluginW995@@UEAAPEAXI@Z 0000000180013130 f i ConEmuPlugin995.obj
 0001:00012170       ??1CPluginW995@@UEAA@XZ    0000000180013170 f i ConEmuPlugin995.obj
 0001:000121a0       ?GetPanelDir@CPluginW995@@UEAAPEA_WKPEA_WH@Z 00000001800131a0 f   ConEmuPlugin995.obj
 0001:00012390       ?GetPanelInfo@CPluginW995@@UEAA_NKPEAUCEPanelInfo@@@Z 0000000180013390 f   ConEmuPlugin995.obj
 0001:00012850       ?GetPanelItemInfo@CPluginW995@@UEAA_NAEBUCEPanelInfo@@_N_JAEAU_WIN32_FIND_DATAW@@PEAPEA_W@Z 0000000180013850 f   ConEmuPlugin995.obj
 0001:00012b60       ?PanelControlApi@CPluginW995@@UEAA_JPEAXH_J0@Z 0000000180013b60 f   ConEmuPlugin995.obj
 0001:00012bd0       ?GetPluginInfoPtr@CPluginW995@@UEAAXPEAX@Z 0000000180013bd0 f   ConEmuPlugin995.obj
 0001:00012c90       ?SetStartupInfoPtr@CPluginW995@@UEAAXPEAX@Z 0000000180013c90 f   ConEmuPlugin995.obj
 0001:00012e90       ?GetEditorModifiedState@CPluginW995@@UEAAKXZ 0000000180013e90 f   ConEmuPlugin995.obj
 0001:00012ef0       ?ProcessEditorInputPtr@CPluginW995@@UEAAHPEBX@Z 0000000180013ef0 f   ConEmuPlugin995.obj
 0001:00012f30       ?GetWindowCount@CPluginW995@@UEAAHXZ 0000000180013f30 f   ConEmuPlugin995.obj
 0001:00012f90       ?UpdateConEmuTabsApi@CPluginW995@@UEAA_NH@Z 0000000180013f90 f   ConEmuPlugin995.obj
 0001:00013310       ?ExitFar@CPluginW995@@UEAAXXZ 0000000180014310 f   ConEmuPlugin995.obj
 0001:000133c0       ?ShowMessage@CPluginW995@@UEAAHPEB_WH_N@Z 00000001800143c0 f   ConEmuPlugin995.obj
 0001:00013480       ?GetMsg@CPluginW995@@UEAAPEB_WHPEA_W_K@Z 0000000180014480 f   ConEmuPlugin995.obj
 0001:00013520       ?SetWindow@CPluginW995@@UEAAXH@Z 0000000180014520 f   ConEmuPlugin995.obj
 0001:000135a0       ?PostMacroApi@CPluginW995@@UEAAXPEB_WPEAU_INPUT_RECORD@@_N@Z 00000001800145a0 f   ConEmuPlugin995.obj
 0001:000136a0       ?ShowPluginMenu@CPluginW995@@UEAAHPEAUConEmuPluginMenuItem@@HH@Z 00000001800146a0 f   ConEmuPlugin995.obj
 0001:00013920       ?OpenEditor@CPluginW995@@UEAA_NPEB_W_N11HH@Z 0000000180014920 f   ConEmuPlugin995.obj
 0001:00013b30       ?ExecuteSynchroApi@CPluginW995@@UEAA_NXZ 0000000180014b30 f   ConEmuPlugin995.obj
 0001:00013b80       ?WaitEndSynchro@CPluginW995@@UEAAXXZ 0000000180014b80 f   ConEmuPlugin995.obj
 0001:00013df0       ?StopWaitEndSynchro@CPluginW995@@UEAAXXZ 0000000180014df0 f   ConEmuPlugin995.obj
 0001:00013e30       ?IsMacroActive@CPluginW995@@UEAA_NXZ 0000000180014e30 f   ConEmuPlugin995.obj
 0001:00013eb0       ?GetMacroArea@CPluginW995@@UEAAHXZ 0000000180014eb0 f   ConEmuPlugin995.obj
 0001:00013f00       ?RedrawAll@CPluginW995@@UEAAXXZ 0000000180014f00 f   ConEmuPlugin995.obj
 0001:00013f50       ?InputBox@CPluginW995@@UEAA_NPEB_W000AEAPEA_W@Z 0000000180014f50 f   ConEmuPlugin995.obj
 0001:00014000       ?ShowUserScreen@CPluginW995@@UEAAX_N@Z 0000000180015000 f   ConEmuPlugin995.obj
 0001:00014070       ?LoadFarColors@CPluginW995@@UEAAXAEAY0BAA@E@Z 0000000180015070 f   ConEmuPlugin995.obj
 0001:000141a0       ?LoadFarSettings@CPluginW995@@UEAAXPEAUCEFarInterfaceSettings@@PEAUCEFarPanelSettings@@@Z 00000001800151a0 f   ConEmuPlugin995.obj
 0001:00014230       ?GetFarRect@CPluginW995@@UEAA_NAEAU_SMALL_RECT@@@Z 0000000180015230 f   ConEmuPlugin995.obj
 0001:000142c0       ?CheckPanelExist@CPluginW995@@UEAA_NXZ 00000001800152c0 f   ConEmuPlugin995.obj
 0001:00014330       ?GetActiveWindowType@CPluginW995@@UEAAHXZ 0000000180015330 f   ConEmuPlugin995.obj
 0001:00014450       ?GetWindowTypeName@CPluginW995@@UEAAPEB_WH@Z 0000000180015450 f   ConEmuPlugin995.obj
 0001:00014510       ?GuiMacroDlg@CPluginW995@@UEAAXXZ 0000000180015510 f   ConEmuPlugin995.obj
 0001:00014bf0       ??0CPluginAnsi@@QEAA@XZ    0000000180015bf0 f   ConEmuPluginA.obj
 0001:00014ec0       ?ExecuteSynchroApi@CPluginAnsi@@UEAA_NXZ 0000000180015ec0 f i ConEmuPluginA.obj
 0001:00014ed0       ?GetFarRect@CPluginAnsi@@UEAA_NAEAU_SMALL_RECT@@@Z 0000000180015ed0 f i ConEmuPluginA.obj
 0001:00014ee0       ?Open@CPluginAnsi@@UEAAPEAXPEBX@Z 0000000180015ee0 f i ConEmuPluginA.obj
 0001:00014f00       ?ProcessEditorEventPtr@CPluginAnsi@@UEAAHPEAX@Z 0000000180015f00 f i ConEmuPluginA.obj
 0001:00014f10       ?ProcessEditorInputPtr@CPluginAnsi@@UEAAHPEBX@Z 0000000180015f10 f i ConEmuPluginA.obj
 0001:00014f20       ?ProcessSynchroEventPtr@CPluginAnsi@@UEAAHPEAX@Z 0000000180015f20 f i ConEmuPluginA.obj
 0001:00014f30       ?ProcessViewerEventPtr@CPluginAnsi@@UEAAHPEAX@Z 0000000180015f30 f i ConEmuPluginA.obj
 0001:00014f40       ?StopWaitEndSynchro@CPluginAnsi@@UEAAXXZ 0000000180015f40 f i ConEmuPluginA.obj
 0001:00014f50       ?WaitEndSynchro@CPluginAnsi@@UEAAXXZ 0000000180015f50 f i ConEmuPluginA.obj
 0001:00014f60       ??_GCPluginAnsi@@UEAAPEAXI@Z 0000000180015f60 f i ConEmuPluginA.obj
 0001:00014f60       ??_ECPluginAnsi@@UEAAPEAXI@Z 0000000180015f60 f i ConEmuPluginA.obj
 0001:00014fa0       ??1CPluginAnsi@@UEAA@XZ    0000000180015fa0 f i ConEmuPluginA.obj
 0001:00014fd0       ?GetPanelDir@CPluginAnsi@@UEAAPEA_WKPEA_WH@Z 0000000180015fd0 f   ConEmuPluginA.obj
 0001:00015140       ?GetPanelInfo@CPluginAnsi@@UEAA_NKPEAUCEPanelInfo@@@Z 0000000180016140 f   ConEmuPluginA.obj
 0001:00015570       ?GetPanelItemInfo@CPluginAnsi@@UEAA_NAEBUCEPanelInfo@@_N_JAEAU_WIN32_FIND_DATAW@@PEAPEA_W@Z 0000000180016570 f   ConEmuPluginA.obj
 0001:000157a0       ?PanelControlApi@CPluginAnsi@@UEAA_JPEAXH_J0@Z 00000001800167a0 f   ConEmuPluginA.obj
 0001:00015810       ?SetStartupInfoPtr@CPluginAnsi@@UEAAXPEAX@Z 0000000180016810 f   ConEmuPluginA.obj
 0001:00015a10       ?GetPluginInfoPtr@CPluginAnsi@@UEAAXPEAX@Z 0000000180016a10 f   ConEmuPluginA.obj
 0001:00015b00       ?GetEditorModifiedState@CPluginAnsi@@UEAAKXZ 0000000180016b00 f   ConEmuPluginA.obj
 0001:00015b70       ?GetWindowCount@CPluginAnsi@@UEAAHXZ 0000000180016b70 f   ConEmuPluginA.obj
 0001:00015bd0       ?UpdateConEmuTabsApi@CPluginAnsi@@UEAA_NH@Z 0000000180016bd0 f   ConEmuPluginA.obj
 0001:00015f60       ?ExitFar@CPluginAnsi@@UEAAXXZ 0000000180016f60 f   ConEmuPluginA.obj
 0001:00015fc0       ?SetWindow@CPluginAnsi@@UEAAXH@Z 0000000180016fc0 f   ConEmuPluginA.obj
 0001:00016040       ?PostMacroApi@CPluginAnsi@@UEAAXPEB_WPEAU_INPUT_RECORD@@_N@Z 0000000180017040 f   ConEmuPluginA.obj
 0001:00016170       ?ShowPluginMenu@CPluginAnsi@@UEAAHPEAUConEmuPluginMenuItem@@HH@Z 0000000180017170 f   ConEmuPluginA.obj
 0001:00016470       ?OpenEditor@CPluginAnsi@@UEAA_NPEB_W_N11HH@Z 0000000180017470 f   ConEmuPluginA.obj
 0001:000166a0       ?ShowMessage@CPluginAnsi@@UEAAHPEB_WH_N@Z 00000001800176a0 f   ConEmuPluginA.obj
 0001:000167c0       ?GetMsg@CPluginAnsi@@UEAAPEB_WHPEA_W_K@Z 00000001800177c0 f   ConEmuPluginA.obj
 0001:000168c0       ?IsMacroActive@CPluginAnsi@@UEAA_NXZ 00000001800178c0 f   ConEmuPluginA.obj
 0001:00016940       ?GetMacroArea@CPluginAnsi@@UEAAHXZ 0000000180017940 f   ConEmuPluginA.obj
 0001:00016950       ?RedrawAll@CPluginAnsi@@UEAAXXZ 0000000180017950 f   ConEmuPluginA.obj
 0001:000169a0       ?InputBox@CPluginAnsi@@UEAA_NPEB_W000AEAPEA_W@Z 00000001800179a0 f   ConEmuPluginA.obj
 0001:00016b30       ?ShowUserScreen@CPluginAnsi@@UEAAX_N@Z 0000000180017b30 f   ConEmuPluginA.obj
 0001:00016ba0       ?LoadFarColors@CPluginAnsi@@UEAAXAEAY0BAA@E@Z 0000000180017ba0 f   ConEmuPluginA.obj
 0001:00016cd0       ?LoadFarSettings@CPluginAnsi@@UEAAXPEAUCEFarInterfaceSettings@@PEAUCEFarPanelSettings@@@Z 0000000180017cd0 f   ConEmuPluginA.obj
 0001:00016d60       ?CheckPanelExist@CPluginAnsi@@UEAA_NXZ 0000000180017d60 f   ConEmuPluginA.obj
 0001:00016dd0       ?GetActiveWindowType@CPluginAnsi@@UEAAHXZ 0000000180017dd0 f   ConEmuPluginA.obj
 0001:00016e50       ?GetWindowTypeName@CPluginAnsi@@UEAAPEB_WH@Z 0000000180017e50 f   ConEmuPluginA.obj
 0001:00016f10       ?GuiMacroDlg@CPluginAnsi@@UEAAXXZ 0000000180017f10 f   ConEmuPluginA.obj
 0001:00017710       ?Plugin@@YAPEAVCPluginBase@@XZ 0000000180018710 f   ConEmuPluginBase.obj
 0001:00017870       ??0CPluginBase@@QEAA@XZ    0000000180018870 f   ConEmuPluginBase.obj
 0001:00017bc0       ??_GCPluginBase@@UEAAPEAXI@Z 0000000180018bc0 f i ConEmuPluginBase.obj
 0001:00017bc0       ??_ECPluginBase@@UEAAPEAXI@Z 0000000180018bc0 f i ConEmuPluginBase.obj
 0001:00017c00       ??1CPluginBase@@UEAA@XZ    0000000180018c00 f   ConEmuPluginBase.obj
 0001:00017c20       ?DllMain_ProcessAttach@CPluginBase@@KAXPEAUHINSTANCE__@@@Z 0000000180018c20 f   ConEmuPluginBase.obj
 0001:00017d40       ?DllMain_ProcessDetach@CPluginBase@@KAXXZ 0000000180018d40 f   ConEmuPluginBase.obj
 0001:00017f10       ??_GMSection@@QEAAPEAXI@Z  0000000180018f10 f i ConEmuPluginBase.obj
 0001:00017f50       ??_GCPluginBackground@@QEAAPEAXI@Z 0000000180018f50 f i ConEmuPluginBase.obj
 0001:00017f90       ?DllCheckUnique@CPluginBase@@KA_N_N@Z 0000000180018f90 f   ConEmuPluginBase.obj
 0001:00018220       ?LoadFarVersion@CPluginBase@@SA_NXZ 0000000180019220 f   ConEmuPluginBase.obj
 0001:000186f0       ?ShowMessageBox@CPluginBase@@KAHPEB_WI@Z 00000001800196f0 f   ConEmuPluginBase.obj
 0001:000187f0       ?ShowMessageGui@CPluginBase@@QEAAHHH@Z 00000001800197f0 f   ConEmuPluginBase.obj
 0001:000188a0       ?BackgroundMacroError@CPluginBase@@SAKPEAX@Z 00000001800198a0 f   ConEmuPluginBase.obj
 0001:000188f0       ?PostMacro@CPluginBase@@QEAAXPEB_WPEAU_INPUT_RECORD@@_N@Z 00000001800198f0 f   ConEmuPluginBase.obj
 0001:000189b0       ?isMacroActive@CPluginBase@@QEAA_NAEAH@Z 00000001800199b0 f   ConEmuPluginBase.obj
 0001:00018a40       ?CheckBufferEnabled@CPluginBase@@QEAA_NXZ 0000000180019a40 f   ConEmuPluginBase.obj
 0001:00018af0       ?PanelControl@CPluginBase@@QEAA_JPEAXH_J0@Z 0000000180019af0 f   ConEmuPluginBase.obj
 0001:00018be0       ?GetPanelInfo@CPluginBase@@QEAA_NKPEAUBkPanelInfo@@@Z 0000000180019be0 f   ConEmuPluginBase.obj
 0001:00018cd0       ?FillUpdateBackground@CPluginBase@@QEAAXPEAUPaintBackgroundArg@@@Z 0000000180019cd0 f   ConEmuPluginBase.obj
 0001:00018f00       ?StorePanelDirs@CPluginBase@@QEAA_NPEB_W0@Z 0000000180019f00 f   ConEmuPluginBase.obj
 0001:00019130       wmemmove                   000000018001a130 f i ConEmuPluginBase.obj
 0001:00019160       ?UpdatePanelDirs@CPluginBase@@QEAAXXZ 000000018001a160 f   ConEmuPluginBase.obj
 0001:00019370       ?IsFarLua@FarVersion@@QEBA_NXZ 000000018001a370 f i ConEmuPluginBase.obj
 0001:000193d0       ?RunExternalProgram@CPluginBase@@QEAA_NPEA_W@Z 000000018001a3d0 f   ConEmuPluginBase.obj
 0001:00019670       ?ProcessCommandLine@CPluginBase@@QEAA_NPEA_W@Z 000000018001a670 f   ConEmuPluginBase.obj
 0001:000196d0       ?ShowPluginMenu@CPluginBase@@QEAAXW4PluginCallCommands@@@Z 000000018001a6d0 f   ConEmuPluginBase.obj
 0001:00019a20       ?ShowTabsList@CPluginBase@@QEAAXXZ 000000018001aa20 f   ConEmuPluginBase.obj
 0001:00019f50       ?ShowPanelsList@CPluginBase@@QEAAXXZ 000000018001af50 f   ConEmuPluginBase.obj
 0001:0001a160       ?DataSize@CESERVER_REQ@@QEAAKXZ 000000018001b160 f i ConEmuPluginBase.obj
 0001:0001a1a0       ?EditViewConsoleOutput@CPluginBase@@QEAAX_N@Z 000000018001b1a0 f   ConEmuPluginBase.obj
 0001:0001a2b0       ?SwitchTabCommand@CPluginBase@@QEAAXW4PluginMenuCommands@@@Z 000000018001b2b0 f   ConEmuPluginBase.obj
 0001:0001a380       ?ProcessSynchroEvent@CPluginBase@@QEAAHHPEAX@Z 000000018001b380 f   ConEmuPluginBase.obj
 0001:0001a440       ?ProcessEditorInputInternal@CPluginBase@@QEAAXAEBU_INPUT_RECORD@@@Z 000000018001b440 f   ConEmuPluginBase.obj
 0001:0001a4a0       ?ProcessEditorViewerEvent@CPluginBase@@QEAAHHH@Z 000000018001b4a0 f   ConEmuPluginBase.obj
 0001:0001a5f0       ?isEditorViewer@CPluginBase@@QEAA_NXZ 000000018001b5f0 f   ConEmuPluginBase.obj
 0001:0001a640       ?isModalEditorViewer@CPluginBase@@QEAA_NXZ 000000018001b640 f   ConEmuPluginBase.obj
 0001:0001a690       ?GetMainThreadId@CPluginBase@@SAKXZ 000000018001b690 f   ConEmuPluginBase.obj
 0001:0001a740       ?ShowConsoleInfo@CPluginBase@@QEAAXXZ 000000018001b740 f   ConEmuPluginBase.obj
 0001:0001a9e0       ?RunExternalProgramW@CPluginBase@@SA_NPEA_W0_N@Z 000000018001b9e0 f   ConEmuPluginBase.obj
 0001:0001ad10       ?StartDebugger@CPluginBase@@QEAA_NXZ 000000018001bd10 f   ConEmuPluginBase.obj
 0001:0001b0e0       ?Attach2Gui@CPluginBase@@QEAA_NXZ 000000018001c0e0 f   ConEmuPluginBase.obj
 0001:0001b6a0       ?FindServerCmd@CPluginBase@@QEAA_NKAEAK_N@Z 000000018001c6a0 f   ConEmuPluginBase.obj
 0001:0001b7c0       ?ShowMessage@CPluginBase@@QEAAHHH@Z 000000018001c7c0 f   ConEmuPluginBase.obj
 0001:0001b850       ?OutDataAlloc@CPluginBase@@SA_NK@Z 000000018001c850 f   ConEmuPluginBase.obj
 0001:0001b8d0       ?OutDataRealloc@CPluginBase@@SA_NK@Z 000000018001c8d0 f   ConEmuPluginBase.obj
 0001:0001b9d0       ?OutDataWrite@CPluginBase@@SA_NPEAXK@Z 000000018001c9d0 f   ConEmuPluginBase.obj
 0001:0001bac0       ?CreateTabs@CPluginBase@@SA_NH@Z 000000018001cac0 f   ConEmuPluginBase.obj
 0001:0001bbc0       ?AddTab@CPluginBase@@QEAA_NAEAHH_N1HPEB_W2HHHH@Z 000000018001cbc0 f   ConEmuPluginBase.obj
 0001:0001c200       wmemcmp                    000000018001d200 f i ConEmuPluginBase.obj
 0001:0001c290       ?SendTabs@CPluginBase@@SAXH_N@Z 000000018001d290 f   ConEmuPluginBase.obj
 0001:0001c4e0       ?CloseTabs@CPluginBase@@SAXXZ 000000018001d4e0 f   ConEmuPluginBase.obj
 0001:0001c580       ?UpdateConEmuTabs@CPluginBase@@QEAA_N_N@Z 000000018001d580 f   ConEmuPluginBase.obj
 0001:0001c990       ?ShowProtocolWarning@CPluginBase@@KAXXZ 000000018001d990 f   ConEmuPluginBase.obj
 0001:0001cb20       ?CheckResources@CPluginBase@@QEAAX_N@Z 000000018001db20 f   ConEmuPluginBase.obj
 0001:0001cd00       ?InitResources@CPluginBase@@QEAAXXZ 000000018001dd00 f   ConEmuPluginBase.obj
 0001:0001d090       ?CloseMapHeader@CPluginBase@@SAXXZ 000000018001e090 f   ConEmuPluginBase.obj
 0001:0001d0c0       ?OpenMapHeader@CPluginBase@@SAHXZ 000000018001e0c0 f   ConEmuPluginBase.obj
 0001:0001d210       ?InitRootRegKey@CPluginBase@@IEAAXXZ 000000018001e210 f   ConEmuPluginBase.obj
 0001:0001d370       ?SetRootRegKey@CPluginBase@@IEAAXPEA_W@Z 000000018001e370 f   ConEmuPluginBase.obj
 0001:0001d4a0       ?LoadPanelTabsFromRegistry@CPluginBase@@IEAAXXZ 000000018001e4a0 f   ConEmuPluginBase.obj
 0001:0001d610       ?InitHWND@CPluginBase@@SAXXZ 000000018001e610 f   ConEmuPluginBase.obj
 0001:0001d950       ?CheckConEmuDetached@CPluginBase@@SAXXZ 000000018001e950 f   ConEmuPluginBase.obj
 0001:0001da00       ?EmergencyShow@CPluginBase@@KAXXZ 000000018001ea00 f   ConEmuPluginBase.obj
 0001:0001da70       ?MonitorThreadProcW@CPluginBase@@SAKPEAX@Z 000000018001ea70 f   ConEmuPluginBase.obj
 0001:0001dfa0       ?OpenPluginCommon@CPluginBase@@QEAAPEAXH_J_N@Z 000000018001efa0 f   ConEmuPluginBase.obj
 0001:0001e470       ?ExitFarCommon@CPluginBase@@QEAAX_N@Z 000000018001f470 f   ConEmuPluginBase.obj
 0001:0001e4e0       ?OnMainThreadActivated@CPluginBase@@QEAAXXZ 000000018001f4e0 f   ConEmuPluginBase.obj
 0001:0001e6e0       ?ProcessSetWindowCommand@CPluginBase@@QEAAXXZ 000000018001f6e0 f   ConEmuPluginBase.obj
 0001:0001e850       ?CommonPluginStartup@CPluginBase@@QEAAXXZ 000000018001f850 f   ConEmuPluginBase.obj
 0001:0001e980       ?StopThread@CPluginBase@@QEAAX_N@Z 000000018001f980 f   ConEmuPluginBase.obj
 0001:0001edb0       ??_G?$MFileMapping@UCESERVER_CONSOLE_MAPPING_HDR@@@@QEAAPEAXI@Z 000000018001fdb0 f i ConEmuPluginBase.obj
 0001:0001edf0       ?ShutdownPluginStep@CPluginBase@@SAXPEB_WHHHH@Z 000000018001fdf0 f   ConEmuPluginBase.obj
 0001:0001ee10       ?ExecuteSynchro@CPluginBase@@QEAAXXZ 000000018001fe10 f   ConEmuPluginBase.obj
 0001:0001eef0       ?WaitPluginActivation@CPluginBase@@SAKKPEAPEAXHK@Z 000000018001fef0 f   ConEmuPluginBase.obj
 0001:0001f080       ?ActivatePlugin@CPluginBase@@QEAA_NKPEAXK@Z 0000000180020080 f   ConEmuPluginBase.obj
 0001:0001f3b0       ?cmd_OpenEditorLine@CPluginBase@@QEAA_NPEAUCESERVER_REQ_FAREDITOR@@@Z 00000001800203b0 f   ConEmuPluginBase.obj
 0001:0001f4e0       ?cmd_RedrawFarCall@CPluginBase@@QEAA_NAEAPEAUCESERVER_REQ@@PEAPEAU2@@Z 00000001800204e0 f   ConEmuPluginBase.obj
 0001:0001f5d0       ?cmd_SetWindow@CPluginBase@@QEAA_NPEAX_N@Z 00000001800205d0 f   ConEmuPluginBase.obj
 0001:0001f6b0       ?cmd_LeftClickSync@CPluginBase@@QEAAXPEAX@Z 00000001800206b0 f   ConEmuPluginBase.obj
 0001:0001f840       ?cmd_CloseQSearch@CPluginBase@@QEAAXXZ 0000000180020840 f   ConEmuPluginBase.obj
 0001:0001f8a0       ?cmd_EMenu@CPluginBase@@QEAAXPEAX@Z 00000001800208a0 f   ConEmuPluginBase.obj
 0001:0001f9b0       ?cmd_ExternalCallback@CPluginBase@@QEAA_NPEAX@Z 00000001800209b0 f   ConEmuPluginBase.obj
 0001:0001fa50       ?cmd_ConSetFont@CPluginBase@@QEAAXPEAX@Z 0000000180020a50 f   ConEmuPluginBase.obj
 0001:0001fad0       ?cmd_GuiChanged@CPluginBase@@QEAAXPEAX@Z 0000000180020ad0 f   ConEmuPluginBase.obj
 0001:0001fbe0       ?ProcessCommand@CPluginBase@@QEAA_NKHPEAXPEAPEAUCESERVER_REQ@@_N@Z 0000000180020be0 f   ConEmuPluginBase.obj
 0001:00020300       ?FarSetConsoleSize@CPluginBase@@SA_NFF@Z 0000000180021300 f   ConEmuPluginBase.obj
 0001:00020470       ?ReloadFarInfoApi@CPluginBase@@IEAA_NXZ 0000000180021470 f   ConEmuPluginBase.obj
 0001:00020720       ?ReloadFarInfo@CPluginBase@@QEAA_N_N@Z 0000000180021720 f   ConEmuPluginBase.obj
 0001:00020a40       ?pcc_Selected@CPluginBase@@SA_NW4PluginMenuCommands@@@Z 0000000180021a40 f   ConEmuPluginBase.obj
 0001:00020ac0       ?pcc_Disabled@CPluginBase@@SA_NW4PluginMenuCommands@@@Z 0000000180021ac0 f   ConEmuPluginBase.obj
 0001:00020ba0       ?TouchReadPeekConsoleInputs@CPluginBase@@SAXH@Z 0000000180021ba0 f   ConEmuPluginBase.obj
 0001:00020c00       ?OnConsolePeekReadInput@CPluginBase@@SAX_N@Z 0000000180021c00 f   ConEmuPluginBase.obj
 0001:00020e70       ?ActiveServerPID@CESERVER_CONSOLE_MAPPING_HDR@@QEBAKXZ 0000000180021e70 f i ConEmuPluginBase.obj
 0001:00020eb0       ?UngetDummyMouseEvent@CPluginBase@@SA_N_NPEAUHookCallbackArg@@@Z 0000000180021eb0 f   ConEmuPluginBase.obj
 0001:00021120       ??4HANDLE2@@QEAAAEAU0@PEAX@Z 0000000180022120 f i ConEmuPluginBase.obj
 0001:00021140       ?FillLoadedParm@CPluginBase@@SAXPEAUConEmuLoadedArg@@PEAUHINSTANCE__@@H@Z 0000000180022140 f   ConEmuPluginBase.obj
 0001:00021280       ?NotifyConEmuUnloaded@CPluginBase@@SAXXZ 0000000180022280 f   ConEmuPluginBase.obj
 0001:000213d0       ?OnPanelViewCallbacks@CPluginBase@@SA_NPEAUHookCallbackArg@@P6AHPEAXPEAU_INPUT_RECORD@@KPEAKPEAH@Z5@Z 00000001800223d0 f   ConEmuPluginBase.obj
 0001:00021520       ?OnShellExecuteExW_Except@CPluginBase@@SAXPEAUHookCallbackArg@@@Z 0000000180022520 f   ConEmuPluginBase.obj
 0001:00021570       ?OnGetNumberOfConsoleInputEventsPost@CPluginBase@@SAXPEAUHookCallbackArg@@@Z 0000000180022570 f   ConEmuPluginBase.obj
 0001:000215b0       ?OnConsolePeekInput@CPluginBase@@SAHPEAUHookCallbackArg@@@Z 00000001800225b0 f   ConEmuPluginBase.obj
 0001:00021640       ?OnConsolePeekInputPost@CPluginBase@@SAXPEAUHookCallbackArg@@@Z 0000000180022640 f   ConEmuPluginBase.obj
 0001:00021690       ?OnConsoleReadInputWork@CPluginBase@@SAHPEAUHookCallbackArg@@@Z 0000000180022690 f   ConEmuPluginBase.obj
 0001:00021740       ?OnConsoleReadInput@CPluginBase@@SAHPEAUHookCallbackArg@@@Z 0000000180022740 f   ConEmuPluginBase.obj
 0001:00021760       ?OnConsoleReadInputPost@CPluginBase@@SAXPEAUHookCallbackArg@@@Z 0000000180022760 f   ConEmuPluginBase.obj
 0001:00021a10       ?OnWriteConsoleOutput@CPluginBase@@SAHPEAUHookCallbackArg@@@Z 0000000180022a10 f   ConEmuPluginBase.obj
 0001:00021b30       ?OnConsoleDetaching@CPluginBase@@SAHPEAUHookCallbackArg@@@Z 0000000180022b30 f   ConEmuPluginBase.obj
 0001:00021c90       ?OnConsoleWasAttached@CPluginBase@@SAXPEAUHookCallbackArg@@@Z 0000000180022c90 f   ConEmuPluginBase.obj
 0001:00021d10       ?OnCurDirChanged@CPluginBase@@SAXXZ 0000000180022d10 f   ConEmuPluginBase.obj
 0001:00021da0       ?OnLibraryLoaded@CPluginBase@@SAXPEAUHINSTANCE__@@@Z 0000000180022da0 f   ConEmuPluginBase.obj
 0001:00021e50       ?ToUnicode@CPluginBase@@SAPEA_WPEBD@Z 0000000180022e50 f   ConEmuPluginBase.obj
 0001:00021ef0       ?ToOem@CPluginBase@@SAXPEB_WPEAD_J@Z 0000000180022ef0 f   ConEmuPluginBase.obj
 0001:00021f70       ?ToOem@CPluginBase@@SAPEADPEB_W@Z 0000000180022f70 f   ConEmuPluginBase.obj
 0001:00021fe0       ?ProcessDragFrom@CPluginBase@@QEAAXXZ 0000000180022fe0 f   ConEmuPluginBase.obj
 0001:000228a0       ?ProcessDragTo@CPluginBase@@QEAAXXZ 00000001800238a0 f   ConEmuPluginBase.obj
 0001:00022d60       ?IsCurrentTabModal@CPluginBase@@QEAA_NXZ 0000000180023d60 f   ConEmuPluginBase.obj
 0001:00022e60       ?PrintText@CPluginBase@@QEAA_NPEB_W@Z 0000000180023e60 f   ConEmuPluginBase.obj
 0001:00023240       ?Ptr@?$MFileMapping@UCESERVER_CONSOLE_MAPPING_HDR@@@@QEAAPEAUCESERVER_CONSOLE_MAPPING_HDR@@XZ 0000000180024240 f i ConEmuPluginBase.obj
 0001:00023250       ??$wcscpy_c@$0BBE@@@YAHAEAY0BBE@_WPEB_W@Z 0000000180024250 f i ConEmuPluginBase.obj
 0001:00023280       ??$wcscat_c@$0BBE@@@YAHAEAY0BBE@_WPEB_W@Z 0000000180024280 f i ConEmuPluginBase.obj
 0001:000232b0       ??$wcscat_c@$0CAE@@@YAHAEAY0CAE@_WPEB_W@Z 00000001800242b0 f i ConEmuPluginBase.obj
 0001:000232e0       ?EvaluateDefaultFontWidth@@YAHHPEB_W@Z 00000001800242e0 f   EmergencyShow.obj
 0001:00023460       ?SetUserFriendlyFont@@YAXPEAUHWND__@@HH@Z 0000000180024460 f   EmergencyShow.obj
 0001:00023a20       ?CorrectConsolePos@@YAXPEAUHWND__@@@Z 0000000180024a20 f   EmergencyShow.obj
 0001:00023c00       ?EmergencyShow@@YAXPEAUHWND__@@HH@Z 0000000180024c00 f   EmergencyShow.obj
 0001:00023d80       ?IsFileBatch@@YA_NPEB_W@Z  0000000180024d80 f   Execute.obj
 0001:00023e20       ?GetImageSubsystem@@YA_NPEB_WAEAK11@Z 0000000180024e20 f   Execute.obj
 0001:00024230       ?GetImageSubsystem@@YA_NAEAK0@Z 0000000180025230 f   Execute.obj
 0001:00024310       ?GetImageSubsystem@@YA_NU_PROCESS_INFORMATION@@AEAK1@Z 0000000180025310 f   Execute.obj
 0001:00024610       ?GetEnclosingSectionHeader@@YAPEAU_IMAGE_SECTION_HEADER@@KPEAUIMAGE_MAPPING@@@Z 0000000180025610 f   Execute.obj
 0001:000246c0       ?GetPtrFromRVA@@YAPEAXKPEAUIMAGE_MAPPING@@@Z 00000001800256c0 f   Execute.obj
 0001:00024750       ?FindImageSubsystem@@YA_NPEB_WAEAK1PEAK@Z 0000000180025750 f   Execute.obj
 0001:000255c0       ?HeapInitialize@@YA_NXZ    00000001800265c0 f   Memory.obj
 0001:00025610       ?HeapDeinitialize@@YAXXZ   0000000180026610 f   Memory.obj
 0001:00025640       ?xf_malloc@@YAPEAX_K@Z     0000000180026640 f   Memory.obj
 0001:00025670       ?xf_calloc@@YAPEAX_K0@Z    0000000180026670 f   Memory.obj
 0001:000256b0       ?xf_realloc@@YAPEAXPEAX_K@Z 00000001800266b0 f   Memory.obj
 0001:00025700       ?xf_free@@YAXPEAX@Z        0000000180026700 f   Memory.obj
 0001:00025740       ?xf_validate@@YA_NPEAX@Z   0000000180026740 f   Memory.obj
 0001:00025790       ??2@YAPEAX_K@Z             0000000180026790 f   Memory.obj
 0001:000257c0       ??_U@YAPEAX_K@Z            00000001800267c0 f   Memory.obj
 0001:000257f0       ??3@YAXPEAX@Z              00000001800267f0 f   Memory.obj
 0001:00025810       ??_V@YAXPEAX@Z             0000000180026810 f   Memory.obj
 0001:00025830       ?lstrdup@@YAPEADPEBD@Z     0000000180026830 f   Memory.obj
 0001:000258b0       ?StringCchCopyA@@YAJPEAD_KPEBD@Z 00000001800268b0 f i Memory.obj
 0001:00025a40       ?lstrdup@@YAPEA_WPEB_W_K@Z 0000000180026a40 f   Memory.obj
 0001:00025c00       ?lstrdupW@@YAPEA_WPEBDI@Z  0000000180026c00 f   Memory.obj
 0001:00025ca0       ?lstrdupA@@YAPEADPEB_WIPEAH@Z 0000000180026ca0 f   Memory.obj
 0001:00025df0       ?lstrmerge@@YAPEA_WPEB_W0000@Z 0000000180026df0 f   Memory.obj
 0001:00025ff0       ?lstrmerge@@YA_NPEAPEA_WPEB_W111@Z 0000000180026ff0 f   Memory.obj
 0001:00026070       ?FindMonitorsWorkspace@@YAHPEAUHMONITOR__@@PEAUHDC__@@PEAUtagRECT@@_J@Z 0000000180027070 f   Monitors.obj
 0001:00026120       ?GetAllMonitorsWorkspace@@YA?AUtagRECT@@XZ 0000000180027120 f   Monitors.obj
 0001:000261b0       ?FindPrimaryMonitor@@YAHPEAUHMONITOR__@@PEAUHDC__@@PEAUtagRECT@@_J@Z 00000001800271b0 f   Monitors.obj
 0001:00026240       ?GetMonitorInfoSafe@@YA_NPEAUHMONITOR__@@AEAUtagMONITORINFO@@@Z 0000000180027240 f   Monitors.obj
 0001:000262b0       ?GetPrimaryMonitorInfo@@YAPEAUHMONITOR__@@PEAUtagMONITORINFO@@@Z 00000001800272b0 f   Monitors.obj
 0001:00026370       ?GetNearestMonitorInfo@@YAPEAUHMONITOR__@@PEAUtagMONITORINFO@@PEAU1@PEBUtagRECT@@PEAUHWND__@@@Z 0000000180027370 f   Monitors.obj
 0001:000264a0       ?EnumAllMonitors@@YAHPEAUHMONITOR__@@PEAUHDC__@@PEAUtagRECT@@_J@Z 00000001800274a0 f   Monitors.obj
 0001:00026550       ?MonitorSortCallback@@YAHAEAU_FindAllMonitorsItem@@0@Z 0000000180027550 f   Monitors.obj
 0001:000265d0       ?GetNextMonitorInfo@@YAPEAUHMONITOR__@@PEAUtagMONITORINFO@@PEBUtagRECT@@_N@Z 00000001800275d0 f   Monitors.obj
 0001:00026860       ??0_FindAllMonitors@@QEAA@XZ 0000000180027860 f i Monitors.obj
 0001:00026880       ??1_FindAllMonitors@@QEAA@XZ 0000000180027880 f i Monitors.obj
 0001:000268a0       ?FindTaskbarWindow@@YAPEAUHWND__@@PEAUtagRECT@@@Z 00000001800278a0 f   Monitors.obj
 0001:00026920       ?IsTaskbarAutoHidden@@YA_NPEAUtagRECT@@PEAI@Z 0000000180027920 f   Monitors.obj
 0001:00026a10       ??0?$MArray@U_FindAllMonitorsItem@@@@QEAA@XZ 0000000180027a10 f i Monitors.obj
 0001:00026a70       ??1?$MArray@U_FindAllMonitorsItem@@@@QEAA@XZ 0000000180027a70 f i Monitors.obj
 0001:00026a90       ??A?$MArray@U_FindAllMonitorsItem@@@@QEAAAEAU_FindAllMonitorsItem@@_J@Z 0000000180027a90 f i Monitors.obj
 0001:00026ab0       ?push_back@?$MArray@U_FindAllMonitorsItem@@@@QEAA_JAEBU_FindAllMonitorsItem@@@Z 0000000180027ab0 f i Monitors.obj
 0001:00026b80       ?size@?$MArray@U_FindAllMonitorsItem@@@@QEBA_JXZ 0000000180027b80 f i Monitors.obj
 0001:00026b90       ?sort@?$MArray@U_FindAllMonitorsItem@@@@QEAAXP6AHAEAU_FindAllMonitorsItem@@0@Z@Z 0000000180027b90 f i Monitors.obj
 0001:00026ce0       ?clear@?$MArray@U_FindAllMonitorsItem@@@@QEAAXXZ 0000000180027ce0 f i Monitors.obj
 0001:00026d30       ?addsize@?$MArray@U_FindAllMonitorsItem@@@@QEAAX_J@Z 0000000180027d30 f i Monitors.obj
 0001:00026e70       ??0MSection@@QEAA@XZ       0000000180027e70 f   MSection.obj
 0001:00026f60       ??1MSection@@QEAA@XZ       0000000180027f60 f   MSection.obj
 0001:00027030       ?Process_Lock@MSection@@IEAAXXZ 0000000180028030 f   MSection.obj
 0001:00027050       ?Process_Unlock@MSection@@IEAAXXZ 0000000180028050 f   MSection.obj
 0001:00027070       ?ThreadTerminated@MSection@@QEAAXK@Z 0000000180028070 f   MSection.obj
 0001:000270e0       ?AddRef@MSection@@IEAAXK@Z 00000001800280e0 f   MSection.obj
 0001:00027230       ?ReleaseRef@MSection@@IEAAHK@Z 0000000180028230 f   MSection.obj
 0001:00027350       ?WaitUnlocked@MSection@@IEAAXKK@Z 0000000180028350 f   MSection.obj
 0001:00027420       ?MyEnterCriticalSection@MSection@@IEAA_NK@Z 0000000180028420 f   MSection.obj
 0001:000275f0       ?Lock@MSection@@IEAAHHK@Z  00000001800285f0 f   MSection.obj
 0001:000277a0       ?Unlock@MSection@@IEAAXH@Z 00000001800287a0 f   MSection.obj
 0001:00027830       ?isLockedExclusive@MSection@@QEAA_NXZ 0000000180028830 f   MSection.obj
 0001:000278a0       ??0MSectionThread@@QEAA@PEAVMSection@@@Z 00000001800288a0 f   MSection.obj
 0001:000278e0       ??1MSectionThread@@QEAA@XZ 00000001800288e0 f   MSection.obj
 0001:00027920       ??0MSectionLock@@QEAA@XZ   0000000180028920 f   MSection.obj
 0001:00027950       ??1MSectionLock@@QEAA@XZ   0000000180028950 f   MSection.obj
 0001:00027980       ?Lock@MSectionLock@@QEAAHPEAVMSection@@HK@Z 0000000180028980 f   MSection.obj
 0001:00027a50       ?RelockExclusive@MSectionLock@@QEAAHK@Z 0000000180028a50 f   MSection.obj
 0001:00027ae0       ?Unlock@MSectionLock@@QEAAXXZ 0000000180028ae0 f   MSection.obj
 0001:00027b30       ?isLocked@MSectionLock@@QEAAHH@Z 0000000180028b30 f   MSection.obj
 0001:00027b80       ??0MSectionSimple@@QEAA@_N@Z 0000000180028b80 f   MSectionSimple.obj
 0001:00027be0       ??1MSectionSimple@@QEAA@XZ 0000000180028be0 f   MSectionSimple.obj
 0001:00027c00       ?IsInitialized@MSectionSimple@@QEAA_NXZ 0000000180028c00 f   MSectionSimple.obj
 0001:00027c40       ?Init@MSectionSimple@@QEAAXXZ 0000000180028c40 f   MSectionSimple.obj
 0001:00027c70       ?Close@MSectionSimple@@QEAAXXZ 0000000180028c70 f   MSectionSimple.obj
 0001:00027ca0       ?Enter@MSectionSimple@@QEAAXXZ 0000000180028ca0 f   MSectionSimple.obj
 0001:00027cc0       ?Leave@MSectionSimple@@QEAAXXZ 0000000180028cc0 f   MSectionSimple.obj
 0001:00027ce0       ?TryEnter@MSectionSimple@@QEAA_NXZ 0000000180028ce0 f   MSectionSimple.obj
 0001:00027d20       ?RecreateAndLock@MSectionSimple@@QEAA_NXZ 0000000180028d20 f   MSectionSimple.obj
 0001:00027dc0       ??0MSectionLockSimple@@QEAA@XZ 0000000180028dc0 f   MSectionSimple.obj
 0001:00027de0       ??1MSectionLockSimple@@QEAA@XZ 0000000180028de0 f   MSectionSimple.obj
 0001:00027e10       ?Lock@MSectionLockSimple@@QEAAHPEAUMSectionSimple@@K@Z 0000000180028e10 f   MSectionSimple.obj
 0001:00027ee0       ?Unlock@MSectionLockSimple@@QEAAXXZ 0000000180028ee0 f   MSectionSimple.obj
 0001:00027f20       ?isLocked@MSectionLockSimple@@QEAAHXZ 0000000180028f20 f   MSectionSimple.obj
 0001:00027f30       ?NullSecurity@@YAPEAU_SECURITY_ATTRIBUTES@@XZ 0000000180028f30 f   MSecurity.obj
 0001:00027f90       ??0MNullDesc@@QEAA@XZ      0000000180028f90 f i MSecurity.obj
 0001:00028010       ?NullSecurity@MNullDesc@@QEAAPEAU_SECURITY_ATTRIBUTES@@XZ 0000000180029010 f i MSecurity.obj
 0001:00028150       ?LoadAdvApi@MNullDesc@@IEAAHXZ 0000000180029150 f i MSecurity.obj
 0001:00028410       ?UnloadAdvApi@MNullDesc@@IEAAXXZ 0000000180029410 f i MSecurity.obj
 0001:00028450       ?LocalSecurity@@YAPEAU_SECURITY_ATTRIBUTES@@XZ 0000000180029450 f   MSecurity.obj
 0001:000284b0       ?LocalSecurity@MNullDesc@@QEAAPEAU_SECURITY_ATTRIBUTES@@XZ 00000001800294b0 f i MSecurity.obj
 0001:00028760       ?ShutdownSecurity@@YAXXZ   0000000180029760 f   MSecurity.obj
 0001:000287c0       ??_GMNullDesc@@QEAAPEAXI@Z 00000001800297c0 f i MSecurity.obj
 0001:00028800       ??1MNullDesc@@QEAA@XZ      0000000180029800 f i MSecurity.obj
 0001:00028890       ??0MSetter@@QEAA@PEAJ@Z    0000000180029890 f   MSetter.obj
 0001:000288e0       ??0MSetter@@QEAA@PEA_N@Z   00000001800298e0 f   MSetter.obj
 0001:00028930       ??0MSetter@@QEAA@PEAKK@Z   0000000180029930 f   MSetter.obj
 0001:00028980       ??1MSetter@@QEAA@XZ        0000000180029980 f   MSetter.obj
 0001:000289a0       ?Unlock@MSetter@@QEAAXXZ   00000001800299a0 f   MSetter.obj
 0001:00028a40       ?msprintf@@YAPEB_WPEA_W_KPEB_WZZ 0000000180029a40 f   MStrSafe.obj
 0001:00029400       ?msprintf@@YAPEBDPEAD_KPEBDZZ 000000018002a400 f   MStrSafe.obj
 0001:00029b40       ?lstrcmpni@@YAHPEBD0H@Z    000000018002ab40 f   MStrSafe.obj
 0001:00029cb0       ?lstrcmpni@@YAHPEB_W0H@Z   000000018002acb0 f   MStrSafe.obj
 0001:00029e60       ?startswith@@YAHPEB_W0_N@Z 000000018002ae60 f   MStrSafe.obj
 0001:00029f10       ??0CPluginBackground@@QEAA@XZ 000000018002af10 f   PluginBackground.obj
 0001:0002a1c0       ??1CPluginBackground@@QEAA@XZ 000000018002b1c0 f   PluginBackground.obj
 0001:0002a470       ?RegisterSubplugin@CPluginBackground@@QEAAHPEAURegisterBackgroundArg@@@Z 000000018002b470 f   PluginBackground.obj
 0001:0002a9e0       ?ReallocItems@CPluginBackground@@IEAAXH@Z 000000018002b9e0 f   PluginBackground.obj
 0001:0002aa80       ?OnMainThreadActivated@CPluginBackground@@QEAAXHH@Z 000000018002ba80 f   PluginBackground.obj
 0001:0002abf0       ?SetForceCheck@CPluginBackground@@QEAAXXZ 000000018002bbf0 f   PluginBackground.obj
 0001:0002ac20       ?SetForceUpdate@CPluginBackground@@QEAAX_N@Z 000000018002bc20 f   PluginBackground.obj
 0001:0002ac60       ?SetForceThLoad@CPluginBackground@@QEAAXXZ 000000018002bc60 f   PluginBackground.obj
 0001:0002aca0       ?IsParmChanged@CPluginBackground@@IEAA_NPEAUPaintBackgroundArg@@0@Z 000000018002bca0 f   PluginBackground.obj
 0001:0002aff0       ?CheckPanelFolders@CPluginBackground@@IEAAXH@Z 000000018002bff0 f   PluginBackground.obj
 0001:0002b120       ?SetDcPanelRect@CPluginBackground@@IEAAXPEAUtagRECT@@PEAUBkPanelInfo@@PEAUPaintBackgroundArg@@@Z 000000018002c120 f   PluginBackground.obj
 0001:0002b2c0       ?UpdateBackground_Exec@CPluginBackground@@KAXPEAURegisterBackgroundArg@@PEAUPaintBackgroundArg@@@Z 000000018002c2c0 f   PluginBackground.obj
 0001:0002b320       ?UpdateBackground@CPluginBackground@@IEAAXXZ 000000018002c320 f   PluginBackground.obj
 0001:0002c3f0       ?LoadThSet@CPluginBackground@@IEAAHH@Z 000000018002d3f0 f   PluginBackground.obj
 0001:0002c660       ?MonitorBackground@CPluginBackground@@QEAAXXZ 000000018002d660 f   PluginBackground.obj
 0001:0002c740       ?GetTo@?$MFileMapping@UPanelViewSetMapping@@@@QEAA_NPEAUPanelViewSetMapping@@H@Z 000000018002d740 f i PluginBackground.obj
 0001:0002c7a0       ?InitName@?$MFileMapping@UPanelViewSetMapping@@@@QEAAPEB_WPEB_WKK@Z 000000018002d7a0 f i PluginBackground.obj
 0001:0002c800       ?CloseMap@?$MFileMapping@UPanelViewSetMapping@@@@QEAAXXZ 000000018002d800 f i PluginBackground.obj
 0001:0002c890       ?Open@?$MFileMapping@UPanelViewSetMapping@@@@QEAAPEAUPanelViewSetMapping@@HH@Z 000000018002d890 f i PluginBackground.obj
 0001:0002c8c0       ??0?$MFileMapping@UPanelViewSetMapping@@@@QEAA@XZ 000000018002d8c0 f i PluginBackground.obj
 0001:0002c930       ??1?$MFileMapping@UPanelViewSetMapping@@@@QEAA@XZ 000000018002d930 f i PluginBackground.obj
 0001:0002c960       ?IsValid@?$MFileMapping@UPanelViewSetMapping@@@@QEAA_NXZ 000000018002d960 f i PluginBackground.obj
 0001:0002c990       ?ClosePtr@?$MFileMapping@UPanelViewSetMapping@@@@QEAAXXZ 000000018002d990 f i PluginBackground.obj
 0001:0002c9d0       ?InternalOpenCreate@?$MFileMapping@UPanelViewSetMapping@@@@IEAAPEAUPanelViewSetMapping@@HHH@Z 000000018002d9d0 f i PluginBackground.obj
 0001:0002cdb0       ?PlugServerInit@@YAXXZ     000000018002ddb0 f   PluginSrv.obj
 0001:0002cdc0       ?PlugServerStart@@YA_NXZ   000000018002ddc0 f   PluginSrv.obj
 0001:0002cf00       ?PlugServerStop@@YAX_N@Z   000000018002df00 f   PluginSrv.obj
 0001:0002cf60       ?cmd_FarSetChanged@@YAXPEAUFAR_REQ_FARSETCHANGED@@@Z 000000018002df60 f   PluginSrv.obj
 0001:0002cfe0       ?PlugServerCommand@@YAHPEAXPEAUCESERVER_REQ@@AEAPEAU1@AEAK3_J@Z 000000018002dfe0 f   PluginSrv.obj
 0001:0002da10       ?PlugServerFree@@YAXPEAUCESERVER_REQ@@_J@Z 000000018002ea10 f   PluginSrv.obj
 0001:0002da30       ?SetOverlapped@?$PipeServer@UCESERVER_REQ@@@@QEAAX_N@Z 000000018002ea30 f i PluginSrv.obj
 0001:0002da50       ?SetLoopCommands@?$PipeServer@UCESERVER_REQ@@@@QEAAX_N@Z 000000018002ea50 f i PluginSrv.obj
 0001:0002da70       ?SetDummyAnswerSize@?$PipeServer@UCESERVER_REQ@@@@QEAAXH@Z 000000018002ea70 f i PluginSrv.obj
 0001:0002da90       ?SetMaxCount@?$PipeServer@UCESERVER_REQ@@@@QEAAXH@Z 000000018002ea90 f i PluginSrv.obj
 0001:0002dae0       ?StartPipeServer@?$PipeServer@UCESERVER_REQ@@@@QEAA_N_NPEB_W_JPEAU_SECURITY_ATTRIBUTES@@P6AHPEAXPEAUCESERVER_REQ@@AEAPEAU3@AEAK72@ZP6AX52@ZP6AH42@ZP6AH42@ZP6AH42@Z@Z 000000018002eae0 f i PluginSrv.obj
 0001:0002dd50       ?StopPipeServer@?$PipeServer@UCESERVER_REQ@@@@QEAAX_NAEA_N@Z 000000018002ed50 f i PluginSrv.obj
 0001:0002e680       ?BreakConnection@?$PipeServer@UCESERVER_REQ@@@@QEAAXPEAX@Z 000000018002f680 f i PluginSrv.obj
 0001:0002e6b0       ?DumpError@?$PipeServer@UCESERVER_REQ@@@@IEAAXPEAUPipeInst@1@PEB_WH@Z 000000018002f6b0 f i PluginSrv.obj
 0001:0002e7f0       ?_Disconnect@?$PipeServer@UCESERVER_REQ@@@@IEAAXPEAUPipeInst@1@_N11@Z 000000018002f7f0 f i PluginSrv.obj
 0001:0002e8a0       ?StartPipeInstance@?$PipeServer@UCESERVER_REQ@@@@IEAA_NPEAUPipeInst@1@@Z 000000018002f8a0 f i PluginSrv.obj
 0001:0002eb10       ?TerminatePipeThread@?$PipeServer@UCESERVER_REQ@@@@KAXAEAPEAXAEBUPipeInst@1@AEA_N@Z 000000018002fb10 f i PluginSrv.obj
 0001:0002ebd0       ?_PipeServerThread@?$PipeServer@UCESERVER_REQ@@@@KAKPEAX@Z 000000018002fbd0 f i PluginSrv.obj
 0001:0002ec70       ?PipeServerThread@?$PipeServer@UCESERVER_REQ@@@@IEAAKPEAUPipeInst@1@@Z 000000018002fc70 f i PluginSrv.obj
 0001:0002f1c0       ?PipeServerRead@?$PipeServer@UCESERVER_REQ@@@@IEAAHPEAUPipeInst@1@@Z 00000001800301c0 f i PluginSrv.obj
 0001:0002f630       ?PipeServerWrite@?$PipeServer@UCESERVER_REQ@@@@IEAAHPEAUPipeInst@1@PEBXKPEAKH@Z 0000000180030630 f i PluginSrv.obj
 0001:0002f870       ?WaitForClient@?$PipeServer@UCESERVER_REQ@@@@IEAA_NPEAUPipeInst@1@AEAH1@Z 0000000180030870 f i PluginSrv.obj
 0001:0002fe80       ?WriteDummyAnswer@?$PipeServer@UCESERVER_REQ@@@@IEAAHPEAUPipeInst@1@@Z 0000000180030e80 f i PluginSrv.obj
 0001:0002ff20       ?WaitOverlapped@?$PipeServer@UCESERVER_REQ@@@@IEAAHPEAUPipeInst@1@PEAK@Z 0000000180030f20 f i PluginSrv.obj
 0001:00030210       ?AllocRequestBuf@PipeInst@?$PipeServer@UCESERVER_REQ@@@@QEAAPEAUCESERVER_REQ@@K@Z 0000000180031210 f i PluginSrv.obj
 0001:000302b0       ??$wcscpy_c@$0BAE@@@YAHAEAY0BAE@_WPEB_W@Z 00000001800312b0 f i PluginSrv.obj
 0001:00030410       ?SetConEmuEnvHWND@@YAXPEB_WPEAUHWND__@@@Z 0000000180031410 f   SetEnvVar.obj
 0001:00030470       ?SetConEmuEnvVar@@YAXPEAUHWND__@@@Z 0000000180031470 f   SetEnvVar.obj
 0001:000304f0       ?SetConEmuEnvVarChild@@YAXPEAUHWND__@@0@Z 00000001800314f0 f   SetEnvVar.obj
 0001:00030530       ?SetConEmuWorkEnvVar@@YAXPEAUHINSTANCE__@@@Z 0000000180031530 f   SetEnvVar.obj
 0001:00030700       ??0CEnvStrings@@QEAA@PEA_W@Z 0000000180031700 f   SetEnvVar.obj
 0001:000307c0       ??1CEnvStrings@@QEAA@XZ    00000001800317c0 f   SetEnvVar.obj
 0001:00030800       ?ShutdownConsole@@YAXXZ    0000000180031800 f   WConsole.obj
 0001:00030850       ?SetConsoleInfo@@YAHPEAUHWND__@@PEAU_CONSOLE_INFO@@@Z 0000000180031850 f   WConsole.obj
 0001:00030b80       ?ChangeScreenBufferSize@@YAXAEAU_CONSOLE_SCREEN_BUFFER_INFO@@FFFF@Z 0000000180031b80 f   WConsole.obj
 0001:00030ce0       ?GetConWindowSize@@YAHAEBU_CONSOLE_SCREEN_BUFFER_INFO@@HHKPEAH1PEAK@Z 0000000180031ce0 f   WConsole.obj
 0001:00030e80       ?GetConsoleSizeInfo@@YAXPEAU_CONSOLE_INFO@@@Z 0000000180031e80 f   WConsole.obj
 0001:00030f50       ?apiGetConsoleScreenBufferInfoEx@@YAHPEAXPEAUMY_CONSOLE_SCREEN_BUFFER_INFOEX@@@Z 0000000180031f50 f   WConsole.obj
 0001:00030fd0       ?apiSetConsoleScreenBufferInfoEx@@YAHPEAXPEAUMY_CONSOLE_SCREEN_BUFFER_INFOEX@@@Z 0000000180031fd0 f   WConsole.obj
 0001:00031070       ?apiGetConsoleFontSize@@YAHPEAXAEAH1AEAY0CA@_W@Z 0000000180032070 f   WConsole.obj
 0001:00031160       ?apiSetConsoleFontSize@@YAHPEAXHHPEB_W@Z 0000000180032160 f   WConsole.obj
 0001:00031300       ?apiFixFontSizeForBufferSize@@YAHPEAXU_COORD@@PEADH@Z 0000000180032300 f   WConsole.obj
 0001:000319e0       ?SetConsoleFontSizeTo@@YAXPEAUHWND__@@HHPEB_WGG@Z 00000001800329e0 f   WConsole.obj
 0001:00032070       ?apiPauseConsoleOutput@@YAHPEAUHWND__@@_N@Z 0000000180033070 f   WConsole.obj
 0001:000321d0       ?apiGetConsoleSelectionInfo@@YAHPEAU_CONSOLE_SELECTION_INFO@@@Z 00000001800331d0 f   WConsole.obj
 0001:000322f0       ?MyGetLargestConsoleWindowSize@@YA?AU_COORD@@PEAX@Z 00000001800332f0 f   WConsole.obj
 0001:00032380       ?SearchAppPaths@@YA_NPEB_WAEAUCEStr@@_NPEAU1@@Z 0000000180033380 f   WFiles.obj
 0001:00032a20       ?GetFullPathNameEx@@YAPEA_WPEB_W@Z 0000000180033a20 f   WFiles.obj
 0001:00032b20       ?FindFileName@@YA_NPEB_WAEAUCEStr@@@Z 0000000180033b20 f   WFiles.obj
 0001:00032d70       ?MakePathProperCase@@YA_NAEAUCEStr@@@Z 0000000180033d70 f   WFiles.obj
 0001:000330a0       ?ReadTextFile@@YAHPEB_WKAEAPEA_WAEAK2K@Z 00000001800340a0 f   WFiles.obj
 0001:000336a0       ?WriteTextFile@@YAHPEB_W0HK_NPEAK@Z 00000001800346a0 f   WFiles.obj
 0001:00033a60       ?FilesExists@@YA_NPEB_W0_NH@Z 0000000180034a60 f   WFiles.obj
 0001:00033c00       ?IsDotsName@@YA_NPEB_W@Z   0000000180034c00 f   WFiles.obj
 0001:00033c60       ?FileExistSubDir@@YA_NPEB_W0HAEAUCEStr@@@Z 0000000180034c60 f   WFiles.obj
 0001:00033ea0       ?DirectoryExists@@YA_NPEB_W@Z 0000000180034ea0 f   WFiles.obj
 0001:00034040       ?MyCreateDirectory@@YA_NPEA_W@Z 0000000180035040 f   WFiles.obj
 0001:00034190       ?FileCompare@@YA_NPEB_W0@Z 0000000180035190 f   WFiles.obj
 0001:00034480       ?apiCancelSynchronousIo@@YAHPEAX@Z 0000000180035480 f   WFiles.obj
 0001:00034540       ?HasZoneIdentifier@@YA_NPEB_WAEAH@Z 0000000180035540 f   WFiles.obj
 0001:00034670       ?DropZoneIdentifier@@YA_NPEB_WAEAK@Z 0000000180035670 f   WFiles.obj
 0001:00034780       ?IsModuleValid@@YA_NPEAUHINSTANCE__@@H@Z 0000000180035780 f   WModuleCheck.obj
 0001:00034980       ?CheckCallbackPtr@@YA_NPEAUHINSTANCE__@@_KPEAP6A_JXZHHH@Z 0000000180035980 f   WModuleCheck.obj
 0001:00034b70       ?getWindowInfo@@YAXPEAUHWND__@@AEAY0EAA@_W_NPEAK@Z 0000000180035b70 f   WObjects.obj
 0001:00034d80       ?FileExists@@YA_NPEB_WPEAK@Z 0000000180035d80 f   WObjects.obj
 0001:00034fa0       ?FileSearchInDir@@YA_NPEB_WAEAUCEStr@@@Z 0000000180035fa0 f   WObjects.obj
 0001:000351c0       ?FileExistsSearch@@YA_NPEB_WAEAUCEStr@@_N2@Z 00000001800361c0 f   WObjects.obj
 0001:00035300       ?GetShortFileName@@YA_NPEB_WHPEA_WH@Z 0000000180036300 f   WObjects.obj
 0001:00035580       ?GetShortFileNameEx@@YAPEA_WPEB_WH@Z 0000000180036580 f   WObjects.obj
 0001:00035ac0       ?IsWine@@YA_NXZ            0000000180036ac0 f   WObjects.obj
 0001:00035c50       ?IsWinPE@@YA_NXZ           0000000180036c50 f   WObjects.obj
 0001:00035d00       ?GetOsVersionInformational@@YA_NPEAU_OSVERSIONINFOW@@@Z 0000000180036d00 f   WObjects.obj
 0001:00035d40       ?IsWinVerOrHigher@@YA_NG@Z 0000000180036d40 f   WObjects.obj
 0001:00035e10       ?IsWin2kEql@@YA_NXZ        0000000180036e10 f   WObjects.obj
 0001:00035ef0       ?IsWin5family@@YA_NXZ      0000000180036ef0 f   WObjects.obj
 0001:00035fb0       ?IsWinXPSP1@@YA_NXZ        0000000180036fb0 f   WObjects.obj
 0001:000360a0       ?IsWin6@@YA_NXZ            00000001800370a0 f   WObjects.obj
 0001:00036100       ?IsWin7@@YA_NXZ            0000000180037100 f   WObjects.obj
 0001:00036160       ?IsWin10@@YA_NXZ           0000000180037160 f   WObjects.obj
 0001:000361c0       ?IsDbcs@@YA_NXZ            00000001800371c0 f   WObjects.obj
 0001:00036200       ?IsWindows64@@YA_NXZ       0000000180037200 f   WObjects.obj
 0001:00036240       ?IsHwFullScreenAvailable@@YA_NXZ 0000000180037240 f   WObjects.obj
 0001:000362d0       ?IsVsNetHostExe@@YA_NPEB_W@Z 00000001800372d0 f   WObjects.obj
 0001:00036370       ?IsGDB@@YA_NPEB_W@Z        0000000180037370 f   WObjects.obj
 0001:000363e0       ?GetProcessBits@@YAHKPEAX@Z 00000001800373e0 f   WObjects.obj
 0001:00036530       ?GetProcessInfo@@YA_NKPEAUtagPROCESSENTRY32W@@@Z 0000000180037530 f   WObjects.obj
 0001:00036620       ?isTerminalMode@@YA_NXZ    0000000180037620 f   WObjects.obj
 0001:00036970       ?ExpandMacroValues@@YAPEA_WPEB_WPEAPEB_W_K@Z 0000000180037970 f   WObjects.obj
 0001:00036bc0       ?ExpandEnvStr@@YAPEA_WPEB_W@Z 0000000180037bc0 f   WObjects.obj
 0001:00036cd0       ?GetEnvVar@@YAPEA_WPEB_W@Z 0000000180037cd0 f   WObjects.obj
 0001:00036dc0       ?GetComspecFromEnvVar@@YAPEB_WPEA_WKW4ComSpecBits@@@Z 0000000180037dc0 f   WObjects.obj
 0001:00037120       ?GetComspec@@YAPEA_WPEBUConEmuComspec@@@Z 0000000180038120 f   WObjects.obj
 0001:000373e0       ?IsExportEnvVarAllowed@@YA_NPEB_W@Z 00000001800383e0 f   WObjects.obj
 0001:00037460       ?ApplyExportEnvVar@@YAXPEB_W@Z 0000000180038460 f   WObjects.obj
 0001:00037520       ?CoordInSmallRect@@YA_NAEBU_COORD@@AEBU_SMALL_RECT@@@Z 0000000180038520 f   WObjects.obj
 0001:000375a0       ?GetCpFromString@@YAIPEB_WPEAPEB_W@Z 00000001800385a0 f   WObjects.obj
 0001:00037800       ??$wcscpy_c@$0EAA@@@YAHAEAY0EAA@_WPEB_W@Z 0000000180038800 f i WObjects.obj
 0001:00037830       ??$wcscpy_c@$0BAA@@@YAHAEAY0BAA@_WPEB_W@Z 0000000180038830 f i WObjects.obj
 0001:00037860       ?apiThreadHelper@@YAKPEAX@Z 0000000180038860 f   WThreads.obj
 0001:00037a50       ?apiCreateThread@@YAPEAXP6AKPEAX@Z0PEAKPEBDH@Z 0000000180038a50 f   WThreads.obj
 0001:00037c50       ??0ConEmuThreadStartArg@@QEAA@P6AKPEAX@Z0K@Z 0000000180038c50 f i WThreads.obj
 0001:00037cb0       ?apiTerminateThreadEx@@YAHPEAXKPEBDH@Z 0000000180038cb0 f   WThreads.obj
 0001:00037e40       ?SetThreadName@@YAXKPEAD@Z 0000000180038e40 f   WThreads.obj
 0001:00037ea0       ?apiSetForegroundWindow@@YA_NPEAUHWND__@@@Z 0000000180038ea0 f   WUser.obj
 0001:00037ee0       ?apiShowWindow@@YA_NPEAUHWND__@@H@Z 0000000180038ee0 f   WUser.obj
 0001:00037f20       ?apiShowWindowAsync@@YA_NPEAUHWND__@@H@Z 0000000180038f20 f   WUser.obj
 0001:00037f60       ?IsUserAdmin@@YA_NXZ       0000000180038f60 f   WUser.obj
 0001:000380c0       ?GetLogonSID@@YA_NPEAXPEAPEA_W@Z 00000001800390c0 f   WUser.obj
 0001:00038220       ?RemoveOldComSpecC@@YAXXZ  0000000180039220 f   WUser.obj
 0001:00038370       ?DuplicateProcessHandle@@YAPEAXK@Z 0000000180039370 f   WUser.obj
 0001:00038400       ?FindComspec@@YAXPEAUConEmuComspec@@_N@Z 0000000180039400 f   WUser.obj
 0001:00038ff0       ?UpdateComspec@@YAXPEAUConEmuComspec@@_N@Z 0000000180039ff0 f   WUser.obj
 0001:00039430       ?SetEnvVarExpanded@@YAXPEB_W0@Z 000000018003a430 f   WUser.obj
 0001:00039680       wcsrchr                    000000018003a680 f   libCRT64:strrchr.obj
 0001:000396b0       wcschr                     000000018003a6b0 f   libCRT64:strchr.obj
 0001:000396d0       strpbrk                    000000018003a6d0 f   libCRT64:strpbrk.obj
 0001:00039770       wcspbrk                    000000018003a770 f   libCRT64:strpbrk.obj
 0001:000397c0       wcsncmp                    000000018003a7c0 f   libCRT64:strncmp.obj
 0001:00039800       strrchr                    000000018003a800 f   libCRT64:strrchr.obj
 0001:00039830       wcsstr                     000000018003a830 f   libCRT64:strstr.obj
 0001:000398a0       memset                     000000018003a8a0 f   libCRT64:memset.obj
 0001:000398d0       memmove                    000000018003a8d0 f   libCRT64:memmove.obj
 0001:00039930       memcpy                     000000018003a930 f   libCRT64:memcpy.obj
 0001:00039960       memcmp                     000000018003a960 f   libCRT64:memcmp.obj
 0001:00039990       iswdigit                   000000018003a990 f i libCRT64:strtol.obj
 0001:000399a0       iswspace                   000000018003a9a0 f i libCRT64:strtol.obj
 0001:00039b90       wcstol                     000000018003ab90 f   libCRT64:strtol.obj
 0001:00039ba0       wcstoul                    000000018003aba0 f   libCRT64:strtol.obj
 0001:00039bb0       strchr                     000000018003abb0 f   libCRT64:strchr.obj
 0001:00039bc8       SetEnvironmentVariableW    000000018003abc8 f   kernel32:KERNEL32.dll
 0001:00039bce       lstrlenW                   000000018003abce f   kernel32:KERNEL32.dll
 0001:00039bd4       lstrcpynW                  000000018003abd4 f   kernel32:KERNEL32.dll
 0001:00039bda       lstrcmpiW                  000000018003abda f   kernel32:KERNEL32.dll
 0001:00039be0       lstrcmpW                   000000018003abe0 f   kernel32:KERNEL32.dll
 0001:00039be6       GetCurrentDirectoryW       000000018003abe6 f   kernel32:KERNEL32.dll
 0001:00039bec       SearchPathW                000000018003abec f   kernel32:KERNEL32.dll
 0001:00039bf2       GetProcAddress             000000018003abf2 f   kernel32:KERNEL32.dll
 0001:00039bf8       GetModuleHandleW           000000018003abf8 f   kernel32:KERNEL32.dll
 0001:00039bfe       GetModuleFileNameW         000000018003abfe f   kernel32:KERNEL32.dll
 0001:00039c04       SetNamedPipeHandleState    000000018003ac04 f   kernel32:KERNEL32.dll
 0001:00039c0a       GetCurrentProcessId        000000018003ac0a f   kernel32:KERNEL32.dll
 0001:00039c10       Sleep                      000000018003ac10 f   kernel32:KERNEL32.dll
 0001:00039c16       SetLastError               000000018003ac16 f   kernel32:KERNEL32.dll
 0001:00039c1c       WaitNamedPipeW             000000018003ac1c f   kernel32:KERNEL32.dll
 0001:00039c22       WaitForSingleObject        000000018003ac22 f   kernel32:KERNEL32.dll
 0001:00039c28       GetLastError               000000018003ac28 f   kernel32:KERNEL32.dll
 0001:00039c2e       CreateFileW                000000018003ac2e f   kernel32:KERNEL32.dll
 0001:00039c34       GetTickCount               000000018003ac34 f   kernel32:KERNEL32.dll
 0001:00039c3a       IsDebuggerPresent          000000018003ac3a f   kernel32:KERNEL32.dll
 0001:00039c40       GetCurrentThreadId         000000018003ac40 f   kernel32:KERNEL32.dll
 0001:00039c46       ReadFile                   000000018003ac46 f   kernel32:KERNEL32.dll
 0001:00039c4c       CloseHandle                000000018003ac4c f   kernel32:KERNEL32.dll
 0001:00039c52       TransactNamedPipe          000000018003ac52 f   kernel32:KERNEL32.dll
 0001:00039c58       WriteFile                  000000018003ac58 f   kernel32:KERNEL32.dll
 0001:00039c5e       GetConsoleWindow           000000018003ac5e f   kernel32:KERNEL32.dll
 0001:00039c64       UnmapViewOfFile            000000018003ac64 f   kernel32:KERNEL32.dll
 0001:00039c6a       MapViewOfFile              000000018003ac6a f   kernel32:KERNEL32.dll
 0001:00039c70       OpenFileMappingW           000000018003ac70 f   kernel32:KERNEL32.dll
 0001:00039c76       LoadLibraryW               000000018003ac76 f   kernel32:KERNEL32.dll
 0001:00039c7c       CreateFileMappingW         000000018003ac7c f   kernel32:KERNEL32.dll
 0001:00039c82       VirtualProtect             000000018003ac82 f   kernel32:KERNEL32.dll
 0001:00039c88       lstrcpyW                   000000018003ac88 f   kernel32:KERNEL32.dll
 0001:00039c8e       MultiByteToWideChar        000000018003ac8e f   kernel32:KERNEL32.dll
 0001:00039c94       lstrcpynA                  000000018003ac94 f   kernel32:KERNEL32.dll
 0001:00039c9a       lstrlenA                   000000018003ac9a f   kernel32:KERNEL32.dll
 0001:00039ca0       WideCharToMultiByte        000000018003aca0 f   kernel32:KERNEL32.dll
 0001:00039ca6       lstrcpyA                   000000018003aca6 f   kernel32:KERNEL32.dll
 0001:00039cac       Module32NextW              000000018003acac f   kernel32:KERNEL32.dll
 0001:00039cb2       Module32FirstW             000000018003acb2 f   kernel32:KERNEL32.dll
 0001:00039cb8       CreateToolhelp32Snapshot   000000018003acb8 f   kernel32:KERNEL32.dll
 0001:00039cbe       lstrcatW                   000000018003acbe f   kernel32:KERNEL32.dll
 0001:00039cc4       GetConsoleCursorInfo       000000018003acc4 f   kernel32:KERNEL32.dll
 0001:00039cca       GetConsoleScreenBufferInfo 000000018003acca f   kernel32:KERNEL32.dll
 0001:00039cd0       GetStdHandle               000000018003acd0 f   kernel32:KERNEL32.dll
 0001:00039cd6       GetConsoleTitleW           000000018003acd6 f   kernel32:KERNEL32.dll
 0001:00039cdc       DeleteFileW                000000018003acdc f   kernel32:KERNEL32.dll
 0001:00039ce2       Thread32Next               000000018003ace2 f   kernel32:KERNEL32.dll
 0001:00039ce8       Thread32First              000000018003ace8 f   kernel32:KERNEL32.dll
 0001:00039cee       GetConsoleMode             000000018003acee f   kernel32:KERNEL32.dll
 0001:00039cf4       GetExitCodeProcess         000000018003acf4 f   kernel32:KERNEL32.dll
 0001:00039cfa       CreateProcessW             000000018003acfa f   kernel32:KERNEL32.dll
 0001:00039d00       SetConsoleMode             000000018003ad00 f   kernel32:KERNEL32.dll
 0001:00039d06       GetEnvironmentStringsW     000000018003ad06 f   kernel32:KERNEL32.dll
 0001:00039d0c       GetEnvironmentVariableW    000000018003ad0c f   kernel32:KERNEL32.dll
 0001:00039d12       WaitForMultipleObjects     000000018003ad12 f   kernel32:KERNEL32.dll
 0001:00039d18       CreateEventW               000000018003ad18 f   kernel32:KERNEL32.dll
 0001:00039d1e       SetConsoleTitleW           000000018003ad1e f   kernel32:KERNEL32.dll
 0001:00039d24       CreateSemaphoreW           000000018003ad24 f   kernel32:KERNEL32.dll
 0001:00039d2a       ResetEvent                 000000018003ad2a f   kernel32:KERNEL32.dll
 0001:00039d30       TerminateProcess           000000018003ad30 f   kernel32:KERNEL32.dll
 0001:00039d36       GetCurrentProcess          000000018003ad36 f   kernel32:KERNEL32.dll
 0001:00039d3c       SetEvent                   000000018003ad3c f   kernel32:KERNEL32.dll
 0001:00039d42       IsBadStringPtrW            000000018003ad42 f   kernel32:KERNEL32.dll
 0001:00039d48       ReleaseSemaphore           000000018003ad48 f   kernel32:KERNEL32.dll
 0001:00039d4e       WriteConsoleInputW         000000018003ad4e f   kernel32:KERNEL32.dll
[...]
 0003:00003118       ?gPanelRegRight@@3UPanelViewRegInfo@@A 0000000180059118     ConEmuPluginBase.obj
 0003:00003148       ?ghConEmuCtrlPressed@@3PEAXEA 0000000180059148     ConEmuPluginBase.obj
 0003:00003150       ?ghConEmuShiftPressed@@3PEAXEA 0000000180059150     ConEmuPluginBase.obj
 0003:00003158       ?gbWaitConsoleWrite@@3HA   0000000180059158     ConEmuPluginBase.obj
 0003:0000315c       ?gnSynchroCount@@3HA       000000018005915c     ConEmuPluginBase.obj
 0003:00003160       ?ghConsoleInputEmpty@@3PEAXEA 0000000180059160     ConEmuPluginBase.obj
 0003:00003168       ?ghConsoleWrite@@3PEAXEA   0000000180059168     ConEmuPluginBase.obj
 0003:00003170       ?gbSynchroProhibited@@3_NA 0000000180059170     ConEmuPluginBase.obj
 0003:00003171       ?gbInputSynchroPending@@3_NA 0000000180059171     ConEmuPluginBase.obj
 0003:00003188       ?AssertMsgBox@@3P6AHPEB_WI0PEAUHWND__@@_N@ZEA 0000000180059188     MAssert.obj
 0003:00003190       ?ghHeap@@3PEAXEA           0000000180059190     Memory.obj
 0003:00003198       ?gNullDesc@@3PEAVMNullDesc@@EA 0000000180059198     MSecurity.obj
 0003:000031a0       ?gbNeedBgActivate@@3HA     00000001800591a0     PluginBackground.obj
 0003:000031a4       ?gbBgPluginsAllowed@@3HA   00000001800591a4     PluginBackground.obj
 0003:000031a8       ?gpBgPlugin@@3PEAVCPluginBackground@@EA 00000001800591a8     PluginBackground.obj
 0003:000031b0       ?gszPluginServerPipe@@3PA_WA 00000001800591b0     PluginSrv.obj
 0003:000033b8       ?gpPlugServer@@3PEAU?$PipeServer@UCESERVER_REQ@@@@EA 00000001800593b8     PluginSrv.obj
 0003:000033c0       ?ghServerTerminateEvent@@3PEAXEA 00000001800593c0     PluginSrv.obj
 0003:000033c8       ?gbForcedServerTermination@@3_NA 00000001800593c8     PluginSrv.obj
 0003:000033d0       ?gpConsoleInfoStr@@3PEAU_CONSOLE_INFO@@EA 00000001800593d0     WConsole.obj
 0003:000033d8       ?ghConsoleSection@@3PEAXEA 00000001800593d8     WConsole.obj
 0003:000033e0       ?g_LastSetConsoleFont@@3UMY_CONSOLE_FONT_INFOEX@@A 00000001800593e0     WConsole.obj
 0003:00003478       ?gfVirtualAlloc@@3P6APEAXPEAX_KKK@ZEA 0000000180059478     WModuleCheck.obj
 0003:000034b8       ?gfnSearchAppPaths@@3P6A_NPEB_WAEAUCEStr@@_NPEAU1@@ZEA 00000001800594b8     WObjects.obj
 0003:0000b500       ?g_ThreadsIdx@@3JA         0000000180061500     WThreads.obj
 0003:0000b50c       __error_mode               000000018006150c     LIBCMT:dllcrt0.obj
 0003:0000b510       _aenvptr                   0000000180061510     LIBCMT:dllcrt0.obj
 0003:0000b518       _wenvptr                   0000000180061518     LIBCMT:dllcrt0.obj
 0003:0000b520       __app_type                 0000000180061520     LIBCMT:dllcrt0.obj
 0003:0000b850       __pPurecall                0000000180061850     LIBCMT:inithelp.obj
 0003:0000b858       _maxwait                   0000000180061858     LIBCMT:crtheap.obj
 0003:0000b860       _umaskval                  0000000180061860     LIBCMT:crt0dat.obj
 0003:0000b864       __argc                     0000000180061864     LIBCMT:crt0dat.obj
 0003:0000b868       __argv                     0000000180061868     LIBCMT:crt0dat.obj
 0003:0000b870       __wargv                    0000000180061870     LIBCMT:crt0dat.obj
 0003:0000b878       _environ                   0000000180061878     LIBCMT:crt0dat.obj
 0003:0000b880       __initenv                  0000000180061880     LIBCMT:crt0dat.obj
 0003:0000b888       _wenviron                  0000000180061888     LIBCMT:crt0dat.obj
 0003:0000b890       __winitenv                 0000000180061890     LIBCMT:crt0dat.obj
 0003:0000b898       _pgmptr                    0000000180061898     LIBCMT:crt0dat.obj
 0003:0000b8a0       _wpgmptr                   00000001800618a0     LIBCMT:crt0dat.obj
 0003:0000b8a8       _exitflag                  00000001800618a8     LIBCMT:crt0dat.obj
 0003:0000b8ac       _C_Termination_Done        00000001800618ac     LIBCMT:crt0dat.obj
 0003:0000b8b0       _C_Exit_Done               00000001800618b0     LIBCMT:crt0dat.obj
 0003:0000b9d0       _crtheap                   00000001800619d0     LIBCMT:heapinit.obj
 0003:0000ba00       __pInvalidArgHandler       0000000180061a00     LIBCMT:invarg.obj
 0003:0000bc60       __locale_changed           0000000180061c60     LIBCMT:setlocal.obj
 0003:0000bc68       __lc_handle                0000000180061c68     LIBCMT:nlsdata2.obj
 0003:0000bc80       __lc_codepage              0000000180061c80     LIBCMT:nlsdata2.obj
 0003:0000bc84       __lc_collate_cp            0000000180061c84     LIBCMT:nlsdata2.obj
 0003:0000bc90       __mbulinfo                 0000000180061c90     LIBCMT:mbctype.obj
 0003:0000bc9c       __mbcodepage               0000000180061c9c     LIBCMT:mbctype.obj
 0003:0000bca0       __ismbcodepage             0000000180061ca0     LIBCMT:mbctype.obj
 0003:0000bca4       __mblcid                   0000000180061ca4     LIBCMT:mbctype.obj
 0003:0000bcb0       ?__pInconsistency@@3P6AXXZEA 0000000180061cb0     LIBCMT:hooks.obj
 0003:0000bcc8       ?_pnhHeap@@3P6AH_K@ZEA     0000000180061cc8     LIBCMT:handler.obj
 0003:0000bcd0       __lconv_static_null        0000000180061cd0     LIBCMT:lconv.obj
 0003:0000c250       _newmode                   0000000180062250     LIBCMT:_newmode.obj
 0003:0000c320       _debugger_hook_dummy       0000000180062320     <common>
 0003:0000c324       __setlc_active             0000000180062324     <common>
 0003:0000c328       __unguarded_readlc_active  0000000180062328     <common>
 0003:0000c32c       _nhandle                   000000018006232c     <common>
 0003:0000c340       __pioinfo                  0000000180062340     <common>
 0003:0000c540       __env_initialized          0000000180062540     <common>
 0003:0000c548       __onexitend                0000000180062548     <common>
 0003:0000c550       __onexitbegin              0000000180062550     <common>
 0003:0000c558       __mbctype_initialized      0000000180062558     <common>
 0003:0000c560       _FPinit                    0000000180062560     <common>
 0003:0000c568       __dyn_tls_init_callback    0000000180062568     <common>
 0003:0000c570       _acmdln                    0000000180062570     <common>
 0003:0000c578       _pDestructExceptionObject  0000000180062578     <common>

 entry point at        0001:0003a5a0

 Static symbols

 0001:00000610       ?StringValidateDestW@@YAJPEB_W_K_K@Z 0000000180001610 f   CEStr.obj
 0001:00000650       ?StringCopyWorkerW@@YAJPEA_W_KPEA_KPEB_W1@Z 0000000180001650 f   CEStr.obj
 0001:00004f10       ?StringValidateDestW@@YAJPEB_W_K_K@Z 0000000180005f10 f   ConEmuCheck.obj
 0001:00004f50       ?StringCopyWorkerW@@YAJPEA_W_KPEA_KPEB_W1@Z 0000000180005f50 f   ConEmuCheck.obj
 0001:000071a0       ?StringValidateDestW@@YAJPEB_W_K_K@Z 00000001800081a0 f   ConEmuCheckEx.obj
 0001:000071e0       ?StringCopyWorkerW@@YAJPEA_W_KPEA_KPEB_W1@Z 00000001800081e0 f   ConEmuCheckEx.obj
 0001:000073f0       ?StringValidateDestAndLengthW@@YAJPEB_W_KPEA_K_K@Z 00000001800083f0 f   ConEmuCheckEx.obj
 0001:00007460       ?StringLengthWorkerW@@YAJPEB_W_KPEA_K@Z 0000000180008460 f   ConEmuCheckEx.obj
 0001:00007cc0       ?StringValidateDestW@@YAJPEB_W_K_K@Z 0000000180008cc0 f   ConEmuInjects.obj
 0001:00007d00       ?StringCopyWorkerW@@YAJPEA_W_KPEA_KPEB_W1@Z 0000000180008d00 f   ConEmuInjects.obj
 0001:00008aa0       ?ChangeExports@@YA_NPEBUExportFunc@@PEAUHINSTANCE__@@@Z 0000000180009aa0 f   ConEmuPlugin.obj
 0001:0000c850       ?GetFarSetting@@YAHPEAX_KPEB_W@Z 000000018000d850 f   ConEmuPlugin1900.obj
 0001:0000cbc0       ?CallGuiMacroProc@@YAXXZ   000000018000dbc0 f   ConEmuPlugin1900.obj
 0001:0000d010       ?CallGuiMacroDlg@@YA_JPEAXHH0@Z 000000018000e010 f   ConEmuPlugin1900.obj
 0001:0000d710       ?MAKEFARVERSION@@YA?AUVersionInfo@@KKKKW4VERSION_STAGE@@@Z 000000018000e710 f   ConEmuPlugin2800.obj
 0001:0000f330       ?WExists@@YA_JAEBUWindowInfo@@AEBV?$MArray@UWindowInfo@@@@@Z 0000000180010330 f   ConEmuPlugin2800.obj
 0001:0000f3d0       ?WLoadWindows@@YA_JAEAV?$MArray@UWindowInfo@@@@H@Z 00000001800103d0 f   ConEmuPlugin2800.obj
 0001:00010ab0       ?GetFarSetting@@YAHPEAX_KPEB_W@Z 0000000180011ab0 f   ConEmuPlugin2800.obj
 0001:00010e40       ?CallGuiMacroProc@@YAXXZ   0000000180011e40 f   ConEmuPlugin2800.obj
 0001:00011280       ?CallGuiMacroDlg@@YA_JPEAX_J10@Z 0000000180012280 f   ConEmuPlugin2800.obj
 0001:000118a0       ?FreeMacroResult@@YAXPEAXPEAUFarMacroValue@@_K@Z 00000001800128a0 f   ConEmuPlugin2800.obj
 0001:00014530       ?CallGuiMacroProc@@YAXXZ   0000000180015530 f   ConEmuPlugin995.obj
 0001:00014930       ?CallGuiMacroDlg@@YA_JPEAXHH_J@Z 0000000180015930 f   ConEmuPlugin995.obj
 0001:00016f30       ?CallGuiMacroProc@@YAXXZ   0000000180017f30 f   ConEmuPluginA.obj
 0001:00017350       ?CallGuiMacroDlg@@YA_JPEAXHH_J@Z 0000000180018350 f   ConEmuPluginA.obj
 0001:000182b0       ?LoadFarVersion@@YA_NAEAUFarVersion@@AEAY0CAA@_W@Z 00000001800192b0 f   ConEmuPluginBase.obj
 0001:00018350       ?SetDefaultFarVersion@@YAXAEAUFarVersion@@@Z 0000000180019350 f   ConEmuPluginBase.obj
 0001:000183b0       ?LoadFarVersion@@YA_NPEB_WAEAUFarVersion@@AEAY0CAA@_W@Z 00000001800193b0 f   ConEmuPluginBase.obj
 0001:00018420       ?LoadAppVersion@@YA_NPEB_WAEAUtagVS_FIXEDFILEINFO@@AEAY0CAA@_W@Z 0000000180019420 f   ConEmuPluginBase.obj
 0001:00018680       ?ConvertVersionToFarVersion@@YAXAEBUtagVS_FIXEDFILEINFO@@AEAUFarVersion@@@Z 0000000180019680 f   ConEmuPluginBase.obj
 0001:00023000       ?StringValidateDestW@@YAJPEB_W_K_K@Z 0000000180024000 f   ConEmuPluginBase.obj
 0001:00023040       ?StringValidateDestAndLengthW@@YAJPEB_W_KPEA_K_K@Z 0000000180024040 f   ConEmuPluginBase.obj
 0001:000230b0       ?StringLengthWorkerW@@YAJPEB_W_KPEA_K@Z 00000001800240b0 f   ConEmuPluginBase.obj
 0001:00023150       ?StringCopyWorkerW@@YAJPEA_W_KPEA_KPEB_W1@Z 0000000180024150 f   ConEmuPluginBase.obj
 0001:00025490       ?StringValidateDestW@@YAJPEB_W_K_K@Z 0000000180026490 f   Execute.obj
 0001:000254d0       ?StringCopyWorkerW@@YAJPEA_W_KPEA_KPEB_W1@Z 00000001800264d0 f   Execute.obj
 0001:00025910       ?StringValidateDestA@@YAJPEBD_K_K@Z 0000000180026910 f   Memory.obj
 0001:00025950       ?StringCopyWorkerA@@YAJPEAD_KPEA_KPEBD1@Z 0000000180026950 f   Memory.obj
 0001:00025ad0       ?StringValidateDestW@@YAJPEB_W_K_K@Z 0000000180026ad0 f   Memory.obj
 0001:00025b10       ?StringCopyWorkerW@@YAJPEA_W_KPEA_KPEB_W1@Z 0000000180026b10 f   Memory.obj
 0001:0002cc80       ?StringValidateDestW@@YAJPEB_W_K_K@Z 000000018002dc80 f   PluginBackground.obj
 0001:0002ccc0       ?StringCopyWorkerW@@YAJPEA_W_KPEA_KPEB_W1@Z 000000018002dcc0 f   PluginBackground.obj
 0001:000302e0       ?StringValidateDestW@@YAJPEB_W_K_K@Z 00000001800312e0 f   PluginSrv.obj
 0001:00030320       ?StringCopyWorkerW@@YAJPEA_W_KPEA_KPEB_W1@Z 0000000180031320 f   PluginSrv.obj
 0001:00035450       ?StringValidateDestW@@YAJPEB_W_K_K@Z 0000000180036450 f   WObjects.obj
 0001:00035490       ?StringCopyWorkerW@@YAJPEA_W_KPEA_KPEB_W1@Z 0000000180036490 f   WObjects.obj
 0001:00035b70       ?CheckRegKeyExist@@YA_NPEAURegKeyExistArg@@@Z 0000000180036b70 f   WObjects.obj
 0001:00037010       ?StringValidateDestAndLengthW@@YAJPEB_W_KPEA_K_K@Z 0000000180038010 f   WObjects.obj
 0001:00037080       ?StringLengthWorkerW@@YAJPEB_W_KPEA_K@Z 0000000180038080 f   WObjects.obj
 0001:00039550       ?StringValidateDestW@@YAJPEB_W_K_K@Z 000000018003a550 f   WUser.obj
 0001:00039590       ?StringCopyWorkerW@@YAJPEA_W_KPEA_KPEB_W1@Z 000000018003a590 f   WUser.obj
 0001:000399c0       ?strtoxl@@YAKPEB_WPEAPEA_WHH@Z 000000018003a9c0 f   libCRT64:strtol.obj
 0001:0003a488       __DllMainCRTStartup        000000018003b488 f   LIBCMT:dllcrt0.obj
 0001:0003b3ac       _initterm                  000000018003c3ac f   LIBCMT:crt0dat.obj
 0001:0003b55c       doexit                     000000018003c55c f   LIBCMT:crt0dat.obj
 0001:0003bc1c       parse_cmdline              000000018003cc1c f   LIBCMT:stdargv.obj
 0001:0003c180       xcptlookup                 000000018003d180 f   LIBCMT:winxfltr.obj
 0001:0003c480       ctrlevent_capture          000000018003d480 f   LIBCMT:winsig.obj
 0001:0003c518       siglookup                  000000018003d518 f   LIBCMT:winsig.obj
 0001:0003d684       _copytlocinfo_nolock       000000018003e684 f   LIBCMT:setlocal.obj
 0001:0003d6b8       _updatetlocinfoEx_nolock   000000018003e6b8 f   LIBCMT:setlocal.obj
 0001:0003d804       sync_legacy_variables_lk   000000018003e804 f   LIBCMT:setlocal.obj
 0001:0003dc20       _setlocale_get_all         000000018003ec20 f   LIBCMT:setlocal.obj
 0001:0003e048       _setlocale_set_cat         000000018003f048 f   LIBCMT:setlocal.obj
 0001:0003e350       _setlocale_nolock          000000018003f350 f   LIBCMT:setlocal.obj
 0001:0003e8ec       ?CPtoLCID@@YAHH@Z          000000018003f8ec f   LIBCMT:mbctype.obj
 0001:0003e920       ?setSBCS@@YAXPEAUthreadmbcinfostruct@@@Z 000000018003f920 f   LIBCMT:mbctype.obj
 0001:0003e9b4       ?setSBUpLow@@YAXPEAUthreadmbcinfostruct@@@Z 000000018003f9b4 f   LIBCMT:mbctype.obj
 0001:0003ed00       ?getSystemCP@@YAHH@Z       000000018003fd00 f   LIBCMT:mbctype.obj
 0001:0003fe44       ?__crtGetLocaleInfoW_stat@@YAHPEAUlocaleinfo_struct@@KKPEA_WHH@Z 0000000180040e44 f   LIBCMT:w_loc.obj
 0001:0003feec       ?__crtGetLocaleInfoA_stat@@YAHPEAUlocaleinfo_struct@@KKPEADHH@Z 0000000180040eec f   LIBCMT:a_loc.obj
 0001:00040670       _onexit_nolock             0000000180041670 f   LIBCMT:onexit.obj
 0001:00040b8c       ?x_ismbbtype_l@@YAHPEAUlocaleinfo_struct@@IHH@Z 0000000180041b8c f   LIBCMT:ismbbyte.obj
 0001:00040eac       _get_lc_time               0000000180041eac f   LIBCMT:inittime.obj
 0001:00041768       fix_grouping               0000000180042768 f   LIBCMT:initnum.obj
 0001:000419f8       fix_grouping               00000001800429f8 f   LIBCMT:initmon.obj
 0001:00042a48       ?_store_str@@YAXPEADPEAPEADPEA_K@Z 0000000180043a48 f   LIBCMT:strftime.obj
 0001:00042a6c       ?_store_number@@YAXHPEAPEADPEA_K@Z 0000000180043a6c f   LIBCMT:strftime.obj
 0001:00042ad0       ?_store_num@@YAXHHPEAPEADPEA_KI@Z 0000000180043ad0 f   LIBCMT:strftime.obj
 0001:00042bac       ?_expandtime@@YAHPEAUlocaleinfo_struct@@DPEBUtm@@PEAPEADPEA_KPEAU__lc_time_data@@I@Z 0000000180043bac f   LIBCMT:strftime.obj
 0001:00043208       ?_store_winword@@YAHPEAUlocaleinfo_struct@@HPEBUtm@@PEAPEADPEA_KPEAU__lc_time_data@@@Z 0000000180044208 f   LIBCMT:strftime.obj
 0001:00043b90       TranslateName              0000000180044b90 f   LIBCMT:getqloc.obj
 0001:00043c28       GetLcidFromDefault         0000000180044c28 f   LIBCMT:getqloc.obj
 0001:00043c4c       ProcessCodePage            0000000180044c4c f   LIBCMT:getqloc.obj
 0001:00043d14       TestDefaultCountry         0000000180044d14 f   LIBCMT:getqloc.obj
 0001:00043d3c       LcidFromHexString          0000000180044d3c f   LIBCMT:getqloc.obj
 0001:00043d78       GetPrimaryLen              0000000180044d78 f   LIBCMT:getqloc.obj
 0001:00043d94       CountryEnumProc            0000000180044d94 f   LIBCMT:getqloc.obj
 0001:00043e7c       TestDefaultLanguage        0000000180044e7c f   LIBCMT:getqloc.obj
 0001:00043f30       LangCountryEnumProc        0000000180044f30 f   LIBCMT:getqloc.obj
 0001:000441c4       LanguageEnumProc           00000001800451c4 f   LIBCMT:getqloc.obj
 0001:000442d4       GetLcidFromCountry         00000001800452d4 f   LIBCMT:getqloc.obj
 0001:00044314       GetLcidFromLangCountry     0000000180045314 f   LIBCMT:getqloc.obj
 0001:000443a8       GetLcidFromLanguage        00000001800453a8 f   LIBCMT:getqloc.obj
 0001:0004467c       ?__crtGetStringTypeA_stat@@YAHPEAUlocaleinfo_struct@@KPEBDHPEAGHHH@Z 000000018004567c f   LIBCMT:a_str.obj
 0001:00044a48       ?strncnt@@YAHPEBDH@Z       0000000180045a48 f   LIBCMT:a_map.obj
 0001:00044a64       ?__crtLCMapStringA_stat@@YAHPEAUlocaleinfo_struct@@KKPEBDHPEADHHH@Z 0000000180045a64 f   LIBCMT:a_map.obj
 0001:00045504       _tzset_nolock              0000000180046504 f   LIBCMT:tzset.obj
 0001:000459a4       cvtdate                    00000001800469a4 f   LIBCMT:tzset.obj
 0001:00045c5c       _isindst_nolock            0000000180046c5c f   LIBCMT:tzset.obj
 0001:00046584       xtoa_s                     0000000180047584 f   LIBCMT:xtoas.obj
 0001:000466e8       x64toa_s                   00000001800476e8 f   LIBCMT:xtoas.obj
 0001:00046ba8       _getenv_s_helper           0000000180047ba8 f   LIBCMT:getenv.obj
 0001:00046c7c       _dupenv_s_helper           0000000180047c7c f   LIBCMT:getenv.obj
 0001:00047358       ?strtoxl@@YAKPEAUlocaleinfo_struct@@PEBDPEAPEBDHH@Z 0000000180048358 f   LIBCMT:strtol.obj
 0001:0004768c       ?strtoxq@@YA_KPEAUlocaleinfo_struct@@PEBDPEAPEBDHH@Z 000000018004868c f   LIBCMT:strtoq.obj
 0001:00047c20       ?__crtGetStringTypeW_stat@@YAHPEAUlocaleinfo_struct@@KPEB_WHPEAGHH@Z 0000000180048c20 f   LIBCMT:w_str.obj
 0001:00047cb4       ?strncnt@@YAHPEBDH@Z       0000000180048cb4 f   LIBCMT:a_cmp.obj
 0001:00047cd0       ?__crtCompareStringA_stat@@YAHPEAUlocaleinfo_struct@@KKPEBDH1HH@Z 0000000180048cd0 f   LIBCMT:a_cmp.obj
 0001:00048374       findenv                    0000000180049374 f   LIBCMT:setenv.obj
 0001:000483f8       copy_environ               00000001800493f8 f   LIBCMT:setenv.obj
 0001:00048b20       ?filt$0@?0??SetThreadName@@YAXKPEAD@Z@4HA 0000000180049b20 f   WThreads.obj
 0001:00048b34       __DllMainCRTStartup$filt$0 0000000180049b34 f   LIBCMT:dllcrt0.obj
 0001:00048b50       _initptd$fin$1             0000000180049b50 f   LIBCMT:tidtable.obj
 0001:00048b70       _initptd$fin$0             0000000180049b70 f   LIBCMT:tidtable.obj
 0001:00048b89       _freefls$fin$1             0000000180049b89 f   LIBCMT:tidtable.obj
 0001:00048ba9       _freefls$fin$0             0000000180049ba9 f   LIBCMT:tidtable.obj
 0001:00048bd0       _IsNonwritableInCurrentImage$filt$0 0000000180049bd0 f   LIBCMT:pesect.obj
 0001:00048bf1       doexit$fin$0               0000000180049bf1 f   LIBCMT:crt0dat.obj
 0001:00048c13       ctrlevent_capture$fin$0    0000000180049c13 f   LIBCMT:winsig.obj
 0001:00048c29       signal$fin$0               0000000180049c29 f   LIBCMT:winsig.obj
 0001:00048c3f       raise$fin$0                0000000180049c3f f   LIBCMT:winsig.obj
 0001:00048c5b       _mtinitlocknum$fin$0       0000000180049c5b f   LIBCMT:mlock.obj
 0001:00048c77       __updatetlocinfo$fin$0     0000000180049c77 f   LIBCMT:setlocal.obj
 0001:00048c90       _free_locale$fin$1         0000000180049c90 f   LIBCMT:setlocal.obj
 0001:00048cb0       _free_locale$fin$0         0000000180049cb0 f   LIBCMT:setlocal.obj
 0001:00048cc9       _get_current_locale$fin$1  0000000180049cc9 f   LIBCMT:setlocal.obj
 0001:00048ce9       _get_current_locale$fin$0  0000000180049ce9 f   LIBCMT:setlocal.obj
 0001:00048d02       setlocale$fin$1            0000000180049d02 f   LIBCMT:setlocal.obj
 0001:00048d22       setlocale$fin$0            0000000180049d22 f   LIBCMT:setlocal.obj
 0001:00048d42       setlocale$fin$2            0000000180049d42 f   LIBCMT:setlocal.obj
 0001:00048d5c       __updatetmbcinfo$fin$0     0000000180049d5c f   LIBCMT:mbctype.obj
 0001:00048d75       _setmbcp$fin$0             0000000180049d75 f   LIBCMT:mbctype.obj
 0001:00048d8e       _onexit$fin$0              0000000180049d8e f   LIBCMT:onexit.obj
 0001:00048da2       __crtInitCritSecAndSpinCount$filt$0 0000000180049da2 f   LIBCMT:initcrit.obj
 0001:00048dc4       _tzset_nolock$fin$0        0000000180049dc4 f   LIBCMT:tzset.obj
 0001:00048ddd       __tzset$fin$0              0000000180049ddd f   LIBCMT:tzset.obj
 0001:00048df6       _tzset$fin$0               0000000180049df6 f   LIBCMT:tzset.obj
 0001:00048e0f       _isindst$fin$0             0000000180049e0f f   LIBCMT:tzset.obj
 0001:00048e28       getenv$fin$0               0000000180049e28 f   LIBCMT:getenv.obj
 0001:00048e41       getenv_s$fin$0             0000000180049e41 f   LIBCMT:getenv.obj
 0001:00048e5a       _dupenv_s$fin$0            0000000180049e5a f   LIBCMT:getenv.obj
